Archive member included to satisfy reference by file (symbol)

c:/st/stm32cubeide_1.9.0/stm32cubeide/plugins/com.st.stm32cube.ide.mcu.externaltools.gnu-tools-for-stm32.10.3-2021.10.win32_1.0.0.202111181127/tools/bin/../lib/gcc/arm-none-eabi/10.3.1/../../../../arm-none-eabi/lib/thumb/v7e-m+fp/hard\libc_nano.a(lib_a-atoi.o)
                              ./Core/mcp794xx_driver/mcp794xx_driver.o (atoi)
c:/st/stm32cubeide_1.9.0/stm32cubeide/plugins/com.st.stm32cube.ide.mcu.externaltools.gnu-tools-for-stm32.10.3-2021.10.win32_1.0.0.202111181127/tools/bin/../lib/gcc/arm-none-eabi/10.3.1/../../../../arm-none-eabi/lib/thumb/v7e-m+fp/hard\libc_nano.a(lib_a-calloc.o)
                              ./Core/Src/main.o (calloc)
c:/st/stm32cubeide_1.9.0/stm32cubeide/plugins/com.st.stm32cube.ide.mcu.externaltools.gnu-tools-for-stm32.10.3-2021.10.win32_1.0.0.202111181127/tools/bin/../lib/gcc/arm-none-eabi/10.3.1/../../../../arm-none-eabi/lib/thumb/v7e-m+fp/hard\libc_nano.a(lib_a-errno.o)
                              ./Core/Src/syscalls.o (__errno)
c:/st/stm32cubeide_1.9.0/stm32cubeide/plugins/com.st.stm32cube.ide.mcu.externaltools.gnu-tools-for-stm32.10.3-2021.10.win32_1.0.0.202111181127/tools/bin/../lib/gcc/arm-none-eabi/10.3.1/../../../../arm-none-eabi/lib/thumb/v7e-m+fp/hard\libc_nano.a(lib_a-exit.o)
                              c:/st/stm32cubeide_1.9.0/stm32cubeide/plugins/com.st.stm32cube.ide.mcu.externaltools.gnu-tools-for-stm32.10.3-2021.10.win32_1.0.0.202111181127/tools/bin/../lib/gcc/arm-none-eabi/10.3.1/../../../../arm-none-eabi/lib/thumb/v7e-m+fp/hard/crt0.o (exit)
c:/st/stm32cubeide_1.9.0/stm32cubeide/plugins/com.st.stm32cube.ide.mcu.externaltools.gnu-tools-for-stm32.10.3-2021.10.win32_1.0.0.202111181127/tools/bin/../lib/gcc/arm-none-eabi/10.3.1/../../../../arm-none-eabi/lib/thumb/v7e-m+fp/hard\libc_nano.a(lib_a-impure.o)
                              c:/st/stm32cubeide_1.9.0/stm32cubeide/plugins/com.st.stm32cube.ide.mcu.externaltools.gnu-tools-for-stm32.10.3-2021.10.win32_1.0.0.202111181127/tools/bin/../lib/gcc/arm-none-eabi/10.3.1/../../../../arm-none-eabi/lib/thumb/v7e-m+fp/hard\libc_nano.a(lib_a-exit.o) (_global_impure_ptr)
c:/st/stm32cubeide_1.9.0/stm32cubeide/plugins/com.st.stm32cube.ide.mcu.externaltools.gnu-tools-for-stm32.10.3-2021.10.win32_1.0.0.202111181127/tools/bin/../lib/gcc/arm-none-eabi/10.3.1/../../../../arm-none-eabi/lib/thumb/v7e-m+fp/hard\libc_nano.a(lib_a-init.o)
                              c:/st/stm32cubeide_1.9.0/stm32cubeide/plugins/com.st.stm32cube.ide.mcu.externaltools.gnu-tools-for-stm32.10.3-2021.10.win32_1.0.0.202111181127/tools/bin/../lib/gcc/arm-none-eabi/10.3.1/../../../../arm-none-eabi/lib/thumb/v7e-m+fp/hard/crt0.o (__libc_init_array)
c:/st/stm32cubeide_1.9.0/stm32cubeide/plugins/com.st.stm32cube.ide.mcu.externaltools.gnu-tools-for-stm32.10.3-2021.10.win32_1.0.0.202111181127/tools/bin/../lib/gcc/arm-none-eabi/10.3.1/../../../../arm-none-eabi/lib/thumb/v7e-m+fp/hard\libc_nano.a(lib_a-malloc.o)
                              ./Core/Src/main.o (free)
c:/st/stm32cubeide_1.9.0/stm32cubeide/plugins/com.st.stm32cube.ide.mcu.externaltools.gnu-tools-for-stm32.10.3-2021.10.win32_1.0.0.202111181127/tools/bin/../lib/gcc/arm-none-eabi/10.3.1/../../../../arm-none-eabi/lib/thumb/v7e-m+fp/hard\libc_nano.a(lib_a-memcpy-stub.o)
                              ./Core/mcp794xx_driver/mcp794xx_driver.o (memcpy)
c:/st/stm32cubeide_1.9.0/stm32cubeide/plugins/com.st.stm32cube.ide.mcu.externaltools.gnu-tools-for-stm32.10.3-2021.10.win32_1.0.0.202111181127/tools/bin/../lib/gcc/arm-none-eabi/10.3.1/../../../../arm-none-eabi/lib/thumb/v7e-m+fp/hard\libc_nano.a(lib_a-memset.o)
                              c:/st/stm32cubeide_1.9.0/stm32cubeide/plugins/com.st.stm32cube.ide.mcu.externaltools.gnu-tools-for-stm32.10.3-2021.10.win32_1.0.0.202111181127/tools/bin/../lib/gcc/arm-none-eabi/10.3.1/../../../../arm-none-eabi/lib/thumb/v7e-m+fp/hard/crt0.o (memset)
c:/st/stm32cubeide_1.9.0/stm32cubeide/plugins/com.st.stm32cube.ide.mcu.externaltools.gnu-tools-for-stm32.10.3-2021.10.win32_1.0.0.202111181127/tools/bin/../lib/gcc/arm-none-eabi/10.3.1/../../../../arm-none-eabi/lib/thumb/v7e-m+fp/hard\libc_nano.a(lib_a-nano-callocr.o)
                              c:/st/stm32cubeide_1.9.0/stm32cubeide/plugins/com.st.stm32cube.ide.mcu.externaltools.gnu-tools-for-stm32.10.3-2021.10.win32_1.0.0.202111181127/tools/bin/../lib/gcc/arm-none-eabi/10.3.1/../../../../arm-none-eabi/lib/thumb/v7e-m+fp/hard\libc_nano.a(lib_a-calloc.o) (_calloc_r)
c:/st/stm32cubeide_1.9.0/stm32cubeide/plugins/com.st.stm32cube.ide.mcu.externaltools.gnu-tools-for-stm32.10.3-2021.10.win32_1.0.0.202111181127/tools/bin/../lib/gcc/arm-none-eabi/10.3.1/../../../../arm-none-eabi/lib/thumb/v7e-m+fp/hard\libc_nano.a(lib_a-nano-freer.o)
[...]
Memory Configuration

Name             Origin             Length             Attributes
RAM              0x0000000020000000 0x0000000000010000 xrw
RAM2             0x0000000010000000 0x0000000000004000 xrw
FLASH            0x0000000008000000 0x0000000000040000 xr
*default*        0x0000000000000000 0xffffffffffffffff

Linker script and memory map

LOAD c:/st/stm32cubeide_1.9.0/stm32cubeide/plugins/com.st.stm32cube.ide.mcu.externaltools.gnu-tools-for-stm32.10.3-2021.10.win32_1.0.0.202111181127/tools/bin/../lib/gcc/arm-none-eabi/10.3.1/thumb/v7e-m+fp/hard/crti.o
LOAD c:/st/stm32cubeide_1.9.0/stm32cubeide/plugins/com.st.stm32cube.ide.mcu.externaltools.gnu-tools-for-stm32.10.3-2021.10.win32_1.0.0.202111181127/tools/bin/../lib/gcc/arm-none-eabi/10.3.1/thumb/v7e-m+fp/hard/crtbegin.o
LOAD c:/st/stm32cubeide_1.9.0/stm32cubeide/plugins/com.st.stm32cube.ide.mcu.externaltools.gnu-tools-for-stm32.10.3-2021.10.win32_1.0.0.202111181127/tools/bin/../lib/gcc/arm-none-eabi/10.3.1/../../../../arm-none-eabi/lib/thumb/v7e-m+fp/hard/crt0.o
LOAD ./Core/Src/main.o
LOAD ./Core/Src/stm32l4xx_hal_msp.o
LOAD ./Core/Src/stm32l4xx_it.o
LOAD ./Core/Src/syscalls.o
LOAD ./Core/Src/sysmem.o
LOAD ./Core/Src/system_stm32l4xx.o
LOAD ./Core/Startup/startup_stm32l432kcux.o
LOAD ./Core/mcp794xx_driver/mcp794xx_driver.o
LOAD ./Core/mcp794xx_driver/mcp794xx_driver_basic.o
LOAD ./Core/mcp794xx_driver/mcp794xx_driver_interface.o
LOAD ./Drivers/STM32L4xx_HAL_Driver/Src/stm32l4xx_hal.o
LOAD ./Drivers/STM32L4xx_HAL_Driver/Src/stm32l4xx_hal_cortex.o
LOAD ./Drivers/STM32L4xx_HAL_Driver/Src/stm32l4xx_hal_dma.o
LOAD ./Drivers/STM32L4xx_HAL_Driver/Src/stm32l4xx_hal_dma_ex.o
LOAD ./Drivers/STM32L4xx_HAL_Driver/Src/stm32l4xx_hal_exti.o
LOAD ./Drivers/STM32L4xx_HAL_Driver/Src/stm32l4xx_hal_flash.o
LOAD ./Drivers/STM32L4xx_HAL_Driver/Src/stm32l4xx_hal_flash_ex.o
LOAD ./Drivers/STM32L4xx_HAL_Driver/Src/stm32l4xx_hal_flash_ramfunc.o
LOAD ./Drivers/STM32L4xx_HAL_Driver/Src/stm32l4xx_hal_gpio.o
LOAD ./Drivers/STM32L4xx_HAL_Driver/Src/stm32l4xx_hal_i2c.o
LOAD ./Drivers/STM32L4xx_HAL_Driver/Src/stm32l4xx_hal_i2c_ex.o
LOAD ./Drivers/STM32L4xx_HAL_Driver/Src/stm32l4xx_hal_pwr.o
LOAD ./Drivers/STM32L4xx_HAL_Driver/Src/stm32l4xx_hal_pwr_ex.o
LOAD ./Drivers/STM32L4xx_HAL_Driver/Src/stm32l4xx_hal_rcc.o
LOAD ./Drivers/STM32L4xx_HAL_Driver/Src/stm32l4xx_hal_rcc_ex.o
LOAD ./Drivers/STM32L4xx_HAL_Driver/Src/stm32l4xx_hal_tim.o
LOAD ./Drivers/STM32L4xx_HAL_Driver/Src/stm32l4xx_hal_tim_ex.o
LOAD ./Drivers/STM32L4xx_HAL_Driver/Src/stm32l4xx_hal_uart.o
LOAD ./Drivers/STM32L4xx_HAL_Driver/Src/stm32l4xx_hal_uart_ex.o
START GROUP
LOAD c:/st/stm32cubeide_1.9.0/stm32cubeide/plugins/com.st.stm32cube.ide.mcu.externaltools.gnu-tools-for-stm32.10.3-2021.10.win32_1.0.0.202111181127/tools/bin/../lib/gcc/arm-none-eabi/10.3.1/../../../../arm-none-eabi/lib/thumb/v7e-m+fp/hard\libc_nano.a
LOAD c:/st/stm32cubeide_1.9.0/stm32cubeide/plugins/com.st.stm32cube.ide.mcu.externaltools.gnu-tools-for-stm32.10.3-2021.10.win32_1.0.0.202111181127/tools/bin/../lib/gcc/arm-none-eabi/10.3.1/../../../../arm-none-eabi/lib/thumb/v7e-m+fp/hard\libm.a
END GROUP
START GROUP
LOAD c:/st/stm32cubeide_1.9.0/stm32cubeide/plugins/com.st.stm32cube.ide.mcu.externaltools.gnu-tools-for-stm32.10.3-2021.10.win32_1.0.0.202111181127/tools/bin/../lib/gcc/arm-none-eabi/10.3.1/thumb/v7e-m+fp/hard\libgcc.a
LOAD c:/st/stm32cubeide_1.9.0/stm32cubeide/plugins/com.st.stm32cube.ide.mcu.externaltools.gnu-tools-for-stm32.10.3-2021.10.win32_1.0.0.202111181127/tools/bin/../lib/gcc/arm-none-eabi/10.3.1/../../../../arm-none-eabi/lib/thumb/v7e-m+fp/hard\libc_nano.a
END GROUP
START GROUP
LOAD c:/st/stm32cubeide_1.9.0/stm32cubeide/plugins/com.st.stm32cube.ide.mcu.externaltools.gnu-tools-for-stm32.10.3-2021.10.win32_1.0.0.202111181127/tools/bin/../lib/gcc/arm-none-eabi/10.3.1/thumb/v7e-m+fp/hard\libgcc.a
LOAD c:/st/stm32cubeide_1.9.0/stm32cubeide/plugins/com.st.stm32cube.ide.mcu.externaltools.gnu-tools-for-stm32.10.3-2021.10.win32_1.0.0.202111181127/tools/bin/../lib/gcc/arm-none-eabi/10.3.1/../../../../arm-none-eabi/lib/thumb/v7e-m+fp/hard\libc_nano.a
LOAD c:/st/stm32cubeide_1.9.0/stm32cubeide/plugins/com.st.stm32cube.ide.mcu.externaltools.gnu-tools-for-stm32.10.3-2021.10.win32_1.0.0.202111181127/tools/bin/../lib/gcc/arm-none-eabi/10.3.1/../../../../arm-none-eabi/lib/thumb/v7e-m+fp/hard\libnosys.a
END GROUP
START GROUP
LOAD c:/st/stm32cubeide_1.9.0/stm32cubeide/plugins/com.st.stm32cube.ide.mcu.externaltools.gnu-tools-for-stm32.10.3-2021.10.win32_1.0.0.202111181127/tools/bin/../lib/gcc/arm-none-eabi/10.3.1/thumb/v7e-m+fp/hard\libgcc.a
LOAD c:/st/stm32cubeide_1.9.0/stm32cubeide/plugins/com.st.stm32cube.ide.mcu.externaltools.gnu-tools-for-stm32.10.3-2021.10.win32_1.0.0.202111181127/tools/bin/../lib/gcc/arm-none-eabi/10.3.1/../../../../arm-none-eabi/lib/thumb/v7e-m+fp/hard\libc_nano.a
LOAD c:/st/stm32cubeide_1.9.0/stm32cubeide/plugins/com.st.stm32cube.ide.mcu.externaltools.gnu-tools-for-stm32.10.3-2021.10.win32_1.0.0.202111181127/tools/bin/../lib/gcc/arm-none-eabi/10.3.1/../../../../arm-none-eabi/lib/thumb/v7e-m+fp/hard\libnosys.a
END GROUP
LOAD c:/st/stm32cubeide_1.9.0/stm32cubeide/plugins/com.st.stm32cube.ide.mcu.externaltools.gnu-tools-for-stm32.10.3-2021.10.win32_1.0.0.202111181127/tools/bin/../lib/gcc/arm-none-eabi/10.3.1/thumb/v7e-m+fp/hard/crtend.o
LOAD c:/st/stm32cubeide_1.9.0/stm32cubeide/plugins/com.st.stm32cube.ide.mcu.externaltools.gnu-tools-for-stm32.10.3-2021.10.win32_1.0.0.202111181127/tools/bin/../lib/gcc/arm-none-eabi/10.3.1/thumb/v7e-m+fp/hard/crtn.o
                0x0000000020010000                _estack = (ORIGIN (RAM) + LENGTH (RAM))
                0x0000000000000200                _Min_Heap_Size = 0x200
                0x0000000000000400                _Min_Stack_Size = 0x400

.isr_vector     0x0000000008000000      0x18c
                0x0000000008000000                . = ALIGN (0x4)
 *(.isr_vector)
 .isr_vector    0x0000000008000000      0x18c ./Core/Startup/startup_stm32l432kcux.o
                0x0000000008000000                g_pfnVectors
                0x000000000800018c                . = ALIGN (0x4)

.text           0x0000000008000190     0x8470
                0x0000000008000190                . = ALIGN (0x4)
 *(.text)
 .text          0x0000000008000190       0x40 c:/st/stm32cubeide_1.9.0/stm32cubeide/plugins/com.st.stm32cube.ide.mcu.externaltools.gnu-tools-for-stm32.10.3-2021.10.win32_1.0.0.202111181127/tools/bin/../lib/gcc/arm-none-eabi/10.3.1/thumb/v7e-m+fp/hard/crtbegin.o
 .text          0x00000000080001d0       0x10 c:/st/stm32cubeide_1.9.0/stm32cubeide/plugins/com.st.stm32cube.ide.mcu.externaltools.gnu-tools-for-stm32.10.3-2021.10.win32_1.0.0.202111181127/tools/bin/../lib/gcc/arm-none-eabi/10.3.1/../../../../arm-none-eabi/lib/thumb/v7e-m+fp/hard\libc_nano.a(lib_a-strlen.o)
                0x00000000080001d0                strlen
 .text          0x00000000080001e0       0xa0 c:/st/stm32cubeide_1.9.0/stm32cubeide/plugins/com.st.stm32cube.ide.mcu.externaltools.gnu-tools-for-stm32.10.3-2021.10.win32_1.0.0.202111181127/tools/bin/../lib/gcc/arm-none-eabi/10.3.1/../../../../arm-none-eabi/lib/thumb/v7e-m+fp/hard\libc_nano.a(lib_a-memchr.o)
                0x00000000080001e0                memchr
 .text          0x0000000008000280      0x378 c:/st/stm32cubeide_1.9.0/stm32cubeide/plugins/com.st.stm32cube.ide.mcu.externaltools.gnu-tools-for-stm32.10.3-2021.10.win32_1.0.0.202111181127/tools/bin/../lib/gcc/arm-none-eabi/10.3.1/thumb/v7e-m+fp/hard\libgcc.a(_arm_addsubdf3.o)
                0x0000000008000280                __aeabi_drsub
                0x0000000008000288                __aeabi_dsub
                0x0000000008000288                __subdf3
                0x000000000800028c                __aeabi_dadd
                0x000000000800028c                __adddf3
                0x0000000008000504                __floatunsidf
                0x0000000008000504                __aeabi_ui2d
                0x0000000008000524                __floatsidf
                0x0000000008000524                __aeabi_i2d
                0x0000000008000548                __aeabi_f2d
                0x0000000008000548                __extendsfdf2
                0x000000000800058c                __floatundidf
                0x000000000800058c                __aeabi_ul2d
                0x000000000800059c                __floatdidf
                0x000000000800059c                __aeabi_l2d
 .text          0x00000000080005f8      0x424 c:/st/stm32cubeide_1.9.0/stm32cubeide/plugins/com.st.stm32cube.ide.mcu.externaltools.gnu-tools-for-stm32.10.3-2021.10.win32_1.0.0.202111181127/tools/bin/../lib/gcc/arm-none-eabi/10.3.1/thumb/v7e-m+fp/hard\libgcc.a(_arm_muldivdf3.o)
                0x00000000080005f8                __aeabi_dmul
                0x00000000080005f8                __muldf3
                0x000000000800084c                __divdf3
                0x000000000800084c                __aeabi_ddiv
 .text          0x0000000008000a1c      0x110 c:/st/stm32cubeide_1.9.0/stm32cubeide/plugins/com.st.stm32cube.ide.mcu.externaltools.gnu-tools-for-stm32.10.3-2021.10.win32_1.0.0.202111181127/tools/bin/../lib/gcc/arm-none-eabi/10.3.1/thumb/v7e-m+fp/hard\libgcc.a(_arm_cmpdf2.o)
                0x0000000008000a1c                __gtdf2
                0x0000000008000a1c                __gedf2
                0x0000000008000a24                __ltdf2
                0x0000000008000a24                __ledf2
                0x0000000008000a2c                __nedf2
                0x0000000008000a2c                __eqdf2
                0x0000000008000a2c                __cmpdf2
                0x0000000008000aa8                __aeabi_cdrcmple
                0x0000000008000ab8                __aeabi_cdcmpeq
                0x0000000008000ab8                __aeabi_cdcmple
                0x0000000008000ac8                __aeabi_dcmpeq
                0x0000000008000adc                __aeabi_dcmplt
                0x0000000008000af0                __aeabi_dcmple
                0x0000000008000b04                __aeabi_dcmpge
                0x0000000008000b18                __aeabi_dcmpgt
 .text          0x0000000008000b2c       0x2c c:/st/stm32cubeide_1.9.0/stm32cubeide/plugins/com.st.stm32cube.ide.mcu.externaltools.gnu-tools-for-stm32.10.3-2021.10.win32_1.0.0.202111181127/tools/bin/../lib/gcc/arm-none-eabi/10.3.1/thumb/v7e-m+fp/hard\libgcc.a(_arm_unorddf2.o)
                0x0000000008000b2c                __unorddf2
                0x0000000008000b2c                __aeabi_dcmpun
 .text          0x0000000008000b58       0x50 c:/st/stm32cubeide_1.9.0/stm32cubeide/plugins/com.st.stm32cube.ide.mcu.externaltools.gnu-tools-for-stm32.10.3-2021.10.win32_1.0.0.202111181127/tools/bin/../lib/gcc/arm-none-eabi/10.3.1/thumb/v7e-m+fp/hard\libgcc.a(_arm_fixdfsi.o)
                0x0000000008000b58                __aeabi_d2iz
                0x0000000008000b58                __fixdfsi
 .text          0x0000000008000ba8       0x30 c:/st/stm32cubeide_1.9.0/stm32cubeide/plugins/com.st.stm32cube.ide.mcu.externaltools.gnu-tools-for-stm32.10.3-2021.10.win32_1.0.0.202111181127/tools/bin/../lib/gcc/arm-none-eabi/10.3.1/thumb/v7e-m+fp/hard\libgcc.a(_aeabi_uldivmod.o)
                0x0000000008000ba8                __aeabi_uldivmod
 .text          0x0000000008000bd8      0x2d0 c:/st/stm32cubeide_1.9.0/stm32cubeide/plugins/com.st.stm32cube.ide.mcu.externaltools.gnu-tools-for-stm32.10.3-2021.10.win32_1.0.0.202111181127/tools/bin/../lib/gcc/arm-none-eabi/10.3.1/thumb/v7e-m+fp/hard\libgcc.a(_udivmoddi4.o)
                0x0000000008000bd8                __udivmoddi4
 .text          0x0000000008000ea8        0x4 c:/st/stm32cubeide_1.9.0/stm32cubeide/plugins/com.st.stm32cube.ide.mcu.externaltools.gnu-tools-for-stm32.10.3-2021.10.win32_1.0.0.202111181127/tools/bin/../lib/gcc/arm-none-eabi/10.3.1/thumb/v7e-m+fp/hard\libgcc.a(_dvmd_tls.o)
                0x0000000008000ea8                __aeabi_idiv0
                0x0000000008000ea8                __aeabi_ldiv0
 *(.text*)
 .text.SystemClock_Config
                0x0000000008000eac       0x74 ./Core/Src/main.o
                0x0000000008000eac                SystemClock_Config
 .text.startup.main
                0x0000000008000f20      0x61c ./Core/Src/main.o
                0x0000000008000f20                main
 .text.serial_print
                0x000000000800153c       0x14 ./Core/Src/main.o
                0x000000000800153c                serial_print
 .text.i2c_write
                0x0000000008001550       0x20 ./Core/Src/main.o
                0x0000000008001550                i2c_write
 .text.i2c_read
                0x0000000008001570       0x20 ./Core/Src/main.o
                0x0000000008001570                i2c_read
 .text.Error_Handler
                0x0000000008001590        0x4 ./Core/Src/main.o
                0x0000000008001590                Error_Handler
 .text.HAL_MspInit
                0x0000000008001594       0x30 ./Core/Src/stm32l4xx_hal_msp.o
                0x0000000008001594                HAL_MspInit
 .text.HAL_I2C_MspInit
                0x00000000080015c4       0x84 ./Core/Src/stm32l4xx_hal_msp.o
                0x00000000080015c4                HAL_I2C_MspInit
 .text.HAL_UART_MspInit
                0x0000000008001648       0x84 ./Core/Src/stm32l4xx_hal_msp.o
                0x0000000008001648                HAL_UART_MspInit
 .text.NMI_Handler
                0x00000000080016cc        0x2 ./Core/Src/stm32l4xx_it.o
                0x00000000080016cc                NMI_Handler
 .text.HardFault_Handler
                0x00000000080016ce        0x2 ./Core/Src/stm32l4xx_it.o
                0x00000000080016ce                HardFault_Handler
 .text.MemManage_Handler
                0x00000000080016d0        0x2 ./Core/Src/stm32l4xx_it.o
                0x00000000080016d0                MemManage_Handler
 .text.BusFault_Handler
                0x00000000080016d2        0x2 ./Core/Src/stm32l4xx_it.o
                0x00000000080016d2                BusFault_Handler
 .text.UsageFault_Handler
                0x00000000080016d4        0x2 ./Core/Src/stm32l4xx_it.o
                0x00000000080016d4                UsageFault_Handler
 .text.SVC_Handler
                0x00000000080016d6        0x2 ./Core/Src/stm32l4xx_it.o
                0x00000000080016d6                SVC_Handler
 .text.DebugMon_Handler
                0x00000000080016d8        0x2 ./Core/Src/stm32l4xx_it.o
                0x00000000080016d8                DebugMon_Handler
 .text.PendSV_Handler
                0x00000000080016da        0x2 ./Core/Src/stm32l4xx_it.o
                0x00000000080016da                PendSV_Handler
 .text.SysTick_Handler
                0x00000000080016dc        0x4 ./Core/Src/stm32l4xx_it.o
                0x00000000080016dc                SysTick_Handler
 .text._getpid  0x00000000080016e0        0x4 ./Core/Src/syscalls.o
                0x00000000080016e0                _getpid
 .text._kill    0x00000000080016e4       0x10 ./Core/Src/syscalls.o
                0x00000000080016e4                _kill
 .text._exit    0x00000000080016f4        0xc ./Core/Src/syscalls.o
                0x00000000080016f4                _exit
 .text._read    0x0000000008001700       0x1c ./Core/Src/syscalls.o
                0x0000000008001700                _read
 .text._write   0x000000000800171c       0x1c ./Core/Src/syscalls.o
                0x000000000800171c                _write
 .text._close   0x0000000008001738        0x6 ./Core/Src/syscalls.o
                0x0000000008001738                _close
 .text._fstat   0x000000000800173e        0xa ./Core/Src/syscalls.o
                0x000000000800173e                _fstat
 .text._isatty  0x0000000008001748        0x4 ./Core/Src/syscalls.o
                0x0000000008001748                _isatty
 .text._lseek   0x000000000800174c        0x4 ./Core/Src/syscalls.o
                0x000000000800174c                _lseek
 .text._sbrk    0x0000000008001750       0x40 ./Core/Src/sysmem.o
                0x0000000008001750                _sbrk
 .text.SystemInit
                0x0000000008001790       0x14 ./Core/Src/system_stm32l4xx.o
                0x0000000008001790                SystemInit
 .text.Reset_Handler
                0x00000000080017a4       0x50 ./Core/Startup/startup_stm32l432kcux.o
                0x00000000080017a4                Reset_Handler
 .text.Default_Handler
                0x00000000080017f4        0x2 ./Core/Startup/startup_stm32l432kcux.o
                0x00000000080017f4                RTC_Alarm_IRQHandler
                0x00000000080017f4                EXTI2_IRQHandler
                0x00000000080017f4                TIM1_CC_IRQHandler
                0x00000000080017f4                TSC_IRQHandler
                0x00000000080017f4                TAMP_STAMP_IRQHandler
                0x00000000080017f4                EXTI3_IRQHandler
                0x00000000080017f4                LPTIM2_IRQHandler
                0x00000000080017f4                I2C3_ER_IRQHandler
                0x00000000080017f4                EXTI0_IRQHandler
                0x00000000080017f4                CAN1_RX0_IRQHandler
                0x00000000080017f4                FPU_IRQHandler
                0x00000000080017f4                TIM1_UP_TIM16_IRQHandler
                0x00000000080017f4                SPI1_IRQHandler
                0x00000000080017f4                TIM6_DAC_IRQHandler
                0x00000000080017f4                DMA2_Channel2_IRQHandler
                0x00000000080017f4                DMA1_Channel4_IRQHandler
                0x00000000080017f4                ADC1_IRQHandler
                0x00000000080017f4                DMA1_Channel7_IRQHandler
                0x00000000080017f4                CAN1_RX1_IRQHandler
                0x00000000080017f4                DMA2_Channel1_IRQHandler
                0x00000000080017f4                QUADSPI_IRQHandler
                0x00000000080017f4                I2C1_EV_IRQHandler
                0x00000000080017f4                DMA1_Channel6_IRQHandler
                0x00000000080017f4                DMA2_Channel4_IRQHandler
                0x00000000080017f4                RCC_IRQHandler
                0x00000000080017f4                TIM1_TRG_COM_IRQHandler
                0x00000000080017f4                DMA1_Channel1_IRQHandler
                0x00000000080017f4                Default_Handler
                0x00000000080017f4                DMA2_Channel7_IRQHandler
                0x00000000080017f4                EXTI15_10_IRQHandler
                0x00000000080017f4                TIM7_IRQHandler
                0x00000000080017f4                I2C3_EV_IRQHandler
                0x00000000080017f4                USB_IRQHandler
                0x00000000080017f4                EXTI9_5_IRQHandler
                0x00000000080017f4                RTC_WKUP_IRQHandler
                0x00000000080017f4                PVD_PVM_IRQHandler
                0x00000000080017f4                CAN1_TX_IRQHandler
                0x00000000080017f4                DMA2_Channel5_IRQHandler
                0x00000000080017f4                CRS_IRQHandler
                0x00000000080017f4                DMA1_Channel5_IRQHandler
                0x00000000080017f4                EXTI4_IRQHandler
                0x00000000080017f4                RNG_IRQHandler
                0x00000000080017f4                DMA1_Channel3_IRQHandler
                0x00000000080017f4                COMP_IRQHandler
                0x00000000080017f4                WWDG_IRQHandler
                0x00000000080017f4                LPUART1_IRQHandler
                0x00000000080017f4                DMA2_Channel6_IRQHandler
                0x00000000080017f4                TIM2_IRQHandler
                0x00000000080017f4                EXTI1_IRQHandler
                0x00000000080017f4                USART2_IRQHandler
                0x00000000080017f4                DMA1_Channel2_IRQHandler
                0x00000000080017f4                CAN1_SCE_IRQHandler
                0x00000000080017f4                FLASH_IRQHandler
                0x00000000080017f4                USART1_IRQHandler
                0x00000000080017f4                SPI3_IRQHandler
                0x00000000080017f4                I2C1_ER_IRQHandler
                0x00000000080017f4                SWPMI1_IRQHandler
                0x00000000080017f4                LPTIM1_IRQHandler
                0x00000000080017f4                SAI1_IRQHandler
                0x00000000080017f4                DMA2_Channel3_IRQHandler
                0x00000000080017f4                TIM1_BRK_TIM15_IRQHandler
 .text.rtc_mcp794xx_i2c_write
                0x00000000080017f6       0x22 ./Core/mcp794xx_driver/mcp794xx_driver.o
                0x00000000080017f6                rtc_mcp794xx_i2c_write
 .text.rtc_mcp794xx_i2c_read
                0x0000000008001818       0x32 ./Core/mcp794xx_driver/mcp794xx_driver.o
                0x0000000008001818                rtc_mcp794xx_i2c_read
 .text.eeprom_mcp794xx_i2c_write
                0x000000000800184a       0x38 ./Core/mcp794xx_driver/mcp794xx_driver.o
                0x000000000800184a                eeprom_mcp794xx_i2c_write
 .text.eeprom_mcp794xx_i2c_read
                0x0000000008001882       0x32 ./Core/mcp794xx_driver/mcp794xx_driver.o
                0x0000000008001882                eeprom_mcp794xx_i2c_read
 .text.sram_mcp794xx_i2c_write
                0x00000000080018b4       0x42 ./Core/mcp794xx_driver/mcp794xx_driver.o
                0x00000000080018b4                sram_mcp794xx_i2c_write
 *fill*         0x00000000080018f6        0x2 
 .text.a_mcp794xx_print_error_msg
                0x00000000080018f8        0xc ./Core/mcp794xx_driver/mcp794xx_driver.o
                0x00000000080018f8                a_mcp794xx_print_error_msg
 .text.a_pcf85xxx_dec2bcd
                0x0000000008001904       0x12 ./Core/mcp794xx_driver/mcp794xx_driver.o
                0x0000000008001904                a_pcf85xxx_dec2bcd
 .text.a_pcf85xxx_bcd2dec
                0x0000000008001916       0x12 ./Core/mcp794xx_driver/mcp794xx_driver.o
                0x0000000008001916                a_pcf85xxx_bcd2dec
 .text.mcp794xx_init
                0x0000000008001928       0x74 ./Core/mcp794xx_driver/mcp794xx_driver.o
                0x0000000008001928                mcp794xx_init
 .text.mcp794xx_set_addr_pin
                0x000000000800199c       0x1a ./Core/mcp794xx_driver/mcp794xx_driver.o
                0x000000000800199c                mcp794xx_set_addr_pin
 .text.mcp794xx_set_variant
                0x00000000080019b6       0x16 ./Core/mcp794xx_driver/mcp794xx_driver.o
                0x00000000080019b6                mcp794xx_set_variant
 .text.mcp794xx_set_debug_print_buffer_size
                0x00000000080019cc       0x16 ./Core/mcp794xx_driver/mcp794xx_driver.o
                0x00000000080019cc                mcp794xx_set_debug_print_buffer_size
 *fill*         0x00000000080019e2        0x2 
 .text.mcp794xx_get_time_and_date
                0x00000000080019e4       0xc4 ./Core/mcp794xx_driver/mcp794xx_driver.o
                0x00000000080019e4                mcp794xx_get_time_and_date
 .text.mcp794xx_set_hour_format
                0x0000000008001aa8       0x70 ./Core/mcp794xx_driver/mcp794xx_driver.o
                0x0000000008001aa8                mcp794xx_set_hour_format
 .text.mcp794xx_get_hour_format
                0x0000000008001b18       0x50 ./Core/mcp794xx_driver/mcp794xx_driver.o
                0x0000000008001b18                mcp794xx_get_hour_format
 .text.mcp794xx_set_am_pm
                0x0000000008001b68       0x6c ./Core/mcp794xx_driver/mcp794xx_driver.o
                0x0000000008001b68                mcp794xx_set_am_pm
 .text.mcp794xx_set_time_and_date
                0x0000000008001bd4      0x238 ./Core/mcp794xx_driver/mcp794xx_driver.o
                0x0000000008001bd4                mcp794xx_set_time_and_date
 .text.mcp794xx_get_am_pm
                0x0000000008001e0c       0x4c ./Core/mcp794xx_driver/mcp794xx_driver.o
                0x0000000008001e0c                mcp794xx_get_am_pm
 .text.mcp794xx_set_osc_status
                0x0000000008001e58       0x6c ./Core/mcp794xx_driver/mcp794xx_driver.o
                0x0000000008001e58                mcp794xx_set_osc_status
 .text.mcp794xx_get_pwr_fail_time_stamp
                0x0000000008001ec4       0xd8 ./Core/mcp794xx_driver/mcp794xx_driver.o
                0x0000000008001ec4                mcp794xx_get_pwr_fail_time_stamp
 .text.mcp794xx_set_pwr_fail_time_param
                0x0000000008001f9c       0x88 ./Core/mcp794xx_driver/mcp794xx_driver.o
                0x0000000008001f9c                mcp794xx_set_pwr_fail_time_param
 .text.mcp794xx_set_alarm_enable_status
                0x0000000008002024       0x9c ./Core/mcp794xx_driver/mcp794xx_driver.o
                0x0000000008002024                mcp794xx_set_alarm_enable_status
 .text.mcp794xx_set_alarm_interrupt_output_polarity
                0x00000000080020c0       0xac ./Core/mcp794xx_driver/mcp794xx_driver.o
                0x00000000080020c0                mcp794xx_set_alarm_interrupt_output_polarity
 .text.mcp794xx_set_alarm_time_date
                0x000000000800216c      0x364 ./Core/mcp794xx_driver/mcp794xx_driver.o
                0x000000000800216c                mcp794xx_set_alarm_time_date
 .text.mcp794xx_set_alarm
                0x00000000080024d0       0xfc ./Core/mcp794xx_driver/mcp794xx_driver.o
                0x00000000080024d0                mcp794xx_set_alarm
 .text.mcp794xx_get_alarm_time_date
                0x00000000080025cc       0xec ./Core/mcp794xx_driver/mcp794xx_driver.o
                0x00000000080025cc                mcp794xx_get_alarm_time_date
 .text.mcp794xx_get_alarm
                0x00000000080026b8       0x90 ./Core/mcp794xx_driver/mcp794xx_driver.o
                0x00000000080026b8                mcp794xx_get_alarm
 .text.mcp794xx_get_alarm_interrupt_flag
                0x0000000008002748       0x84 ./Core/mcp794xx_driver/mcp794xx_driver.o
                0x0000000008002748                mcp794xx_get_alarm_interrupt_flag
 .text.mcp794xx_clr_alarm_interrupt_flag
                0x00000000080027cc       0xbc ./Core/mcp794xx_driver/mcp794xx_driver.o
                0x00000000080027cc                mcp794xx_clr_alarm_interrupt_flag
 .text.mcp794xx_set_mfp_logic_level
                0x0000000008002888       0x6c ./Core/mcp794xx_driver/mcp794xx_driver.o
                0x0000000008002888                mcp794xx_set_mfp_logic_level
 .text.mcp94xx_set_sqr_wave_output_freq
                0x00000000080028f4       0x68 ./Core/mcp794xx_driver/mcp794xx_driver.o
                0x00000000080028f4                mcp94xx_set_sqr_wave_output_freq
 .text.mcp794xx_set_sqr_wave_enable_status
                0x000000000800295c       0x6c ./Core/mcp794xx_driver/mcp794xx_driver.o
                0x000000000800295c                mcp794xx_set_sqr_wave_enable_status
 .text.mcp794xx_set_coarse_trim_mode_status
                0x00000000080029c8       0x6c ./Core/mcp794xx_driver/mcp794xx_driver.o
                0x00000000080029c8                mcp794xx_set_coarse_trim_mode_status
 .text.mcp794xx_set_ext_batt_enable_status
                0x0000000008002a34       0x80 ./Core/mcp794xx_driver/mcp794xx_driver.o
                0x0000000008002a34                mcp794xx_set_ext_batt_enable_status
 .text.mcp794xx_set_ext_osc_enable_status
                0x0000000008002ab4       0x60 ./Core/mcp794xx_driver/mcp794xx_driver.o
                0x0000000008002ab4                mcp794xx_set_ext_osc_enable_status
 .text.mcp794xx_set_osc_start_bit
                0x0000000008002b14       0x60 ./Core/mcp794xx_driver/mcp794xx_driver.o
                0x0000000008002b14                mcp794xx_set_osc_start_bit
 .text.mcp794xx_read_epoch_unix_time_stamp
                0x0000000008002b74       0x84 ./Core/mcp794xx_driver/mcp794xx_driver.o
                0x0000000008002b74                mcp794xx_read_epoch_unix_time_stamp
 .text.mcp794xx_convert_epoch_unix_time_stamp
                0x0000000008002bf8      0x158 ./Core/mcp794xx_driver/mcp794xx_driver.o
                0x0000000008002bf8                mcp794xx_convert_epoch_unix_time_stamp
 .text.mcp794xx_get_compile_time_date
                0x0000000008002d50      0x190 ./Core/mcp794xx_driver/mcp794xx_driver.o
                0x0000000008002d50                mcp794xx_get_compile_time_date
 .text.mcp794xx_set_countdown_interrupt_enable_status
                0x0000000008002ee0       0x54 ./Core/mcp794xx_driver/mcp794xx_driver.o
                0x0000000008002ee0                mcp794xx_set_countdown_interrupt_enable_status
 .text.mcp794xx_set_countdown_interrupt_time
                0x0000000008002f34       0xa4 ./Core/mcp794xx_driver/mcp794xx_driver.o
                0x0000000008002f34                mcp794xx_set_countdown_interrupt_time
 .text.mcp794xx_uid_read
                0x0000000008002fd8       0xa0 ./Core/mcp794xx_driver/mcp794xx_driver.o
                0x0000000008002fd8                mcp794xx_uid_read
 .text.mcp794xx_sram_write_byte
                0x0000000008003078       0x74 ./Core/mcp794xx_driver/mcp794xx_driver.o
                0x0000000008003078                mcp794xx_sram_write_byte
 .text.mcp794xx_sram_read_byte
                0x00000000080030ec       0x70 ./Core/mcp794xx_driver/mcp794xx_driver.o
                0x00000000080030ec                mcp794xx_sram_read_byte
 .text.mcp794xx_sram_erase_selector
                0x000000000800315c       0x7c ./Core/mcp794xx_driver/mcp794xx_driver.o
                0x000000000800315c                mcp794xx_sram_erase_selector
 .text.mcp794xx_wipe_sram
                0x00000000080031d8       0x48 ./Core/mcp794xx_driver/mcp794xx_driver.o
                0x00000000080031d8                mcp794xx_wipe_sram
 .text.mcp794xx_eeprom_read_byte
                0x0000000008003220       0x74 ./Core/mcp794xx_driver/mcp794xx_driver.o
                0x0000000008003220                mcp794xx_eeprom_read_byte
 .text.mcp794xx_eeprom_get_bp_status
                0x0000000008003294       0x50 ./Core/mcp794xx_driver/mcp794xx_driver.o
                0x0000000008003294                mcp794xx_eeprom_get_bp_status
 .text.mcp794xx_eeprom_check_bp_before_write
                0x00000000080032e4       0x78 ./Core/mcp794xx_driver/mcp794xx_driver.o
                0x00000000080032e4                mcp794xx_eeprom_check_bp_before_write
 .text.mcp794xx_eeprom_write_byte
                0x000000000800335c       0x88 ./Core/mcp794xx_driver/mcp794xx_driver.o
                0x000000000800335c                mcp794xx_eeprom_write_byte
 .text.mcp794xx_eeprom_get_legth
                0x00000000080033e4       0x12 ./Core/mcp794xx_driver/mcp794xx_driver.o
                0x00000000080033e4                mcp794xx_eeprom_get_legth
 *fill*         0x00000000080033f6        0x2 
 .text.mcp794xx_eeprom_validate_page_boundary
                0x00000000080033f8       0x80 ./Core/mcp794xx_driver/mcp794xx_driver.o
                0x00000000080033f8                mcp794xx_eeprom_validate_page_boundary
 .text.mcp794xx_eeprom_put_byte
                0x0000000008003478       0xa0 ./Core/mcp794xx_driver/mcp794xx_driver.o
                0x0000000008003478                mcp794xx_eeprom_put_byte
 .text.mcp794xx_eeprom_get_byte
                0x0000000008003518       0xa0 ./Core/mcp794xx_driver/mcp794xx_driver.o
                0x0000000008003518                mcp794xx_eeprom_get_byte
 .text.mcp794xx_info
                0x00000000080035b8       0x70 ./Core/mcp794xx_driver/mcp794xx_driver.o
                0x00000000080035b8                mcp794xx_info
 .text.mcp794xx_basic_initialize
                0x0000000008003628      0x148 ./Core/mcp794xx_driver/mcp794xx_driver_basic.o
                0x0000000008003628                mcp794xx_basic_initialize
 .text.mcp794xx_basic_get_current_time_date
                0x0000000008003770       0x18 ./Core/mcp794xx_driver/mcp794xx_driver_basic.o
                0x0000000008003770                mcp794xx_basic_get_current_time_date
 .text.mcp794xx_basic_set_time_format
                0x0000000008003788       0x3c ./Core/mcp794xx_driver/mcp794xx_driver_basic.o
                0x0000000008003788                mcp794xx_basic_set_time_format
 .text.mcp794xx_basic_set_time_date
                0x00000000080037c4       0x24 ./Core/mcp794xx_driver/mcp794xx_driver_basic.o
                0x00000000080037c4                mcp794xx_basic_set_time_date
 .text.mcp794xx_basic_get_pwr_fail_time_stamp
                0x00000000080037e8       0x28 ./Core/mcp794xx_driver/mcp794xx_driver_basic.o
                0x00000000080037e8                mcp794xx_basic_get_pwr_fail_time_stamp
 .text.mcp794xx_basic_enable_ext_batt_bckup_pwr
                0x0000000008003810       0x18 ./Core/mcp794xx_driver/mcp794xx_driver_basic.o
                0x0000000008003810                mcp794xx_basic_enable_ext_batt_bckup_pwr
 .text.mcp794xx_basic_enable_alarm
                0x0000000008003828       0x2c ./Core/mcp794xx_driver/mcp794xx_driver_basic.o
                0x0000000008003828                mcp794xx_basic_enable_alarm
 .text.mcp794xx_basic_set_alarm_time_date
                0x0000000008003854       0x3c ./Core/mcp794xx_driver/mcp794xx_driver_basic.o
                0x0000000008003854                mcp794xx_basic_set_alarm_time_date
 .text.mcp794xx_basic_get_alarm_time_date
                0x0000000008003890       0x1c ./Core/mcp794xx_driver/mcp794xx_driver_basic.o
                0x0000000008003890                mcp794xx_basic_get_alarm_time_date
 .text.mcp794xx_basic_get_alarm_interrupt_flag
                0x00000000080038ac       0x1c ./Core/mcp794xx_driver/mcp794xx_driver_basic.o
                0x00000000080038ac                mcp794xx_basic_get_alarm_interrupt_flag
 .text.mcp794xx_basic_clr_alarm_interrupt_flag
                0x00000000080038c8       0x18 ./Core/mcp794xx_driver/mcp794xx_driver_basic.o
                0x00000000080038c8                mcp794xx_basic_clr_alarm_interrupt_flag
 .text.mcp794xx_basic_enable_countdown_interrupt
                0x00000000080038e0       0x18 ./Core/mcp794xx_driver/mcp794xx_driver_basic.o
                0x00000000080038e0                mcp794xx_basic_enable_countdown_interrupt
 .text.mcp794xx_basic_set_countdown_time
                0x00000000080038f8       0x1c ./Core/mcp794xx_driver/mcp794xx_driver_basic.o
                0x00000000080038f8                mcp794xx_basic_set_countdown_time
 .text.mcp794xx_basic_enable_sqr_wave_output
                0x0000000008003914       0x18 ./Core/mcp794xx_driver/mcp794xx_driver_basic.o
                0x0000000008003914                mcp794xx_basic_enable_sqr_wave_output
 .text.mcp94xx_basic_set_sqr_wave_output_freq
                0x000000000800392c       0x18 ./Core/mcp794xx_driver/mcp794xx_driver_basic.o
                0x000000000800392c                mcp94xx_basic_set_sqr_wave_output_freq
 .text.mcp794xx_basic_convert_time_to_epoch_unix_time
                0x0000000008003944       0x1c ./Core/mcp794xx_driver/mcp794xx_driver_basic.o
                0x0000000008003944                mcp794xx_basic_convert_time_to_epoch_unix_time
 .text.mcp794xx_basic_convert_epoch_to_human_time_format
                0x0000000008003960       0x1c ./Core/mcp794xx_driver/mcp794xx_driver_basic.o
                0x0000000008003960                mcp794xx_basic_convert_epoch_to_human_time_format
 .text.mcp794xx_basic_get_compile_time_date
                0x000000000800397c       0x1c ./Core/mcp794xx_driver/mcp794xx_driver_basic.o
                0x000000000800397c                mcp794xx_basic_get_compile_time_date
 .text.mcp794xx_basic_sram_write_byte
                0x0000000008003998       0x1c ./Core/mcp794xx_driver/mcp794xx_driver_basic.o
                0x0000000008003998                mcp794xx_basic_sram_write_byte
 .text.mcp794xx_basic_sram_read_byte
                0x00000000080039b4       0x1c ./Core/mcp794xx_driver/mcp794xx_driver_basic.o
                0x00000000080039b4                mcp794xx_basic_sram_read_byte
 .text.mcp794xx_basic_sram_erase_selector
                0x00000000080039d0       0x1c ./Core/mcp794xx_driver/mcp794xx_driver_basic.o
                0x00000000080039d0                mcp794xx_basic_sram_erase_selector
 .text.mcp794xx_basic_sram_wipe
                0x00000000080039ec       0x18 ./Core/mcp794xx_driver/mcp794xx_driver_basic.o
                0x00000000080039ec                mcp794xx_basic_sram_wipe
 .text.mcp794xx_basic_uid_read
                0x0000000008003a04       0x18 ./Core/mcp794xx_driver/mcp794xx_driver_basic.o
                0x0000000008003a04                mcp794xx_basic_uid_read
 .text.mcp794xx_basic_eeprom_write_byte
                0x0000000008003a1c       0x1c ./Core/mcp794xx_driver/mcp794xx_driver_basic.o
                0x0000000008003a1c                mcp794xx_basic_eeprom_write_byte
 .text.mcp794xx_basic_eeprom_read_byte
                0x0000000008003a38       0x1c ./Core/mcp794xx_driver/mcp794xx_driver_basic.o
                0x0000000008003a38                mcp794xx_basic_eeprom_read_byte
 .text.mcp794xx_basic_eeprom_put_byte
                0x0000000008003a54       0x1c ./Core/mcp794xx_driver/mcp794xx_driver_basic.o
                0x0000000008003a54                mcp794xx_basic_eeprom_put_byte
 .text.mcp794xx_basic_eeprom_get_byte
                0x0000000008003a70       0x1c ./Core/mcp794xx_driver/mcp794xx_driver_basic.o
                0x0000000008003a70                mcp794xx_basic_eeprom_get_byte
 .text.mcp794xx_interface_i2c_init
                0x0000000008003a8c        0x4 ./Core/mcp794xx_driver/mcp794xx_driver_interface.o
                0x0000000008003a8c                mcp794xx_interface_i2c_init
 .text.mcp794xx_interface_i2c_deinit
                0x0000000008003a90        0x4 ./Core/mcp794xx_driver/mcp794xx_driver_interface.o
                0x0000000008003a90                mcp794xx_interface_i2c_deinit
 .text.mcp794xx_interface_i2c_read
                0x0000000008003a94        0x4 ./Core/mcp794xx_driver/mcp794xx_driver_interface.o
                0x0000000008003a94                mcp794xx_interface_i2c_read
 .text.mcp794xx_interface_i2c_write
                0x0000000008003a98        0x4 ./Core/mcp794xx_driver/mcp794xx_driver_interface.o
                0x0000000008003a98                mcp794xx_interface_i2c_write
 .text.mcp794xx_interface_delay_ms
                0x0000000008003a9c        0x4 ./Core/mcp794xx_driver/mcp794xx_driver_interface.o
                0x0000000008003a9c                mcp794xx_interface_delay_ms
 .text.mcp794xx_interface_debug_print
                0x0000000008003aa0       0x46 ./Core/mcp794xx_driver/mcp794xx_driver_interface.o
                0x0000000008003aa0                mcp794xx_interface_debug_print
 .text.mcp794xx_interface_irq_callback
                0x0000000008003ae6        0x2 ./Core/mcp794xx_driver/mcp794xx_driver_interface.o
                0x0000000008003ae6                mcp794xx_interface_irq_callback
 .text.HAL_InitTick
                0x0000000008003ae8       0x4c ./Drivers/STM32L4xx_HAL_Driver/Src/stm32l4xx_hal.o
                0x0000000008003ae8                HAL_InitTick
 .text.HAL_Init
                0x0000000008003b34       0x1e ./Drivers/STM32L4xx_HAL_Driver/Src/stm32l4xx_hal.o
                0x0000000008003b34                HAL_Init
 *fill*         0x0000000008003b52        0x2 
 .text.HAL_IncTick
                0x0000000008003b54       0x18 ./Drivers/STM32L4xx_HAL_Driver/Src/stm32l4xx_hal.o
                0x0000000008003b54                HAL_IncTick
 .text.HAL_GetTick
                0x0000000008003b6c        0xc ./Drivers/STM32L4xx_HAL_Driver/Src/stm32l4xx_hal.o
                0x0000000008003b6c                HAL_GetTick
 .text.HAL_Delay
                0x0000000008003b78       0x28 ./Drivers/STM32L4xx_HAL_Driver/Src/stm32l4xx_hal.o
                0x0000000008003b78                HAL_Delay
 .text.HAL_NVIC_SetPriorityGrouping
                0x0000000008003ba0       0x24 ./Drivers/STM32L4xx_HAL_Driver/Src/stm32l4xx_hal_cortex.o
                0x0000000008003ba0                HAL_NVIC_SetPriorityGrouping
 .text.HAL_NVIC_SetPriority
                0x0000000008003bc4       0x64 ./Drivers/STM32L4xx_HAL_Driver/Src/stm32l4xx_hal_cortex.o
                0x0000000008003bc4                HAL_NVIC_SetPriority
 .text.HAL_SYSTICK_Config
                0x0000000008003c28       0x28 ./Drivers/STM32L4xx_HAL_Driver/Src/stm32l4xx_hal_cortex.o
                0x0000000008003c28                HAL_SYSTICK_Config
 .text.HAL_GPIO_Init
                0x0000000008003c50      0x170 ./Drivers/STM32L4xx_HAL_Driver/Src/stm32l4xx_hal_gpio.o
                0x0000000008003c50                HAL_GPIO_Init
 .text.HAL_GPIO_WritePin
                0x0000000008003dc0        0xa ./Drivers/STM32L4xx_HAL_Driver/Src/stm32l4xx_hal_gpio.o
                0x0000000008003dc0                HAL_GPIO_WritePin
 .text.HAL_GPIO_TogglePin
                0x0000000008003dca       0x12 ./Drivers/STM32L4xx_HAL_Driver/Src/stm32l4xx_hal_gpio.o
                0x0000000008003dca                HAL_GPIO_TogglePin
 .text.I2C_Flush_TXDR
                0x0000000008003ddc       0x1c ./Drivers/STM32L4xx_HAL_Driver/Src/stm32l4xx_hal_i2c.o
 .text.I2C_TransferConfig
                0x0000000008003df8       0x2c ./Drivers/STM32L4xx_HAL_Driver/Src/stm32l4xx_hal_i2c.o
 .text.I2C_IsErrorOccurred
                0x0000000008003e24      0x116 ./Drivers/STM32L4xx_HAL_Driver/Src/stm32l4xx_hal_i2c.o
 .text.I2C_WaitOnTXISFlagUntilTimeout
                0x0000000008003f3a       0x4e ./Drivers/STM32L4xx_HAL_Driver/Src/stm32l4xx_hal_i2c.o
 .text.I2C_WaitOnRXNEFlagUntilTimeout
                0x0000000008003f88       0x90 ./Drivers/STM32L4xx_HAL_Driver/Src/stm32l4xx_hal_i2c.o
 .text.I2C_WaitOnFlagUntilTimeout
                0x0000000008004018       0x54 ./Drivers/STM32L4xx_HAL_Driver/Src/stm32l4xx_hal_i2c.o
 .text.I2C_WaitOnSTOPFlagUntilTimeout
                0x000000000800406c       0x4a ./Drivers/STM32L4xx_HAL_Driver/Src/stm32l4xx_hal_i2c.o
 .text.HAL_I2C_Init
                0x00000000080040b6       0xa2 ./Drivers/STM32L4xx_HAL_Driver/Src/stm32l4xx_hal_i2c.o
                0x00000000080040b6                HAL_I2C_Init
 .text.HAL_I2C_Master_Transmit
                0x0000000008004158      0x12c ./Drivers/STM32L4xx_HAL_Driver/Src/stm32l4xx_hal_i2c.o
                0x0000000008004158                HAL_I2C_Master_Transmit
 .text.HAL_I2C_Master_Receive
                0x0000000008004284      0x130 ./Drivers/STM32L4xx_HAL_Driver/Src/stm32l4xx_hal_i2c.o
                0x0000000008004284                HAL_I2C_Master_Receive
 .text.HAL_I2CEx_ConfigAnalogFilter
                0x00000000080043b4       0x4c ./Drivers/STM32L4xx_HAL_Driver/Src/stm32l4xx_hal_i2c_ex.o
                0x00000000080043b4                HAL_I2CEx_ConfigAnalogFilter
 .text.HAL_I2CEx_ConfigDigitalFilter
                0x0000000008004400       0x4a ./Drivers/STM32L4xx_HAL_Driver/Src/stm32l4xx_hal_i2c_ex.o
                0x0000000008004400                HAL_I2CEx_ConfigDigitalFilter
 *fill*         0x000000000800444a        0x2 
 .text.HAL_PWREx_GetVoltageRange
                0x000000000800444c       0x10 ./Drivers/STM32L4xx_HAL_Driver/Src/stm32l4xx_hal_pwr_ex.o
                0x000000000800444c                HAL_PWREx_GetVoltageRange
 .text.HAL_PWREx_ControlVoltageScaling
                0x000000000800445c       0x6c ./Drivers/STM32L4xx_HAL_Driver/Src/stm32l4xx_hal_pwr_ex.o
                0x000000000800445c                HAL_PWREx_ControlVoltageScaling
 .text.RCC_SetFlashLatencyFromMSIRange
                0x00000000080044c8       0x84 ./Drivers/STM32L4xx_HAL_Driver/Src/stm32l4xx_hal_rcc.o
 .text.HAL_RCC_GetSysClockFreq
                0x000000000800454c       0x9c ./Drivers/STM32L4xx_HAL_Driver/Src/stm32l4xx_hal_rcc.o
                0x000000000800454c                HAL_RCC_GetSysClockFreq
 .text.HAL_RCC_OscConfig
                0x00000000080045e8      0x548 ./Drivers/STM32L4xx_HAL_Driver/Src/stm32l4xx_hal_rcc.o
                0x00000000080045e8                HAL_RCC_OscConfig
 .text.HAL_RCC_ClockConfig
                0x0000000008004b30      0x154 ./Drivers/STM32L4xx_HAL_Driver/Src/stm32l4xx_hal_rcc.o
                0x0000000008004b30                HAL_RCC_ClockConfig
 .text.HAL_RCC_GetPCLK1Freq
                0x0000000008004c84       0x24 ./Drivers/STM32L4xx_HAL_Driver/Src/stm32l4xx_hal_rcc.o
                0x0000000008004c84                HAL_RCC_GetPCLK1Freq
 .text.HAL_RCC_GetPCLK2Freq
                0x0000000008004ca8       0x24 ./Drivers/STM32L4xx_HAL_Driver/Src/stm32l4xx_hal_rcc.o
                0x0000000008004ca8                HAL_RCC_GetPCLK2Freq
 .text.RCCEx_PLLSAI1_Config
                0x0000000008004ccc      0x114 ./Drivers/STM32L4xx_HAL_Driver/Src/stm32l4xx_hal_rcc_ex.o
 .text.HAL_RCCEx_PeriphCLKConfig
                0x0000000008004de0      0x288 ./Drivers/STM32L4xx_HAL_Driver/Src/stm32l4xx_hal_rcc_ex.o
                0x0000000008004de0                HAL_RCCEx_PeriphCLKConfig
 .text.UART_SetConfig
                0x0000000008005068      0x1d8 ./Drivers/STM32L4xx_HAL_Driver/Src/stm32l4xx_hal_uart.o
                0x0000000008005068                UART_SetConfig
 .text.UART_AdvFeatureConfig
                0x0000000008005240       0xa8 ./Drivers/STM32L4xx_HAL_Driver/Src/stm32l4xx_hal_uart.o
                0x0000000008005240                UART_AdvFeatureConfig
 .text.UART_WaitOnFlagUntilTimeout
                0x00000000080052e8       0xbc ./Drivers/STM32L4xx_HAL_Driver/Src/stm32l4xx_hal_uart.o
                0x00000000080052e8                UART_WaitOnFlagUntilTimeout
 .text.HAL_UART_Transmit
                0x00000000080053a4       0xb4 ./Drivers/STM32L4xx_HAL_Driver/Src/stm32l4xx_hal_uart.o
                0x00000000080053a4                HAL_UART_Transmit
 .text.UART_CheckIdleState
                0x0000000008005458       0x66 ./Drivers/STM32L4xx_HAL_Driver/Src/stm32l4xx_hal_uart.o
                0x0000000008005458                UART_CheckIdleState
 .text.HAL_UART_Init
                0x00000000080054be       0x5c ./Drivers/STM32L4xx_HAL_Driver/Src/stm32l4xx_hal_uart.o
                0x00000000080054be                HAL_UART_Init
 .text.atoi     0x000000000800551a        0x8 c:/st/stm32cubeide_1.9.0/stm32cubeide/plugins/com.st.stm32cube.ide.mcu.externaltools.gnu-tools-for-stm32.10.3-2021.10.win32_1.0.0.202111181127/tools/bin/../lib/gcc/arm-none-eabi/10.3.1/../../../../arm-none-eabi/lib/thumb/v7e-m+fp/hard\libc_nano.a(lib_a-atoi.o)
                0x000000000800551a                atoi
 *fill*         0x0000000008005522        0x2 
 .text.calloc   0x0000000008005524       0x10 c:/st/stm32cubeide_1.9.0/stm32cubeide/plugins/com.st.stm32cube.ide.mcu.externaltools.gnu-tools-for-stm32.10.3-2021.10.win32_1.0.0.202111181127/tools/bin/../lib/gcc/arm-none-eabi/10.3.1/../../../../arm-none-eabi/lib/thumb/v7e-m+fp/hard\libc_nano.a(lib_a-calloc.o)
                0x0000000008005524                calloc
 .text.__errno  0x0000000008005534        0xc c:/st/stm32cubeide_1.9.0/stm32cubeide/plugins/com.st.stm32cube.ide.mcu.externaltools.gnu-tools-for-stm32.10.3-2021.10.win32_1.0.0.202111181127/tools/bin/../lib/gcc/arm-none-eabi/10.3.1/../../../../arm-none-eabi/lib/thumb/v7e-m+fp/hard\libc_nano.a(lib_a-errno.o)
                0x0000000008005534                __errno
 .text.__libc_init_array
                0x0000000008005540       0x48 c:/st/stm32cubeide_1.9.0/stm32cubeide/plugins/com.st.stm32cube.ide.mcu.externaltools.gnu-tools-for-stm32.10.3-2021.10.win32_1.0.0.202111181127/tools/bin/../lib/gcc/arm-none-eabi/10.3.1/../../../../arm-none-eabi/lib/thumb/v7e-m+fp/hard\libc_nano.a(lib_a-init.o)
                0x0000000008005540                __libc_init_array
 .text.malloc   0x0000000008005588       0x10 c:/st/stm32cubeide_1.9.0/stm32cubeide/plugins/com.st.stm32cube.ide.mcu.externaltools.gnu-tools-for-stm32.10.3-2021.10.win32_1.0.0.202111181127/tools/bin/../lib/gcc/arm-none-eabi/10.3.1/../../../../arm-none-eabi/lib/thumb/v7e-m+fp/hard\libc_nano.a(lib_a-malloc.o)
                0x0000000008005588                malloc
 .text.free     0x0000000008005598       0x10 c:/st/stm32cubeide_1.9.0/stm32cubeide/plugins/com.st.stm32cube.ide.mcu.externaltools.gnu-tools-for-stm32.10.3-2021.10.win32_1.0.0.202111181127/tools/bin/../lib/gcc/arm-none-eabi/10.3.1/../../../../arm-none-eabi/lib/thumb/v7e-m+fp/hard\libc_nano.a(lib_a-malloc.o)
                0x0000000008005598                free
 .text.memcpy   0x00000000080055a8       0x1c c:/st/stm32cubeide_1.9.0/stm32cubeide/plugins/com.st.stm32cube.ide.mcu.externaltools.gnu-tools-for-stm32.10.3-2021.10.win32_1.0.0.202111181127/tools/bin/../lib/gcc/arm-none-eabi/10.3.1/../../../../arm-none-eabi/lib/thumb/v7e-m+fp/hard\libc_nano.a(lib_a-memcpy-stub.o)
                0x00000000080055a8                memcpy
 .text.memset   0x00000000080055c4       0x10 c:/st/stm32cubeide_1.9.0/stm32cubeide/plugins/com.st.stm32cube.ide.mcu.externaltools.gnu-tools-for-stm32.10.3-2021.10.win32_1.0.0.202111181127/tools/bin/../lib/gcc/arm-none-eabi/10.3.1/../../../../arm-none-eabi/lib/thumb/v7e-m+fp/hard\libc_nano.a(lib_a-memset.o)
                0x00000000080055c4                memset
 .text._calloc_r
                0x00000000080055d4       0x2c c:/st/stm32cubeide_1.9.0/stm32cubeide/plugins/com.st.stm32cube.ide.mcu.externaltools.gnu-tools-for-stm32.10.3-2021.10.win32_1.0.0.202111181127/tools/bin/../lib/gcc/arm-none-eabi/10.3.1/../../../../arm-none-eabi/lib/thumb/v7e-m+fp/hard\libc_nano.a(lib_a-nano-callocr.o)
                0x00000000080055d4                _calloc_r
 .text._free_r  0x0000000008005600       0x98 c:/st/stm32cubeide_1.9.0/stm32cubeide/plugins/com.st.stm32cube.ide.mcu.externaltools.gnu-tools-for-stm32.10.3-2021.10.win32_1.0.0.202111181127/tools/bin/../lib/gcc/arm-none-eabi/10.3.1/../../../../arm-none-eabi/lib/thumb/v7e-m+fp/hard\libc_nano.a(lib_a-nano-freer.o)
                0x0000000008005600                _free_r
 .text.sbrk_aligned
                0x0000000008005698       0x40 c:/st/stm32cubeide_1.9.0/stm32cubeide/plugins/com.st.stm32cube.ide.mcu.externaltools.gnu-tools-for-stm32.10.3-2021.10.win32_1.0.0.202111181127/tools/bin/../lib/gcc/arm-none-eabi/10.3.1/../../../../arm-none-eabi/lib/thumb/v7e-m+fp/hard\libc_nano.a(lib_a-nano-mallocr.o)
 .text._malloc_r
                0x00000000080056d8       0xe8 c:/st/stm32cubeide_1.9.0/stm32cubeide/plugins/com.st.stm32cube.ide.mcu.externaltools.gnu-tools-for-stm32.10.3-2021.10.win32_1.0.0.202111181127/tools/bin/../lib/gcc/arm-none-eabi/10.3.1/../../../../arm-none-eabi/lib/thumb/v7e-m+fp/hard\libc_nano.a(lib_a-nano-mallocr.o)
                0x00000000080056d8                _malloc_r
 .text.__cvt    0x00000000080057c0       0xc4 c:/st/stm32cubeide_1.9.0/stm32cubeide/plugins/com.st.stm32cube.ide.mcu.externaltools.gnu-tools-for-stm32.10.3-2021.10.win32_1.0.0.202111181127/tools/bin/../lib/gcc/arm-none-eabi/10.3.1/../../../../arm-none-eabi/lib/thumb/v7e-m+fp/hard\libc_nano.a(lib_a-nano-vfprintf_float.o)
                0x00000000080057c0                __cvt
 .text.__exponent
                0x0000000008005884       0x7c c:/st/stm32cubeide_1.9.0/stm32cubeide/plugins/com.st.stm32cube.ide.mcu.externaltools.gnu-tools-for-stm32.10.3-2021.10.win32_1.0.0.202111181127/tools/bin/../lib/gcc/arm-none-eabi/10.3.1/../../../../arm-none-eabi/lib/thumb/v7e-m+fp/hard\libc_nano.a(lib_a-nano-vfprintf_float.o)
                0x0000000008005884                __exponent
 .text._printf_float
                0x0000000008005900      0x46c c:/st/stm32cubeide_1.9.0/stm32cubeide/plugins/com.st.stm32cube.ide.mcu.externaltools.gnu-tools-for-stm32.10.3-2021.10.win32_1.0.0.202111181127/tools/bin/../lib/gcc/arm-none-eabi/10.3.1/../../../../arm-none-eabi/lib/thumb/v7e-m+fp/hard\libc_nano.a(lib_a-nano-vfprintf_float.o)
                0x0000000008005900                _printf_float
 .text._printf_common
                0x0000000008005d6c       0xda c:/st/stm32cubeide_1.9.0/stm32cubeide/plugins/com.st.stm32cube.ide.mcu.externaltools.gnu-tools-for-stm32.10.3-2021.10.win32_1.0.0.202111181127/tools/bin/../lib/gcc/arm-none-eabi/10.3.1/../../../../arm-none-eabi/lib/thumb/v7e-m+fp/hard\libc_nano.a(lib_a-nano-vfprintf_i.o)
                0x0000000008005d6c                _printf_common
 *fill*         0x0000000008005e46        0x2 
 .text._printf_i
                0x0000000008005e48      0x24c c:/st/stm32cubeide_1.9.0/stm32cubeide/plugins/com.st.stm32cube.ide.mcu.externaltools.gnu-tools-for-stm32.10.3-2021.10.win32_1.0.0.202111181127/tools/bin/../lib/gcc/arm-none-eabi/10.3.1/../../../../arm-none-eabi/lib/thumb/v7e-m+fp/hard\libc_nano.a(lib_a-nano-vfprintf_i.o)
                0x0000000008005e48                _printf_i
 .text._sbrk_r  0x0000000008006094       0x20 c:/st/stm32cubeide_1.9.0/stm32cubeide/plugins/com.st.stm32cube.ide.mcu.externaltools.gnu-tools-for-stm32.10.3-2021.10.win32_1.0.0.202111181127/tools/bin/../lib/gcc/arm-none-eabi/10.3.1/../../../../arm-none-eabi/lib/thumb/v7e-m+fp/hard\libc_nano.a(lib_a-sbrkr.o)
                0x0000000008006094                _sbrk_r
 .text.strncpy  0x00000000080060b4       0x26 c:/st/stm32cubeide_1.9.0/stm32cubeide/plugins/com.st.stm32cube.ide.mcu.externaltools.gnu-tools-for-stm32.10.3-2021.10.win32_1.0.0.202111181127/tools/bin/../lib/gcc/arm-none-eabi/10.3.1/../../../../arm-none-eabi/lib/thumb/v7e-m+fp/hard\libc_nano.a(lib_a-strncpy.o)
                0x00000000080060b4                strncpy
 *fill*         0x00000000080060da        0x2 
 .text._strtol_l.constprop.0
                0x00000000080060dc      0x104 c:/st/stm32cubeide_1.9.0/stm32cubeide/plugins/com.st.stm32cube.ide.mcu.externaltools.gnu-tools-for-stm32.10.3-2021.10.win32_1.0.0.202111181127/tools/bin/../lib/gcc/arm-none-eabi/10.3.1/../../../../arm-none-eabi/lib/thumb/v7e-m+fp/hard\libc_nano.a(lib_a-strtol.o)
 .text.strtol   0x00000000080061e0       0x14 c:/st/stm32cubeide_1.9.0/stm32cubeide/plugins/com.st.stm32cube.ide.mcu.externaltools.gnu-tools-for-stm32.10.3-2021.10.win32_1.0.0.202111181127/tools/bin/../lib/gcc/arm-none-eabi/10.3.1/../../../../arm-none-eabi/lib/thumb/v7e-m+fp/hard\libc_nano.a(lib_a-strtol.o)
                0x00000000080061e0                strtol
 .text._vsnprintf_r
                0x00000000080061f4       0x56 c:/st/stm32cubeide_1.9.0/stm32cubeide/plugins/com.st.stm32cube.ide.mcu.externaltools.gnu-tools-for-stm32.10.3-2021.10.win32_1.0.0.202111181127/tools/bin/../lib/gcc/arm-none-eabi/10.3.1/../../../../arm-none-eabi/lib/thumb/v7e-m+fp/hard\libc_nano.a(lib_a-vsnprintf.o)
                0x00000000080061f4                _vsniprintf_r
                0x00000000080061f4                _vsnprintf_r
 *fill*         0x000000000800624a        0x2 
 .text.vsnprintf
                0x000000000800624c       0x1c c:/st/stm32cubeide_1.9.0/stm32cubeide/plugins/com.st.stm32cube.ide.mcu.externaltools.gnu-tools-for-stm32.10.3-2021.10.win32_1.0.0.202111181127/tools/bin/../lib/gcc/arm-none-eabi/10.3.1/../../../../arm-none-eabi/lib/thumb/v7e-m+fp/hard\libc_nano.a(lib_a-vsnprintf.o)
                0x000000000800624c                vsniprintf
                0x000000000800624c                vsnprintf
 .text.quorem   0x0000000008006268      0x116 c:/st/stm32cubeide_1.9.0/stm32cubeide/plugins/com.st.stm32cube.ide.mcu.externaltools.gnu-tools-for-stm32.10.3-2021.10.win32_1.0.0.202111181127/tools/bin/../lib/gcc/arm-none-eabi/10.3.1/../../../../arm-none-eabi/lib/thumb/v7e-m+fp/hard\libc_nano.a(lib_a-dtoa.o)
 *fill*         0x000000000800637e        0x2 
 .text._dtoa_r  0x0000000008006380      0xbdc c:/st/stm32cubeide_1.9.0/stm32cubeide/plugins/com.st.stm32cube.ide.mcu.externaltools.gnu-tools-for-stm32.10.3-2021.10.win32_1.0.0.202111181127/tools/bin/../lib/gcc/arm-none-eabi/10.3.1/../../../../arm-none-eabi/lib/thumb/v7e-m+fp/hard\libc_nano.a(lib_a-dtoa.o)
                0x0000000008006380                _dtoa_r
 .text._localeconv_r
                0x0000000008006f5c        0x8 c:/st/stm32cubeide_1.9.0/stm32cubeide/plugins/com.st.stm32cube.ide.mcu.externaltools.gnu-tools-for-stm32.10.3-2021.10.win32_1.0.0.202111181127/tools/bin/../lib/gcc/arm-none-eabi/10.3.1/../../../../arm-none-eabi/lib/thumb/v7e-m+fp/hard\libc_nano.a(lib_a-localeconv.o)
                0x0000000008006f5c                _localeconv_r
 .text.__malloc_lock
                0x0000000008006f64        0xc c:/st/stm32cubeide_1.9.0/stm32cubeide/plugins/com.st.stm32cube.ide.mcu.externaltools.gnu-tools-for-stm32.10.3-2021.10.win32_1.0.0.202111181127/tools/bin/../lib/gcc/arm-none-eabi/10.3.1/../../../../arm-none-eabi/lib/thumb/v7e-m+fp/hard\libc_nano.a(lib_a-mlock.o)
                0x0000000008006f64                __malloc_lock
 .text.__malloc_unlock
                0x0000000008006f70        0xc c:/st/stm32cubeide_1.9.0/stm32cubeide/plugins/com.st.stm32cube.ide.mcu.externaltools.gnu-tools-for-stm32.10.3-2021.10.win32_1.0.0.202111181127/tools/bin/../lib/gcc/arm-none-eabi/10.3.1/../../../../arm-none-eabi/lib/thumb/v7e-m+fp/hard\libc_nano.a(lib_a-mlock.o)
                0x0000000008006f70                __malloc_unlock
 .text._Balloc  0x0000000008006f7c       0x80 c:/st/stm32cubeide_1.9.0/stm32cubeide/plugins/com.st.stm32cube.ide.mcu.externaltools.gnu-tools-for-stm32.10.3-2021.10.win32_1.0.0.202111181127/tools/bin/../lib/gcc/arm-none-eabi/10.3.1/../../../../arm-none-eabi/lib/thumb/v7e-m+fp/hard\libc_nano.a(lib_a-mprec.o)
                0x0000000008006f7c                _Balloc
 .text._Bfree   0x0000000008006ffc       0x44 c:/st/stm32cubeide_1.9.0/stm32cubeide/plugins/com.st.stm32cube.ide.mcu.externaltools.gnu-tools-for-stm32.10.3-2021.10.win32_1.0.0.202111181127/tools/bin/../lib/gcc/arm-none-eabi/10.3.1/../../../../arm-none-eabi/lib/thumb/v7e-m+fp/hard\libc_nano.a(lib_a-mprec.o)
                0x0000000008006ffc                _Bfree
 .text.__multadd
                0x0000000008007040       0x8c c:/st/stm32cubeide_1.9.0/stm32cubeide/plugins/com.st.stm32cube.ide.mcu.externaltools.gnu-tools-for-stm32.10.3-2021.10.win32_1.0.0.202111181127/tools/bin/../lib/gcc/arm-none-eabi/10.3.1/../../../../arm-none-eabi/lib/thumb/v7e-m+fp/hard\libc_nano.a(lib_a-mprec.o)
                0x0000000008007040                __multadd
 .text.__hi0bits
                0x00000000080070cc       0x40 c:/st/stm32cubeide_1.9.0/stm32cubeide/plugins/com.st.stm32cube.ide.mcu.externaltools.gnu-tools-for-stm32.10.3-2021.10.win32_1.0.0.202111181127/tools/bin/../lib/gcc/arm-none-eabi/10.3.1/../../../../arm-none-eabi/lib/thumb/v7e-m+fp/hard\libc_nano.a(lib_a-mprec.o)
                0x00000000080070cc                __hi0bits
 .text.__lo0bits
                0x000000000800710c       0x5e c:/st/stm32cubeide_1.9.0/stm32cubeide/plugins/com.st.stm32cube.ide.mcu.externaltools.gnu-tools-for-stm32.10.3-2021.10.win32_1.0.0.202111181127/tools/bin/../lib/gcc/arm-none-eabi/10.3.1/../../../../arm-none-eabi/lib/thumb/v7e-m+fp/hard\libc_nano.a(lib_a-mprec.o)
                0x000000000800710c                __lo0bits
 *fill*         0x000000000800716a        0x2 
 .text.__i2b    0x000000000800716c       0x2c c:/st/stm32cubeide_1.9.0/stm32cubeide/plugins/com.st.stm32cube.ide.mcu.externaltools.gnu-tools-for-stm32.10.3-2021.10.win32_1.0.0.202111181127/tools/bin/../lib/gcc/arm-none-eabi/10.3.1/../../../../arm-none-eabi/lib/thumb/v7e-m+fp/hard\libc_nano.a(lib_a-mprec.o)
                0x000000000800716c                __i2b
 .text.__multiply
                0x0000000008007198      0x154 c:/st/stm32cubeide_1.9.0/stm32cubeide/plugins/com.st.stm32cube.ide.mcu.externaltools.gnu-tools-for-stm32.10.3-2021.10.win32_1.0.0.202111181127/tools/bin/../lib/gcc/arm-none-eabi/10.3.1/../../../../arm-none-eabi/lib/thumb/v7e-m+fp/hard\libc_nano.a(lib_a-mprec.o)
                0x0000000008007198                __multiply
 .text.__pow5mult
                0x00000000080072ec       0xb4 c:/st/stm32cubeide_1.9.0/stm32cubeide/plugins/com.st.stm32cube.ide.mcu.externaltools.gnu-tools-for-stm32.10.3-2021.10.win32_1.0.0.202111181127/tools/bin/../lib/gcc/arm-none-eabi/10.3.1/../../../../arm-none-eabi/lib/thumb/v7e-m+fp/hard\libc_nano.a(lib_a-mprec.o)
                0x00000000080072ec                __pow5mult
 .text.__lshift
                0x00000000080073a0       0xe0 c:/st/stm32cubeide_1.9.0/stm32cubeide/plugins/com.st.stm32cube.ide.mcu.externaltools.gnu-tools-for-stm32.10.3-2021.10.win32_1.0.0.202111181127/tools/bin/../lib/gcc/arm-none-eabi/10.3.1/../../../../arm-none-eabi/lib/thumb/v7e-m+fp/hard\libc_nano.a(lib_a-mprec.o)
                0x00000000080073a0                __lshift
 .text.__mcmp   0x0000000008007480       0x38 c:/st/stm32cubeide_1.9.0/stm32cubeide/plugins/com.st.stm32cube.ide.mcu.externaltools.gnu-tools-for-stm32.10.3-2021.10.win32_1.0.0.202111181127/tools/bin/../lib/gcc/arm-none-eabi/10.3.1/../../../../arm-none-eabi/lib/thumb/v7e-m+fp/hard\libc_nano.a(lib_a-mprec.o)
                0x0000000008007480                __mcmp
 .text.__mdiff  0x00000000080074b8      0x114 c:/st/stm32cubeide_1.9.0/stm32cubeide/plugins/com.st.stm32cube.ide.mcu.externaltools.gnu-tools-for-stm32.10.3-2021.10.win32_1.0.0.202111181127/tools/bin/../lib/gcc/arm-none-eabi/10.3.1/../../../../arm-none-eabi/lib/thumb/v7e-m+fp/hard\libc_nano.a(lib_a-mprec.o)
                0x00000000080074b8                __mdiff
 .text.__d2b    0x00000000080075cc       0xb8 c:/st/stm32cubeide_1.9.0/stm32cubeide/plugins/com.st.stm32cube.ide.mcu.externaltools.gnu-tools-for-stm32.10.3-2021.10.win32_1.0.0.202111181127/tools/bin/../lib/gcc/arm-none-eabi/10.3.1/../../../../arm-none-eabi/lib/thumb/v7e-m+fp/hard\libc_nano.a(lib_a-mprec.o)
                0x00000000080075cc                __d2b
 .text.__ssputs_r
                0x0000000008007684       0xb6 c:/st/stm32cubeide_1.9.0/stm32cubeide/plugins/com.st.stm32cube.ide.mcu.externaltools.gnu-tools-for-stm32.10.3-2021.10.win32_1.0.0.202111181127/tools/bin/../lib/gcc/arm-none-eabi/10.3.1/../../../../arm-none-eabi/lib/thumb/v7e-m+fp/hard\libc_nano.a(lib_a-nano-svfprintf.o)
                0x0000000008007684                __ssputs_r
 *fill*         0x000000000800773a        0x2 
 .text._svfprintf_r
                0x000000000800773c      0x200 c:/st/stm32cubeide_1.9.0/stm32cubeide/plugins/com.st.stm32cube.ide.mcu.externaltools.gnu-tools-for-stm32.10.3-2021.10.win32_1.0.0.202111181127/tools/bin/../lib/gcc/arm-none-eabi/10.3.1/../../../../arm-none-eabi/lib/thumb/v7e-m+fp/hard\libc_nano.a(lib_a-nano-svfprintf.o)
                0x000000000800773c                _svfiprintf_r
                0x000000000800773c                _svfprintf_r
 .text.__assert_func
                0x000000000800793c       0x3c c:/st/stm32cubeide_1.9.0/stm32cubeide/plugins/com.st.stm32cube.ide.mcu.externaltools.gnu-tools-for-stm32.10.3-2021.10.win32_1.0.0.202111181127/tools/bin/../lib/gcc/arm-none-eabi/10.3.1/../../../../arm-none-eabi/lib/thumb/v7e-m+fp/hard\libc_nano.a(lib_a-assert.o)
                0x000000000800793c                __assert_func
 .text.fprintf  0x0000000008007978       0x24 c:/st/stm32cubeide_1.9.0/stm32cubeide/plugins/com.st.stm32cube.ide.mcu.externaltools.gnu-tools-for-stm32.10.3-2021.10.win32_1.0.0.202111181127/tools/bin/../lib/gcc/arm-none-eabi/10.3.1/../../../../arm-none-eabi/lib/thumb/v7e-m+fp/hard\libc_nano.a(lib_a-fprintf.o)
                0x0000000008007978                fiprintf
                0x0000000008007978                fprintf
 .text.__retarget_lock_init_recursive
                0x000000000800799c        0x2 c:/st/stm32cubeide_1.9.0/stm32cubeide/plugins/com.st.stm32cube.ide.mcu.externaltools.gnu-tools-for-stm32.10.3-2021.10.win32_1.0.0.202111181127/tools/bin/../lib/gcc/arm-none-eabi/10.3.1/../../../../arm-none-eabi/lib/thumb/v7e-m+fp/hard\libc_nano.a(lib_a-lock.o)
                0x000000000800799c                __retarget_lock_init_recursive
 .text.__retarget_lock_acquire_recursive
                0x000000000800799e        0x2 c:/st/stm32cubeide_1.9.0/stm32cubeide/plugins/com.st.stm32cube.ide.mcu.externaltools.gnu-tools-for-stm32.10.3-2021.10.win32_1.0.0.202111181127/tools/bin/../lib/gcc/arm-none-eabi/10.3.1/../../../../arm-none-eabi/lib/thumb/v7e-m+fp/hard\libc_nano.a(lib_a-lock.o)
                0x000000000800799e                __retarget_lock_acquire_recursive
 .text.__retarget_lock_release_recursive
                0x00000000080079a0        0x2 c:/st/stm32cubeide_1.9.0/stm32cubeide/plugins/com.st.stm32cube.ide.mcu.externaltools.gnu-tools-for-stm32.10.3-2021.10.win32_1.0.0.202111181127/tools/bin/../lib/gcc/arm-none-eabi/10.3.1/../../../../arm-none-eabi/lib/thumb/v7e-m+fp/hard\libc_nano.a(lib_a-lock.o)
                0x00000000080079a0                __retarget_lock_release_recursive
 .text.__ascii_mbtowc
                0x00000000080079a2       0x24 c:/st/stm32cubeide_1.9.0/stm32cubeide/plugins/com.st.stm32cube.ide.mcu.externaltools.gnu-tools-for-stm32.10.3-2021.10.win32_1.0.0.202111181127/tools/bin/../lib/gcc/arm-none-eabi/10.3.1/../../../../arm-none-eabi/lib/thumb/v7e-m+fp/hard\libc_nano.a(lib_a-mbtowc_r.o)
                0x00000000080079a2                __ascii_mbtowc
 .text.memmove  0x00000000080079c6       0x34 c:/st/stm32cubeide_1.9.0/stm32cubeide/plugins/com.st.stm32cube.ide.mcu.externaltools.gnu-tools-for-stm32.10.3-2021.10.win32_1.0.0.202111181127/tools/bin/../lib/gcc/arm-none-eabi/10.3.1/../../../../arm-none-eabi/lib/thumb/v7e-m+fp/hard\libc_nano.a(lib_a-memmove.o)
                0x00000000080079c6                memmove
 .text._realloc_r
                0x00000000080079fa       0x5e c:/st/stm32cubeide_1.9.0/stm32cubeide/plugins/com.st.stm32cube.ide.mcu.externaltools.gnu-tools-for-stm32.10.3-2021.10.win32_1.0.0.202111181127/tools/bin/../lib/gcc/arm-none-eabi/10.3.1/../../../../arm-none-eabi/lib/thumb/v7e-m+fp/hard\libc_nano.a(lib_a-nano-reallocr.o)
                0x00000000080079fa                _realloc_r
 .text.__sfputc_r
                0x0000000008007a58       0x2e c:/st/stm32cubeide_1.9.0/stm32cubeide/plugins/com.st.stm32cube.ide.mcu.externaltools.gnu-tools-for-stm32.10.3-2021.10.win32_1.0.0.202111181127/tools/bin/../lib/gcc/arm-none-eabi/10.3.1/../../../../arm-none-eabi/lib/thumb/v7e-m+fp/hard\libc_nano.a(lib_a-nano-vfprintf.o)
 .text.__sfputs_r
                0x0000000008007a86       0x24 c:/st/stm32cubeide_1.9.0/stm32cubeide/plugins/com.st.stm32cube.ide.mcu.externaltools.gnu-tools-for-stm32.10.3-2021.10.win32_1.0.0.202111181127/tools/bin/../lib/gcc/arm-none-eabi/10.3.1/../../../../arm-none-eabi/lib/thumb/v7e-m+fp/hard\libc_nano.a(lib_a-nano-vfprintf.o)
                0x0000000008007a86                __sfputs_r
 *fill*         0x0000000008007aaa        0x2 
 .text._vfprintf_r
                0x0000000008007aac      0x260 c:/st/stm32cubeide_1.9.0/stm32cubeide/plugins/com.st.stm32cube.ide.mcu.externaltools.gnu-tools-for-stm32.10.3-2021.10.win32_1.0.0.202111181127/tools/bin/../lib/gcc/arm-none-eabi/10.3.1/../../../../arm-none-eabi/lib/thumb/v7e-m+fp/hard\libc_nano.a(lib_a-nano-vfprintf.o)
                0x0000000008007aac                _vfprintf_r
                0x0000000008007aac                _vfiprintf_r
 .text.__swbuf_r
                0x0000000008007d0c       0xa4 c:/st/stm32cubeide_1.9.0/stm32cubeide/plugins/com.st.stm32cube.ide.mcu.externaltools.gnu-tools-for-stm32.10.3-2021.10.win32_1.0.0.202111181127/tools/bin/../lib/gcc/arm-none-eabi/10.3.1/../../../../arm-none-eabi/lib/thumb/v7e-m+fp/hard\libc_nano.a(lib_a-wbuf.o)
                0x0000000008007d0c                __swbuf_r
 .text.__ascii_wctomb
                0x0000000008007db0       0x1a c:/st/stm32cubeide_1.9.0/stm32cubeide/plugins/com.st.stm32cube.ide.mcu.externaltools.gnu-tools-for-stm32.10.3-2021.10.win32_1.0.0.202111181127/tools/bin/../lib/gcc/arm-none-eabi/10.3.1/../../../../arm-none-eabi/lib/thumb/v7e-m+fp/hard\libc_nano.a(lib_a-wctomb_r.o)
                0x0000000008007db0                __ascii_wctomb
 *fill*         0x0000000008007dca        0x2 
 .text.__swsetup_r
                0x0000000008007dcc       0xdc c:/st/stm32cubeide_1.9.0/stm32cubeide/plugins/com.st.stm32cube.ide.mcu.externaltools.gnu-tools-for-stm32.10.3-2021.10.win32_1.0.0.202111181127/tools/bin/../lib/gcc/arm-none-eabi/10.3.1/../../../../arm-none-eabi/lib/thumb/v7e-m+fp/hard\libc_nano.a(lib_a-wsetup.o)
                0x0000000008007dcc                __swsetup_r
 .text.abort    0x0000000008007ea8        0xe c:/st/stm32cubeide_1.9.0/stm32cubeide/plugins/com.st.stm32cube.ide.mcu.externaltools.gnu-tools-for-stm32.10.3-2021.10.win32_1.0.0.202111181127/tools/bin/../lib/gcc/arm-none-eabi/10.3.1/../../../../arm-none-eabi/lib/thumb/v7e-m+fp/hard\libc_nano.a(lib_a-abort.o)
                0x0000000008007ea8                abort
 *fill*         0x0000000008007eb6        0x2 
 .text.__sflush_r
                0x0000000008007eb8      0x10c c:/st/stm32cubeide_1.9.0/stm32cubeide/plugins/com.st.stm32cube.ide.mcu.externaltools.gnu-tools-for-stm32.10.3-2021.10.win32_1.0.0.202111181127/tools/bin/../lib/gcc/arm-none-eabi/10.3.1/../../../../arm-none-eabi/lib/thumb/v7e-m+fp/hard\libc_nano.a(lib_a-fflush.o)
                0x0000000008007eb8                __sflush_r
 .text._fflush_r
                0x0000000008007fc4       0x78 c:/st/stm32cubeide_1.9.0/stm32cubeide/plugins/com.st.stm32cube.ide.mcu.externaltools.gnu-tools-for-stm32.10.3-2021.10.win32_1.0.0.202111181127/tools/bin/../lib/gcc/arm-none-eabi/10.3.1/../../../../arm-none-eabi/lib/thumb/v7e-m+fp/hard\libc_nano.a(lib_a-fflush.o)
                0x0000000008007fc4                _fflush_r
 .text.std      0x000000000800803c       0x48 c:/st/stm32cubeide_1.9.0/stm32cubeide/plugins/com.st.stm32cube.ide.mcu.externaltools.gnu-tools-for-stm32.10.3-2021.10.win32_1.0.0.202111181127/tools/bin/../lib/gcc/arm-none-eabi/10.3.1/../../../../arm-none-eabi/lib/thumb/v7e-m+fp/hard\libc_nano.a(lib_a-findfp.o)
 .text._cleanup_r
                0x0000000008008084        0xc c:/st/stm32cubeide_1.9.0/stm32cubeide/plugins/com.st.stm32cube.ide.mcu.externaltools.gnu-tools-for-stm32.10.3-2021.10.win32_1.0.0.202111181127/tools/bin/../lib/gcc/arm-none-eabi/10.3.1/../../../../arm-none-eabi/lib/thumb/v7e-m+fp/hard\libc_nano.a(lib_a-findfp.o)
                0x0000000008008084                _cleanup_r
 .text.__sfmoreglue
                0x0000000008008090       0x2c c:/st/stm32cubeide_1.9.0/stm32cubeide/plugins/com.st.stm32cube.ide.mcu.externaltools.gnu-tools-for-stm32.10.3-2021.10.win32_1.0.0.202111181127/tools/bin/../lib/gcc/arm-none-eabi/10.3.1/../../../../arm-none-eabi/lib/thumb/v7e-m+fp/hard\libc_nano.a(lib_a-findfp.o)
                0x0000000008008090                __sfmoreglue
 .text.__sfp_lock_acquire
                0x00000000080080bc        0xc c:/st/stm32cubeide_1.9.0/stm32cubeide/plugins/com.st.stm32cube.ide.mcu.externaltools.gnu-tools-for-stm32.10.3-2021.10.win32_1.0.0.202111181127/tools/bin/../lib/gcc/arm-none-eabi/10.3.1/../../../../arm-none-eabi/lib/thumb/v7e-m+fp/hard\libc_nano.a(lib_a-findfp.o)
                0x00000000080080bc                __sfp_lock_acquire
 .text.__sfp_lock_release
                0x00000000080080c8        0xc c:/st/stm32cubeide_1.9.0/stm32cubeide/plugins/com.st.stm32cube.ide.mcu.externaltools.gnu-tools-for-stm32.10.3-2021.10.win32_1.0.0.202111181127/tools/bin/../lib/gcc/arm-none-eabi/10.3.1/../../../../arm-none-eabi/lib/thumb/v7e-m+fp/hard\libc_nano.a(lib_a-findfp.o)
                0x00000000080080c8                __sfp_lock_release
 .text.__sinit_lock_acquire
                0x00000000080080d4        0xc c:/st/stm32cubeide_1.9.0/stm32cubeide/plugins/com.st.stm32cube.ide.mcu.externaltools.gnu-tools-for-stm32.10.3-2021.10.win32_1.0.0.202111181127/tools/bin/../lib/gcc/arm-none-eabi/10.3.1/../../../../arm-none-eabi/lib/thumb/v7e-m+fp/hard\libc_nano.a(lib_a-findfp.o)
                0x00000000080080d4                __sinit_lock_acquire
 .text.__sinit_lock_release
                0x00000000080080e0        0xc c:/st/stm32cubeide_1.9.0/stm32cubeide/plugins/com.st.stm32cube.ide.mcu.externaltools.gnu-tools-for-stm32.10.3-2021.10.win32_1.0.0.202111181127/tools/bin/../lib/gcc/arm-none-eabi/10.3.1/../../../../arm-none-eabi/lib/thumb/v7e-m+fp/hard\libc_nano.a(lib_a-findfp.o)
                0x00000000080080e0                __sinit_lock_release
 .text.__sinit  0x00000000080080ec       0x70 c:/st/stm32cubeide_1.9.0/stm32cubeide/plugins/com.st.stm32cube.ide.mcu.externaltools.gnu-tools-for-stm32.10.3-2021.10.win32_1.0.0.202111181127/tools/bin/../lib/gcc/arm-none-eabi/10.3.1/../../../../arm-none-eabi/lib/thumb/v7e-m+fp/hard\libc_nano.a(lib_a-findfp.o)
                0x00000000080080ec                __sinit
 .text.__sfp    0x000000000800815c       0x8c c:/st/stm32cubeide_1.9.0/stm32cubeide/plugins/com.st.stm32cube.ide.mcu.externaltools.gnu-tools-for-stm32.10.3-2021.10.win32_1.0.0.202111181127/tools/bin/../lib/gcc/arm-none-eabi/10.3.1/../../../../arm-none-eabi/lib/thumb/v7e-m+fp/hard\libc_nano.a(lib_a-findfp.o)
                0x000000000800815c                __sfp
 .text._fwalk_reent
                0x00000000080081e8       0x3e c:/st/stm32cubeide_1.9.0/stm32cubeide/plugins/com.st.stm32cube.ide.mcu.externaltools.gnu-tools-for-stm32.10.3-2021.10.win32_1.0.0.202111181127/tools/bin/../lib/gcc/arm-none-eabi/10.3.1/../../../../arm-none-eabi/lib/thumb/v7e-m+fp/hard\libc_nano.a(lib_a-fwalk.o)
                0x00000000080081e8                _fwalk_reent
 .text.__swhatbuf_r
                0x0000000008008226       0x4a c:/st/stm32cubeide_1.9.0/stm32cubeide/plugins/com.st.stm32cube.ide.mcu.externaltools.gnu-tools-for-stm32.10.3-2021.10.win32_1.0.0.202111181127/tools/bin/../lib/gcc/arm-none-eabi/10.3.1/../../../../arm-none-eabi/lib/thumb/v7e-m+fp/hard\libc_nano.a(lib_a-makebuf.o)
                0x0000000008008226                __swhatbuf_r
 .text.__smakebuf_r
                0x0000000008008270       0x80 c:/st/stm32cubeide_1.9.0/stm32cubeide/plugins/com.st.stm32cube.ide.mcu.externaltools.gnu-tools-for-stm32.10.3-2021.10.win32_1.0.0.202111181127/tools/bin/../lib/gcc/arm-none-eabi/10.3.1/../../../../arm-none-eabi/lib/thumb/v7e-m+fp/hard\libc_nano.a(lib_a-makebuf.o)
                0x0000000008008270                __smakebuf_r
 .text._malloc_usable_size_r
                0x00000000080082f0       0x10 c:/st/stm32cubeide_1.9.0/stm32cubeide/plugins/com.st.stm32cube.ide.mcu.externaltools.gnu-tools-for-stm32.10.3-2021.10.win32_1.0.0.202111181127/tools/bin/../lib/gcc/arm-none-eabi/10.3.1/../../../../arm-none-eabi/lib/thumb/v7e-m+fp/hard\libc_nano.a(lib_a-nano-msizer.o)
                0x00000000080082f0                _malloc_usable_size_r
 .text._raise_r
                0x0000000008008300       0x50 c:/st/stm32cubeide_1.9.0/stm32cubeide/plugins/com.st.stm32cube.ide.mcu.externaltools.gnu-tools-for-stm32.10.3-2021.10.win32_1.0.0.202111181127/tools/bin/../lib/gcc/arm-none-eabi/10.3.1/../../../../arm-none-eabi/lib/thumb/v7e-m+fp/hard\libc_nano.a(lib_a-signal.o)
                0x0000000008008300                _raise_r
 .text.raise    0x0000000008008350       0x10 c:/st/stm32cubeide_1.9.0/stm32cubeide/plugins/com.st.stm32cube.ide.mcu.externaltools.gnu-tools-for-stm32.10.3-2021.10.win32_1.0.0.202111181127/tools/bin/../lib/gcc/arm-none-eabi/10.3.1/../../../../arm-none-eabi/lib/thumb/v7e-m+fp/hard\libc_nano.a(lib_a-signal.o)
                0x0000000008008350                raise
 .text._kill_r  0x0000000008008360       0x24 c:/st/stm32cubeide_1.9.0/stm32cubeide/plugins/com.st.stm32cube.ide.mcu.externaltools.gnu-tools-for-stm32.10.3-2021.10.win32_1.0.0.202111181127/tools/bin/../lib/gcc/arm-none-eabi/10.3.1/../../../../arm-none-eabi/lib/thumb/v7e-m+fp/hard\libc_nano.a(lib_a-signalr.o)
                0x0000000008008360                _kill_r
 .text._getpid_r
                0x0000000008008384        0x4 c:/st/stm32cubeide_1.9.0/stm32cubeide/plugins/com.st.stm32cube.ide.mcu.externaltools.gnu-tools-for-stm32.10.3-2021.10.win32_1.0.0.202111181127/tools/bin/../lib/gcc/arm-none-eabi/10.3.1/../../../../arm-none-eabi/lib/thumb/v7e-m+fp/hard\libc_nano.a(lib_a-signalr.o)
                0x0000000008008384                _getpid_r
 .text.__sread  0x0000000008008388       0x22 c:/st/stm32cubeide_1.9.0/stm32cubeide/plugins/com.st.stm32cube.ide.mcu.externaltools.gnu-tools-for-stm32.10.3-2021.10.win32_1.0.0.202111181127/tools/bin/../lib/gcc/arm-none-eabi/10.3.1/../../../../arm-none-eabi/lib/thumb/v7e-m+fp/hard\libc_nano.a(lib_a-stdio.o)
                0x0000000008008388                __sread
 .text.__swrite
                0x00000000080083aa       0x38 c:/st/stm32cubeide_1.9.0/stm32cubeide/plugins/com.st.stm32cube.ide.mcu.externaltools.gnu-tools-for-stm32.10.3-2021.10.win32_1.0.0.202111181127/tools/bin/../lib/gcc/arm-none-eabi/10.3.1/../../../../arm-none-eabi/lib/thumb/v7e-m+fp/hard\libc_nano.a(lib_a-stdio.o)
                0x00000000080083aa                __swrite
 .text.__sseek  0x00000000080083e2       0x24 c:/st/stm32cubeide_1.9.0/stm32cubeide/plugins/com.st.stm32cube.ide.mcu.externaltools.gnu-tools-for-stm32.10.3-2021.10.win32_1.0.0.202111181127/tools/bin/../lib/gcc/arm-none-eabi/10.3.1/../../../../arm-none-eabi/lib/thumb/v7e-m+fp/hard\libc_nano.a(lib_a-stdio.o)
                0x00000000080083e2                __sseek
 .text.__sclose
                0x0000000008008406        0x8 c:/st/stm32cubeide_1.9.0/stm32cubeide/plugins/com.st.stm32cube.ide.mcu.externaltools.gnu-tools-for-stm32.10.3-2021.10.win32_1.0.0.202111181127/tools/bin/../lib/gcc/arm-none-eabi/10.3.1/../../../../arm-none-eabi/lib/thumb/v7e-m+fp/hard\libc_nano.a(lib_a-stdio.o)
                0x0000000008008406                __sclose
 *fill*         0x000000000800840e        0x2 
 .text._write_r
                0x0000000008008410       0x24 c:/st/stm32cubeide_1.9.0/stm32cubeide/plugins/com.st.stm32cube.ide.mcu.externaltools.gnu-tools-for-stm32.10.3-2021.10.win32_1.0.0.202111181127/tools/bin/../lib/gcc/arm-none-eabi/10.3.1/../../../../arm-none-eabi/lib/thumb/v7e-m+fp/hard\libc_nano.a(lib_a-writer.o)
                0x0000000008008410                _write_r
 .text._close_r
                0x0000000008008434       0x20 c:/st/stm32cubeide_1.9.0/stm32cubeide/plugins/com.st.stm32cube.ide.mcu.externaltools.gnu-tools-for-stm32.10.3-2021.10.win32_1.0.0.202111181127/tools/bin/../lib/gcc/arm-none-eabi/10.3.1/../../../../arm-none-eabi/lib/thumb/v7e-m+fp/hard\libc_nano.a(lib_a-closer.o)
                0x0000000008008434                _close_r
 .text._fstat_r
                0x0000000008008454       0x24 c:/st/stm32cubeide_1.9.0/stm32cubeide/plugins/com.st.stm32cube.ide.mcu.externaltools.gnu-tools-for-stm32.10.3-2021.10.win32_1.0.0.202111181127/tools/bin/../lib/gcc/arm-none-eabi/10.3.1/../../../../arm-none-eabi/lib/thumb/v7e-m+fp/hard\libc_nano.a(lib_a-fstatr.o)
                0x0000000008008454                _fstat_r
 .text._isatty_r
                0x0000000008008478       0x20 c:/st/stm32cubeide_1.9.0/stm32cubeide/plugins/com.st.stm32cube.ide.mcu.externaltools.gnu-tools-for-stm32.10.3-2021.10.win32_1.0.0.202111181127/tools/bin/../lib/gcc/arm-none-eabi/10.3.1/../../../../arm-none-eabi/lib/thumb/v7e-m+fp/hard\libc_nano.a(lib_a-isattyr.o)
                0x0000000008008478                _isatty_r
 .text._lseek_r
                0x0000000008008498       0x24 c:/st/stm32cubeide_1.9.0/stm32cubeide/plugins/com.st.stm32cube.ide.mcu.externaltools.gnu-tools-for-stm32.10.3-2021.10.win32_1.0.0.202111181127/tools/bin/../lib/gcc/arm-none-eabi/10.3.1/../../../../arm-none-eabi/lib/thumb/v7e-m+fp/hard\libc_nano.a(lib_a-lseekr.o)
                0x0000000008008498                _lseek_r
 .text._read_r  0x00000000080084bc       0x24 c:/st/stm32cubeide_1.9.0/stm32cubeide/plugins/com.st.stm32cube.ide.mcu.externaltools.gnu-tools-for-stm32.10.3-2021.10.win32_1.0.0.202111181127/tools/bin/../lib/gcc/arm-none-eabi/10.3.1/../../../../arm-none-eabi/lib/thumb/v7e-m+fp/hard\libc_nano.a(lib_a-readr.o)
                0x00000000080084bc                _read_r
 .text.ceil     0x00000000080084e0      0x108 c:/st/stm32cubeide_1.9.0/stm32cubeide/plugins/com.st.stm32cube.ide.mcu.externaltools.gnu-tools-for-stm32.10.3-2021.10.win32_1.0.0.202111181127/tools/bin/../lib/gcc/arm-none-eabi/10.3.1/../../../../arm-none-eabi/lib/thumb/v7e-m+fp/hard\libm.a(lib_a-s_ceil.o)
                0x00000000080084e0                ceil
 *(.glue_7)
 .glue_7        0x00000000080085e8        0x0 linker stubs
 *(.glue_7t)
 .glue_7t       0x00000000080085e8        0x0 linker stubs
 *(.eh_frame)
 .eh_frame      0x00000000080085e8        0x0 c:/st/stm32cubeide_1.9.0/stm32cubeide/plugins/com.st.stm32cube.ide.mcu.externaltools.gnu-tools-for-stm32.10.3-2021.10.win32_1.0.0.202111181127/tools/bin/../lib/gcc/arm-none-eabi/10.3.1/thumb/v7e-m+fp/hard/crtbegin.o
 *(.init)
 .init          0x00000000080085e8        0x4 c:/st/stm32cubeide_1.9.0/stm32cubeide/plugins/com.st.stm32cube.ide.mcu.externaltools.gnu-tools-for-stm32.10.3-2021.10.win32_1.0.0.202111181127/tools/bin/../lib/gcc/arm-none-eabi/10.3.1/thumb/v7e-m+fp/hard/crti.o
                0x00000000080085e8                _init
 .init          0x00000000080085ec        0x8 c:/st/stm32cubeide_1.9.0/stm32cubeide/plugins/com.st.stm32cube.ide.mcu.externaltools.gnu-tools-for-stm32.10.3-2021.10.win32_1.0.0.202111181127/tools/bin/../lib/gcc/arm-none-eabi/10.3.1/thumb/v7e-m+fp/hard/crtn.o
 *(.fini)
 .fini          0x00000000080085f4        0x4 c:/st/stm32cubeide_1.9.0/stm32cubeide/plugins/com.st.stm32cube.ide.mcu.externaltools.gnu-tools-for-stm32.10.3-2021.10.win32_1.0.0.202111181127/tools/bin/../lib/gcc/arm-none-eabi/10.3.1/thumb/v7e-m+fp/hard/crti.o
                0x00000000080085f4                _fini
 .fini          0x00000000080085f8        0x8 c:/st/stm32cubeide_1.9.0/stm32cubeide/plugins/com.st.stm32cube.ide.mcu.externaltools.gnu-tools-for-stm32.10.3-2021.10.win32_1.0.0.202111181127/tools/bin/../lib/gcc/arm-none-eabi/10.3.1/thumb/v7e-m+fp/hard/crtn.o
                0x0000000008008600                . = ALIGN (0x4)
                0x0000000008008600                _etext = .

.vfp11_veneer   0x0000000008008600        0x0
 .vfp11_veneer  0x0000000008008600        0x0 linker stubs

.v4_bx          0x0000000008008600        0x0
 .v4_bx         0x0000000008008600        0x0 linker stubs

.iplt           0x0000000008008600        0x0
 .iplt          0x0000000008008600        0x0 c:/st/stm32cubeide_1.9.0/stm32cubeide/plugins/com.st.stm32cube.ide.mcu.externaltools.gnu-tools-for-stm32.10.3-2021.10.win32_1.0.0.202111181127/tools/bin/../lib/gcc/arm-none-eabi/10.3.1/thumb/v7e-m+fp/hard/crtbegin.o

.rodata         0x0000000008008600     0x1724
                0x0000000008008600                . = ALIGN (0x4)
 *(.rodata)
 *(.rodata*)
 .rodata.main.str1.1
                0x0000000008008600      0x237 ./Core/Src/main.o
                                        0x246 (size before relaxing)
 .rodata.str1.1
                0x0000000008008837       0x94 ./Core/Src/main.o
 *fill*         0x00000000080088cb        0x1 
 .rodata.months_array
                0x00000000080088cc       0x34 ./Core/Src/main.o
 .rodata.week_days_arr
                0x0000000008008900       0x20 ./Core/Src/main.o
 .rodata.AHBPrescTable
                0x0000000008008920       0x10 ./Core/Src/system_stm32l4xx.o
                0x0000000008008920                AHBPrescTable
 .rodata.APBPrescTable
                0x0000000008008930        0x8 ./Core/Src/system_stm32l4xx.o
                0x0000000008008930                APBPrescTable
 .rodata.MSIRangeTable
                0x0000000008008938       0x30 ./Core/Src/system_stm32l4xx.o
                0x0000000008008938                MSIRangeTable
 .rodata.a_mcp794xx_print_error_msg.str1.1
                0x0000000008008968       0x1a ./Core/mcp794xx_driver/mcp794xx_driver.o
 .rodata.mcp794xx_init.str1.1
                0x0000000008008982       0xc9 ./Core/mcp794xx_driver/mcp794xx_driver.o
 .rodata.mcp794xx_get_time_and_date.str1.1
                0x0000000008008a4b       0x13 ./Core/mcp794xx_driver/mcp794xx_driver.o
 .rodata.mcp794xx_set_hour_format.str1.1
                0x0000000008008a5e       0x2f ./Core/mcp794xx_driver/mcp794xx_driver.o
 .rodata.mcp794xx_get_hour_format.str1.1
                0x0000000008008a8d       0x10 ./Core/mcp794xx_driver/mcp794xx_driver.o
 .rodata.mcp794xx_set_am_pm.str1.1
                0x0000000008008a9d       0x40 ./Core/mcp794xx_driver/mcp794xx_driver.o
 .rodata.mcp794xx_set_time_and_date.str1.1
                0x0000000008008add      0x274 ./Core/mcp794xx_driver/mcp794xx_driver.o
 .rodata.mcp794xx_get_am_pm.str1.1
                0x0000000008008d51       0x1a ./Core/mcp794xx_driver/mcp794xx_driver.o
 .rodata.mcp794xx_set_osc_status.str1.1
                0x0000000008008d6b       0x3a ./Core/mcp794xx_driver/mcp794xx_driver.o
 .rodata.mcp794xx_get_pwr_fail_time_stamp.str1.1
                0x0000000008008da5       0x94 ./Core/mcp794xx_driver/mcp794xx_driver.o
 .rodata.mcp794xx_set_pwr_fail_time_param.str1.1
                0x0000000008008e39       0x37 ./Core/mcp794xx_driver/mcp794xx_driver.o
 .rodata.mcp794xx_set_alarm_enable_status.str1.1
                0x0000000008008e70       0x30 ./Core/mcp794xx_driver/mcp794xx_driver.o
 .rodata.mcp794xx_set_alarm_interrupt_output_polarity.str1.1
                0x0000000008008ea0       0x55 ./Core/mcp794xx_driver/mcp794xx_driver.o
 .rodata.mcp794xx_set_alarm_time_date.str1.1
                0x0000000008008ef5      0x306 ./Core/mcp794xx_driver/mcp794xx_driver.o
 .rodata.mcp794xx_set_alarm.str1.1
                0x00000000080091fb       0x62 ./Core/mcp794xx_driver/mcp794xx_driver.o
 .rodata.mcp794xx_get_alarm_time_date.str1.1
                0x000000000800925d       0x36 ./Core/mcp794xx_driver/mcp794xx_driver.o
 .rodata.mcp794xx_get_alarm.str1.1
                0x0000000008009293       0x39 ./Core/mcp794xx_driver/mcp794xx_driver.o
 .rodata.mcp794xx_get_alarm_interrupt_flag.str1.1
                0x00000000080092cc       0x4c ./Core/mcp794xx_driver/mcp794xx_driver.o
 .rodata.mcp794xx_clr_alarm_interrupt_flag.str1.1
                0x0000000008009318       0x8c ./Core/mcp794xx_driver/mcp794xx_driver.o
 .rodata.mcp794xx_set_mfp_logic_level.str1.1
                0x00000000080093a4       0x27 ./Core/mcp794xx_driver/mcp794xx_driver.o
 .rodata.mcp794xx_set_ext_batt_enable_status.str1.1
                0x00000000080093cb       0x80 ./Core/mcp794xx_driver/mcp794xx_driver.o
 .rodata.mcp794xx_set_ext_osc_enable_status.str1.1
                0x000000000800944b       0x18 ./Core/mcp794xx_driver/mcp794xx_driver.o
 .rodata.mcp794xx_set_osc_start_bit.str1.1
                0x0000000008009463       0x12 ./Core/mcp794xx_driver/mcp794xx_driver.o
 .rodata.mcp794xx_set_countdown_interrupt_enable_status.str1.1
                0x0000000008009475       0x46 ./Core/mcp794xx_driver/mcp794xx_driver.o
 .rodata.mcp794xx_set_countdown_interrupt_time.str1.1
                0x00000000080094bb       0x42 ./Core/mcp794xx_driver/mcp794xx_driver.o
 .rodata.mcp794xx_uid_read.str1.1
                0x00000000080094fd       0xf7 ./Core/mcp794xx_driver/mcp794xx_driver.o
 .rodata.mcp794xx_sram_write_byte.str1.1
                0x00000000080095f4       0x7a ./Core/mcp794xx_driver/mcp794xx_driver.o
 .rodata.mcp794xx_sram_read_byte.str1.1
                0x000000000800966e       0x73 ./Core/mcp794xx_driver/mcp794xx_driver.o
 .rodata.mcp794xx_sram_erase_selector.str1.1
                0x00000000080096e1       0x43 ./Core/mcp794xx_driver/mcp794xx_driver.o
 .rodata.mcp794xx_wipe_sram.str1.1
                0x0000000008009724        0xa ./Core/mcp794xx_driver/mcp794xx_driver.o
 .rodata.mcp794xx_eeprom_read_byte.str1.1
                0x000000000800972e       0x90 ./Core/mcp794xx_driver/mcp794xx_driver.o
 .rodata.mcp794xx_eeprom_get_bp_status.str1.1
                0x00000000080097be       0x1e ./Core/mcp794xx_driver/mcp794xx_driver.o
 .rodata.mcp794xx_eeprom_check_bp_before_write.str1.1
                0x00000000080097dc       0x26 ./Core/mcp794xx_driver/mcp794xx_driver.o
 .rodata.mcp794xx_eeprom_write_byte.str1.1
                0x0000000008009802       0x8c ./Core/mcp794xx_driver/mcp794xx_driver.o
 .rodata.mcp794xx_eeprom_validate_page_boundary.str1.1
                0x000000000800988e       0x66 ./Core/mcp794xx_driver/mcp794xx_driver.o
 .rodata.mcp794xx_eeprom_put_byte.str1.1
                0x00000000080098f4        0xa ./Core/mcp794xx_driver/mcp794xx_driver.o
                                         0x2e (size before relaxing)
 .rodata.mcp794xx_eeprom_get_byte.str1.1
                0x00000000080098fe        0xa ./Core/mcp794xx_driver/mcp794xx_driver.o
 .rodata.mcp794xx_info.str1.1
                0x0000000008009908       0x17 ./Core/mcp794xx_driver/mcp794xx_driver.o
 .rodata.days_in_month
                0x000000000800991f        0xc ./Core/mcp794xx_driver/mcp794xx_driver.o
 .rodata.mcp794xx_basic_initialize.str1.1
                0x000000000800992b        0xb ./Core/mcp794xx_driver/mcp794xx_driver_basic.o
 .rodata.CSWTCH.53
                0x0000000008009936        0x3 ./Drivers/STM32L4xx_HAL_Driver/Src/stm32l4xx_hal_uart.o
 .rodata.CSWTCH.54
                0x0000000008009939        0xd ./Drivers/STM32L4xx_HAL_Driver/Src/stm32l4xx_hal_uart.o
 *fill*         0x0000000008009946        0x2 
 .rodata._global_impure_ptr
                0x0000000008009948        0x4 c:/st/stm32cubeide_1.9.0/stm32cubeide/plugins/com.st.stm32cube.ide.mcu.externaltools.gnu-tools-for-stm32.10.3-2021.10.win32_1.0.0.202111181127/tools/bin/../lib/gcc/arm-none-eabi/10.3.1/../../../../arm-none-eabi/lib/thumb/v7e-m+fp/hard\libc_nano.a(lib_a-impure.o)
                0x0000000008009948                _global_impure_ptr
 .rodata._printf_float.str1.1
                0x000000000800994c       0x10 c:/st/stm32cubeide_1.9.0/stm32cubeide/plugins/com.st.stm32cube.ide.mcu.externaltools.gnu-tools-for-stm32.10.3-2021.10.win32_1.0.0.202111181127/tools/bin/../lib/gcc/arm-none-eabi/10.3.1/../../../../arm-none-eabi/lib/thumb/v7e-m+fp/hard\libc_nano.a(lib_a-nano-vfprintf_float.o)
                                         0x12 (size before relaxing)
 .rodata._printf_i.str1.1
                0x000000000800995c       0x22 c:/st/stm32cubeide_1.9.0/stm32cubeide/plugins/com.st.stm32cube.ide.mcu.externaltools.gnu-tools-for-stm32.10.3-2021.10.win32_1.0.0.202111181127/tools/bin/../lib/gcc/arm-none-eabi/10.3.1/../../../../arm-none-eabi/lib/thumb/v7e-m+fp/hard\libc_nano.a(lib_a-nano-vfprintf_i.o)
 .rodata._ctype_
                0x000000000800997e      0x101 c:/st/stm32cubeide_1.9.0/stm32cubeide/plugins/com.st.stm32cube.ide.mcu.externaltools.gnu-tools-for-stm32.10.3-2021.10.win32_1.0.0.202111181127/tools/bin/../lib/gcc/arm-none-eabi/10.3.1/../../../../arm-none-eabi/lib/thumb/v7e-m+fp/hard\libc_nano.a(lib_a-ctype_.o)
                0x000000000800997e                _ctype_
 .rodata._dtoa_r.str1.1
                0x0000000008009a7f       0x90 c:/st/stm32cubeide_1.9.0/stm32cubeide/plugins/com.st.stm32cube.ide.mcu.externaltools.gnu-tools-for-stm32.10.3-2021.10.win32_1.0.0.202111181127/tools/bin/../lib/gcc/arm-none-eabi/10.3.1/../../../../arm-none-eabi/lib/thumb/v7e-m+fp/hard\libc_nano.a(lib_a-dtoa.o)
                                         0x92 (size before relaxing)
 .rodata._Balloc.str1.1
                0x0000000008009b0f       0x5c c:/st/stm32cubeide_1.9.0/stm32cubeide/plugins/com.st.stm32cube.ide.mcu.externaltools.gnu-tools-for-stm32.10.3-2021.10.win32_1.0.0.202111181127/tools/bin/../lib/gcc/arm-none-eabi/10.3.1/../../../../arm-none-eabi/lib/thumb/v7e-m+fp/hard\libc_nano.a(lib_a-mprec.o)
                                         0x73 (size before relaxing)
 .rodata.__multadd.str1.1
                0x0000000008009b6b       0x11 c:/st/stm32cubeide_1.9.0/stm32cubeide/plugins/com.st.stm32cube.ide.mcu.externaltools.gnu-tools-for-stm32.10.3-2021.10.win32_1.0.0.202111181127/tools/bin/../lib/gcc/arm-none-eabi/10.3.1/../../../../arm-none-eabi/lib/thumb/v7e-m+fp/hard\libc_nano.a(lib_a-mprec.o)
 *fill*         0x0000000008009b6b        0x5 
 .rodata.__mprec_bigtens
                0x0000000008009b70       0x28 c:/st/stm32cubeide_1.9.0/stm32cubeide/plugins/com.st.stm32cube.ide.mcu.externaltools.gnu-tools-for-stm32.10.3-2021.10.win32_1.0.0.202111181127/tools/bin/../lib/gcc/arm-none-eabi/10.3.1/../../../../arm-none-eabi/lib/thumb/v7e-m+fp/hard\libc_nano.a(lib_a-mprec.o)
                0x0000000008009b70                __mprec_bigtens
 .rodata.__mprec_tens
                0x0000000008009b98       0xc8 c:/st/stm32cubeide_1.9.0/stm32cubeide/plugins/com.st.stm32cube.ide.mcu.externaltools.gnu-tools-for-stm32.10.3-2021.10.win32_1.0.0.202111181127/tools/bin/../lib/gcc/arm-none-eabi/10.3.1/../../../../arm-none-eabi/lib/thumb/v7e-m+fp/hard\libc_nano.a(lib_a-mprec.o)
                0x0000000008009b98                __mprec_tens
 .rodata.p05.0  0x0000000008009c60        0xc c:/st/stm32cubeide_1.9.0/stm32cubeide/plugins/com.st.stm32cube.ide.mcu.externaltools.gnu-tools-for-stm32.10.3-2021.10.win32_1.0.0.202111181127/tools/bin/../lib/gcc/arm-none-eabi/10.3.1/../../../../arm-none-eabi/lib/thumb/v7e-m+fp/hard\libc_nano.a(lib_a-mprec.o)
 .rodata._svfprintf_r.str1.1
                0x0000000008009c6c       0x11 c:/st/stm32cubeide_1.9.0/stm32cubeide/plugins/com.st.stm32cube.ide.mcu.externaltools.gnu-tools-for-stm32.10.3-2021.10.win32_1.0.0.202111181127/tools/bin/../lib/gcc/arm-none-eabi/10.3.1/../../../../arm-none-eabi/lib/thumb/v7e-m+fp/hard\libc_nano.a(lib_a-nano-svfprintf.o)
 .rodata.__assert_func.str1.1
                0x0000000008009c7d       0x3c c:/st/stm32cubeide_1.9.0/stm32cubeide/plugins/com.st.stm32cube.ide.mcu.externaltools.gnu-tools-for-stm32.10.3-2021.10.win32_1.0.0.202111181127/tools/bin/../lib/gcc/arm-none-eabi/10.3.1/../../../../arm-none-eabi/lib/thumb/v7e-m+fp/hard\libc_nano.a(lib_a-assert.o)
                                         0x3d (size before relaxing)
 .rodata._setlocale_r.str1.1
                0x0000000008009cb9        0x6 c:/st/stm32cubeide_1.9.0/stm32cubeide/plugins/com.st.stm32cube.ide.mcu.externaltools.gnu-tools-for-stm32.10.3-2021.10.win32_1.0.0.202111181127/tools/bin/../lib/gcc/arm-none-eabi/10.3.1/../../../../arm-none-eabi/lib/thumb/v7e-m+fp/hard\libc_nano.a(lib_a-locale.o)
                                          0x9 (size before relaxing)
 .rodata.str1.1
                0x0000000008009cbf        0x2 c:/st/stm32cubeide_1.9.0/stm32cubeide/plugins/com.st.stm32cube.ide.mcu.externaltools.gnu-tools-for-stm32.10.3-2021.10.win32_1.0.0.202111181127/tools/bin/../lib/gcc/arm-none-eabi/10.3.1/../../../../arm-none-eabi/lib/thumb/v7e-m+fp/hard\libc_nano.a(lib_a-locale.o)
 .rodata._vfprintf_r.str1.1