../Core/mcp794xx_driver/mcp794xx_driver_basic.c:39:9:mcp794xx_basic_initialize	16	static
../Core/mcp794xx_driver/mcp794xx_driver_basic.c:170:9:mcp794xx_basic_irq_handler	8	static
../Core/mcp794xx_driver/mcp794xx_driver_basic.c:185:9:mcp794xx_basic_irq_callBack	8	static
../Core/mcp794xx_driver/mcp794xx_driver_basic.c:199:9:mcp794xx_basic_get_variant	8	static
../Core/mcp794xx_driver/mcp794xx_driver_basic.c:206:9:mcp794xx_basic_get_debug_print_buffer_size	8	static
../Core/mcp794xx_driver/mcp794xx_driver_basic.c:238:9:mcp794xx_basic_get_current_time_date	8	static
../Core/mcp794xx_driver/mcp794xx_driver_basic.c:252:9:mcp794xx_basic_set_time_format	16	static
../Core/mcp794xx_driver/mcp794xx_driver_basic.c:220:9:mcp794xx_basic_set_time_date	16	static
../Core/mcp794xx_driver/mcp794xx_driver_basic.c:280:9:mcp794xx_basic_get_time_format	8	static
../Core/mcp794xx_driver/mcp794xx_driver_basic.c:295:9:mcp794xx_basic_clr_pwr_fail_status	8	static
../Core/mcp794xx_driver/mcp794xx_driver_basic.c:310:9:mcp794xx_basic_get_pwr_fail_status	8	static
../Core/mcp794xx_driver/mcp794xx_driver_basic.c:328:9:mcp794xx_basic_get_pwr_fail_time_stamp	24	static
../Core/mcp794xx_driver/mcp794xx_driver_basic.c:345:10:mcp794xx_basic_enable_ext_batt_bckup_pwr	8	static
../Core/mcp794xx_driver/mcp794xx_driver_basic.c:361:10:mcp794xx_basic_disable_ext_batt_bckup_pwr	8	static
../Core/mcp794xx_driver/mcp794xx_driver_basic.c:377:9:mcp794xx_basic_enable_alarm	16	static
../Core/mcp794xx_driver/mcp794xx_driver_basic.c:398:9:mcp794xx_basic_disable_alarm	8	static
../Core/mcp794xx_driver/mcp794xx_driver_basic.c:418:9:mcp794xx_basic_set_alarm_time_date	24	static
../Core/mcp794xx_driver/mcp794xx_driver_basic.c:447:9:mcp794xx_basic_get_alarm_time_date	8	static
../Core/mcp794xx_driver/mcp794xx_driver_basic.c:464:9:mcp794xx_basic_get_alarm_interrupt_flag	8	static
../Core/mcp794xx_driver/mcp794xx_driver_basic.c:479:9:mcp794xx_basic_clr_alarm_interrupt_flag	8	static
../Core/mcp794xx_driver/mcp794xx_driver_basic.c:494:9:mcp794xx_basic_enable_countdown_interrupt	8	static
../Core/mcp794xx_driver/mcp794xx_driver_basic.c:509:9:mcp794xx_basic_disable_countdown_interrupt	8	static
../Core/mcp794xx_driver/mcp794xx_driver_basic.c:534:9:mcp794xx_basic_set_countdown_time	8	static
../Core/mcp794xx_driver/mcp794xx_driver_basic.c:550:9:mcp794xx_basic_enable_sqr_wave_output	8	static
../Core/mcp794xx_driver/mcp794xx_driver_basic.c:566:9:mcp794xx_basic_disable_sqr_wave_output	8	static
../Core/mcp794xx_driver/mcp794xx_driver_basic.c:581:9:mcp794xx_basic_enable_coarse_trim	8	static
../Core/mcp794xx_driver/mcp794xx_driver_basic.c:596:9:mcp794xx_basic_disable_coarse_trim	8	static
../Core/mcp794xx_driver/mcp794xx_driver_basic.c:612:9:mcp794xx_basic_set_coarse_trim_value	8	static
../Core/mcp794xx_driver/mcp794xx_driver_basic.c:628:9:mcp94xx_basic_set_sqr_wave_output_freq	8	static
../Core/mcp794xx_driver/mcp794xx_driver_basic.c:645:9:mcp794xx_basic_convert_time_to_epoch_unix_time	8	static
../Core/mcp794xx_driver/mcp794xx_driver_basic.c:663:9:mcp794xx_basic_convert_epoch_to_human_time_format	8	static
../Core/mcp794xx_driver/mcp794xx_driver_basic.c:680:9:mcp794xx_basic_get_compile_time_date	8	static
../Core/mcp794xx_driver/mcp794xx_driver_basic.c:699:9:mcp794xx_basic_sram_write_byte	8	static
../Core/mcp794xx_driver/mcp794xx_driver_basic.c:718:9:mcp794xx_basic_sram_read_byte	8	static
../Core/mcp794xx_driver/mcp794xx_driver_basic.c:736:9:mcp794xx_basic_sram_erase_selector	8	static
../Core/mcp794xx_driver/mcp794xx_driver_basic.c:751:9:mcp794xx_basic_sram_wipe	8	static
../Core/mcp794xx_driver/mcp794xx_driver_basic.c:767:9:mcp794xx_basic_uid_read	8	static
../Core/mcp794xx_driver/mcp794xx_driver_basic.c:784:9:mcp794xx_basic_eeprom_erase_page	8	static
../Core/mcp794xx_driver/mcp794xx_driver_basic.c:802:9:mcp794xx_basic_eeprom_erase_sector	16	static
../Core/mcp794xx_driver/mcp794xx_driver_basic.c:823:9:mcp794xx_basic_eeprom_erase_chip	8	static
../Core/mcp794xx_driver/mcp794xx_driver_basic.c:839:9:mcp794xx_basic_eeprom_set_bp_status	8	static
../Core/mcp794xx_driver/mcp794xx_driver_basic.c:855:9:mcp794xx_basic_eeprom_get_bp_status	8	static
../Core/mcp794xx_driver/mcp794xx_driver_basic.c:876:9:mcp794xx_basic_eeprom_write_byte	8	static
../Core/mcp794xx_driver/mcp794xx_driver_basic.c:895:9:mcp794xx_basic_eeprom_read_byte	8	static
../Core/mcp794xx_driver/mcp794xx_driver_basic.c:917:9:mcp794xx_basic_eeprom_put_byte	8	static
../Core/mcp794xx_driver/mcp794xx_driver_basic.c:937:9:mcp794xx_basic_eeprom_get_byte	8	static
../Core/mcp794xx_driver/mcp794xx_driver_basic.c:956:9:mcp794xx_basic_eeprom_update	8	static
../Core/mcp794xx_driver/mcp794xx_driver_basic.c:971:9:mcp794xx_basic_write_register	8	static
../Core/mcp794xx_driver/mcp794xx_driver_basic.c:987:9:mcp794xx_basic_read_reg	8	static
