Archive member included to satisfy reference by file (symbol)

c:/st/stm32cubeide_1.9.0/stm32cubeide/plugins/com.st.stm32cube.ide.mcu.externaltools.gnu-tools-for-stm32.10.3-2021.10.win32_1.0.0.202111181127/tools/bin/../lib/gcc/arm-none-eabi/10.3.1/../../../../arm-none-eabi/lib/thumb/v7e-m+fp/hard\libc_nano.a(lib_a-atoi.o)
                              ./Core/mcp794xx_driver/mcp794xx_driver.o (atoi)
c:/st/stm32cubeide_1.9.0/stm32cubeide/plugins/com.st.stm32cube.ide.mcu.externaltools.gnu-tools-for-stm32.10.3-2021.10.win32_1.0.0.202111181127/tools/bin/../lib/gcc/arm-none-eabi/10.3.1/../../../../arm-none-eabi/lib/thumb/v7e-m+fp/hard\libc_nano.a(lib_a-calloc.o)
                              ./Core/Src/main.o (calloc)
c:/st/stm32cubeide_1.9.0/stm32cubeide/plugins/com.st.stm32cube.ide.mcu.externaltools.gnu-tools-for-stm32.10.3-2021.10.win32_1.0.0.202111181127/tools/bin/../lib/gcc/arm-none-eabi/10.3.1/../../../../arm-none-eabi/lib/thumb/v7e-m+fp/hard\libc_nano.a(lib_a-errno.o)
                              ./Core/Src/syscalls.o (__errno)
c:/st/stm32cubeide_1.9.0/stm32cubeide/plugins/com.st.stm32cube.ide.mcu.externaltools.gnu-tools-for-stm32.10.3-2021.10.win32_1.0.0.202111181127/tools/bin/../lib/gcc/arm-none-eabi/10.3.1/../../../../arm-none-eabi/lib/thumb/v7e-m+fp/hard\libc_nano.a(lib_a-exit.o)
                              c:/st/stm32cubeide_1.9.0/stm32cubeide/plugins/com.st.stm32cube.ide.mcu.externaltools.gnu-tools-for-stm32.10.3-2021.10.win32_1.0.0.202111181127/tools/bin/../lib/gcc/arm-none-eabi/10.3.1/../../../../arm-none-eabi/lib/thumb/v7e-m+fp/hard/crt0.o (exit)
c:/st/stm32cubeide_1.9.0/stm32cubeide/plugins/com.st.stm32cube.ide.mcu.externaltools.gnu-tools-for-stm32.10.3-2021.10.win32_1.0.0.202111181127/tools/bin/../lib/gcc/arm-none-eabi/10.3.1/../../../../arm-none-eabi/lib/thumb/v7e-m+fp/hard\libc_nano.a(lib_a-impure.o)
                              c:/st/stm32cubeide_1.9.0/stm32cubeide/plugins/com.st.stm32cube.ide.mcu.externaltools.gnu-tools-for-stm32.10.3-2021.10.win32_1.0.0.202111181127/tools/bin/../lib/gcc/arm-none-eabi/10.3.1/../../../../arm-none-eabi/lib/thumb/v7e-m+fp/hard\libc_nano.a(lib_a-exit.o) (_global_impure_ptr)
c:/st/stm32cubeide_1.9.0/stm32cubeide/plugins/com.st.stm32cube.ide.mcu.externaltools.gnu-tools-for-stm32.10.3-2021.10.win32_1.0.0.202111181127/tools/bin/../lib/gcc/arm-none-eabi/10.3.1/../../../../arm-none-eabi/lib/thumb/v7e-m+fp/hard\libc_nano.a(lib_a-init.o)
                              c:/st/stm32cubeide_1.9.0/stm32cubeide/plugins/com.st.stm32cube.ide.mcu.externaltools.gnu-tools-for-stm32.10.3-2021.10.win32_1.0.0.202111181127/tools/bin/../lib/gcc/arm-none-eabi/10.3.1/../../../../arm-none-eabi/lib/thumb/v7e-m+fp/hard/crt0.o (__libc_init_array)
c:/st/stm32cubeide_1.9.0/stm32cubeide/plugins/com.st.stm32cube.ide.mcu.externaltools.gnu-tools-for-stm32.10.3-2021.10.win32_1.0.0.202111181127/tools/bin/../lib/gcc/arm-none-eabi/10.3.1/../../../../arm-none-eabi/lib/thumb/v7e-m+fp/hard\libc_nano.a(lib_a-malloc.o)
                              ./Core/Src/main.o (free)
c:/st/stm32cubeide_1.9.0/stm32cubeide/plugins/com.st.stm32cube.ide.mcu.externaltools.gnu-tools-for-stm32.10.3-2021.10.win32_1.0.0.202111181127/tools/bin/../lib/gcc/arm-none-eabi/10.3.1/../../../../arm-none-eabi/lib/thumb/v7e-m+fp/hard\libc_nano.a(lib_a-memcpy-stub.o)
                              ./Core/mcp794xx_driver/mcp794xx_driver.o (memcpy)
c:/st/stm32cubeide_1.9.0/stm32cubeide/plugins/com.st.stm32cube.ide.mcu.externaltools.gnu-tools-for-stm32.10.3-2021.10.win32_1.0.0.202111181127/tools/bin/../lib/gcc/arm-none-eabi/10.3.1/../../../../arm-none-eabi/lib/thumb/v7e-m+fp/hard\libc_nano.a(lib_a-memset.o)
                              c:/st/stm32cubeide_1.9.0/stm32cubeide/plugins/com.st.stm32cube.ide.mcu.externaltools.gnu-tools-for-stm32.10.3-2021.10.win32_1.0.0.202111181127/tools/bin/../lib/gcc/arm-none-eabi/10.3.1/../../../../arm-none-eabi/lib/thumb/v7e-m+fp/hard/crt0.o (memset)
c:/st/stm32cubeide_1.9.0/stm32cubeide/plugins/com.st.stm32cube.ide.mcu.externaltools.gnu-tools-for-stm32.10.3-2021.10.win32_1.0.0.202111181127/tools/bin/../lib/gcc/arm-none-eabi/10.3.1/../../../../arm-none-eabi/lib/thumb/v7e-m+fp/hard\libc_nano.a(lib_a-nano-callocr.o)
                              c:/st/stm32cubeide_1.9.0/stm32cubeide/plugins/com.st.stm32cube.ide.mcu.externaltools.gnu-tools-for-stm32.10.3-2021.10.win32_1.0.0.202111181127/tools/bin/../lib/gcc/arm-none-eabi/10.3.1/../../../../arm-none-eabi/lib/thumb/v7e-m+fp/hard\libc_nano.a(lib_a-calloc.o) (_calloc_r)
c:/st/stm32cubeide_1.9.0/stm32cubeide/plugins/com.st.stm32cube.ide.mcu.externaltools.gnu-tools-for-stm32.10.3-2021.10.win32_1.0.0.202111181127/tools/bin/../lib/gcc/arm-none-eabi/10.3.1/../../../../arm-none-eabi/lib/thumb/v7e-m+fp/hard\libc_nano.a(lib_a-nano-freer.o)
[...]
Memory Configuration

Name             Origin             Length             Attributes
RAM              0x0000000020000000 0x0000000000010000 xrw
RAM2             0x0000000010000000 0x0000000000004000 xrw
FLASH            0x0000000008000000 0x0000000000040000 xr
*default*        0x0000000000000000 0xffffffffffffffff

Linker script and memory map

LOAD c:/st/stm32cubeide_1.9.0/stm32cubeide/plugins/com.st.stm32cube.ide.mcu.externaltools.gnu-tools-for-stm32.10.3-2021.10.win32_1.0.0.202111181127/tools/bin/../lib/gcc/arm-none-eabi/10.3.1/thumb/v7e-m+fp/hard/crti.o
LOAD c:/st/stm32cubeide_1.9.0/stm32cubeide/plugins/com.st.stm32cube.ide.mcu.externaltools.gnu-tools-for-stm32.10.3-2021.10.win32_1.0.0.202111181127/tools/bin/../lib/gcc/arm-none-eabi/10.3.1/thumb/v7e-m+fp/hard/crtbegin.o
LOAD c:/st/stm32cubeide_1.9.0/stm32cubeide/plugins/com.st.stm32cube.ide.mcu.externaltools.gnu-tools-for-stm32.10.3-2021.10.win32_1.0.0.202111181127/tools/bin/../lib/gcc/arm-none-eabi/10.3.1/../../../../arm-none-eabi/lib/thumb/v7e-m+fp/hard/crt0.o
LOAD ./Core/Src/main.o
LOAD ./Core/Src/stm32l4xx_hal_msp.o
LOAD ./Core/Src/stm32l4xx_it.o
LOAD ./Core/Src/syscalls.o
LOAD ./Core/Src/sysmem.o
LOAD ./Core/Src/system_stm32l4xx.o
LOAD ./Core/Startup/startup_stm32l432kcux.o
LOAD ./Core/mcp794xx_driver/mcp794xx_driver.o
LOAD ./Core/mcp794xx_driver/mcp794xx_driver_basic.o
LOAD ./Core/mcp794xx_driver/mcp794xx_driver_interface.o
LOAD ./Drivers/STM32L4xx_HAL_Driver/Src/stm32l4xx_hal.o
LOAD ./Drivers/STM32L4xx_HAL_Driver/Src/stm32l4xx_hal_cortex.o
LOAD ./Drivers/STM32L4xx_HAL_Driver/Src/stm32l4xx_hal_dma.o
LOAD ./Drivers/STM32L4xx_HAL_Driver/Src/stm32l4xx_hal_dma_ex.o
LOAD ./Drivers/STM32L4xx_HAL_Driver/Src/stm32l4xx_hal_exti.o
LOAD ./Drivers/STM32L4xx_HAL_Driver/Src/stm32l4xx_hal_flash.o
LOAD ./Drivers/STM32L4xx_HAL_Driver/Src/stm32l4xx_hal_flash_ex.o
LOAD ./Drivers/STM32L4xx_HAL_Driver/Src/stm32l4xx_hal_flash_ramfunc.o
LOAD ./Drivers/STM32L4xx_HAL_Driver/Src/stm32l4xx_hal_gpio.o
LOAD ./Drivers/STM32L4xx_HAL_Driver/Src/stm32l4xx_hal_i2c.o
LOAD ./Drivers/STM32L4xx_HAL_Driver/Src/stm32l4xx_hal_i2c_ex.o
LOAD ./Drivers/STM32L4xx_HAL_Driver/Src/stm32l4xx_hal_pwr.o
LOAD ./Drivers/STM32L4xx_HAL_Driver/Src/stm32l4xx_hal_pwr_ex.o
LOAD ./Drivers/STM32L4xx_HAL_Driver/Src/stm32l4xx_hal_rcc.o
LOAD ./Drivers/STM32L4xx_HAL_Driver/Src/stm32l4xx_hal_rcc_ex.o
LOAD ./Drivers/STM32L4xx_HAL_Driver/Src/stm32l4xx_hal_tim.o
LOAD ./Drivers/STM32L4xx_HAL_Driver/Src/stm32l4xx_hal_tim_ex.o
LOAD ./Drivers/STM32L4xx_HAL_Driver/Src/stm32l4xx_hal_uart.o
LOAD ./Drivers/STM32L4xx_HAL_Driver/Src/stm32l4xx_hal_uart_ex.o
START GROUP
LOAD c:/st/stm32cubeide_1.9.0/stm32cubeide/plugins/com.st.stm32cube.ide.mcu.externaltools.gnu-tools-for-stm32.10.3-2021.10.win32_1.0.0.202111181127/tools/bin/../lib/gcc/arm-none-eabi/10.3.1/../../../../arm-none-eabi/lib/thumb/v7e-m+fp/hard\libc_nano.a
LOAD c:/st/stm32cubeide_1.9.0/stm32cubeide/plugins/com.st.stm32cube.ide.mcu.externaltools.gnu-tools-for-stm32.10.3-2021.10.win32_1.0.0.202111181127/tools/bin/../lib/gcc/arm-none-eabi/10.3.1/../../../../arm-none-eabi/lib/thumb/v7e-m+fp/hard\libm.a
END GROUP
START GROUP
LOAD c:/st/stm32cubeide_1.9.0/stm32cubeide/plugins/com.st.stm32cube.ide.mcu.externaltools.gnu-tools-for-stm32.10.3-2021.10.win32_1.0.0.202111181127/tools/bin/../lib/gcc/arm-none-eabi/10.3.1/thumb/v7e-m+fp/hard\libgcc.a
LOAD c:/st/stm32cubeide_1.9.0/stm32cubeide/plugins/com.st.stm32cube.ide.mcu.externaltools.gnu-tools-for-stm32.10.3-2021.10.win32_1.0.0.202111181127/tools/bin/../lib/gcc/arm-none-eabi/10.3.1/../../../../arm-none-eabi/lib/thumb/v7e-m+fp/hard\libc_nano.a
END GROUP
START GROUP
LOAD c:/st/stm32cubeide_1.9.0/stm32cubeide/plugins/com.st.stm32cube.ide.mcu.externaltools.gnu-tools-for-stm32.10.3-2021.10.win32_1.0.0.202111181127/tools/bin/../lib/gcc/arm-none-eabi/10.3.1/thumb/v7e-m+fp/hard\libgcc.a
LOAD c:/st/stm32cubeide_1.9.0/stm32cubeide/plugins/com.st.stm32cube.ide.mcu.externaltools.gnu-tools-for-stm32.10.3-2021.10.win32_1.0.0.202111181127/tools/bin/../lib/gcc/arm-none-eabi/10.3.1/../../../../arm-none-eabi/lib/thumb/v7e-m+fp/hard\libc_nano.a
LOAD c:/st/stm32cubeide_1.9.0/stm32cubeide/plugins/com.st.stm32cube.ide.mcu.externaltools.gnu-tools-for-stm32.10.3-2021.10.win32_1.0.0.202111181127/tools/bin/../lib/gcc/arm-none-eabi/10.3.1/../../../../arm-none-eabi/lib/thumb/v7e-m+fp/hard\libnosys.a
END GROUP
START GROUP
LOAD c:/st/stm32cubeide_1.9.0/stm32cubeide/plugins/com.st.stm32cube.ide.mcu.externaltools.gnu-tools-for-stm32.10.3-2021.10.win32_1.0.0.202111181127/tools/bin/../lib/gcc/arm-none-eabi/10.3.1/thumb/v7e-m+fp/hard\libgcc.a
LOAD c:/st/stm32cubeide_1.9.0/stm32cubeide/plugins/com.st.stm32cube.ide.mcu.externaltools.gnu-tools-for-stm32.10.3-2021.10.win32_1.0.0.202111181127/tools/bin/../lib/gcc/arm-none-eabi/10.3.1/../../../../arm-none-eabi/lib/thumb/v7e-m+fp/hard\libc_nano.a
LOAD c:/st/stm32cubeide_1.9.0/stm32cubeide/plugins/com.st.stm32cube.ide.mcu.externaltools.gnu-tools-for-stm32.10.3-2021.10.win32_1.0.0.202111181127/tools/bin/../lib/gcc/arm-none-eabi/10.3.1/../../../../arm-none-eabi/lib/thumb/v7e-m+fp/hard\libnosys.a
END GROUP
LOAD c:/st/stm32cubeide_1.9.0/stm32cubeide/plugins/com.st.stm32cube.ide.mcu.externaltools.gnu-tools-for-stm32.10.3-2021.10.win32_1.0.0.202111181127/tools/bin/../lib/gcc/arm-none-eabi/10.3.1/thumb/v7e-m+fp/hard/crtend.o
LOAD c:/st/stm32cubeide_1.9.0/stm32cubeide/plugins/com.st.stm32cube.ide.mcu.externaltools.gnu-tools-for-stm32.10.3-2021.10.win32_1.0.0.202111181127/tools/bin/../lib/gcc/arm-none-eabi/10.3.1/thumb/v7e-m+fp/hard/crtn.o
                0x0000000020010000                _estack = (ORIGIN (RAM) + LENGTH (RAM))
                0x0000000000000200                _Min_Heap_Size = 0x200
                0x0000000000000400                _Min_Stack_Size = 0x400

.isr_vector     0x0000000008000000      0x18c
                0x0000000008000000                . = ALIGN (0x4)
 *(.isr_vector)
 .isr_vector    0x0000000008000000      0x18c ./Core/Startup/startup_stm32l432kcux.o
                0x0000000008000000                g_pfnVectors
                0x000000000800018c                . = ALIGN (0x4)

.text           0x0000000008000190     0x5af8
                0x0000000008000190                . = ALIGN (0x4)
 *(.text)
 .text          0x0000000008000190       0x40 c:/st/stm32cubeide_1.9.0/stm32cubeide/plugins/com.st.stm32cube.ide.mcu.externaltools.gnu-tools-for-stm32.10.3-2021.10.win32_1.0.0.202111181127/tools/bin/../lib/gcc/arm-none-eabi/10.3.1/thumb/v7e-m+fp/hard/crtbegin.o
 .text          0x00000000080001d0       0x10 c:/st/stm32cubeide_1.9.0/stm32cubeide/plugins/com.st.stm32cube.ide.mcu.externaltools.gnu-tools-for-stm32.10.3-2021.10.win32_1.0.0.202111181127/tools/bin/../lib/gcc/arm-none-eabi/10.3.1/../../../../arm-none-eabi/lib/thumb/v7e-m+fp/hard\libc_nano.a(lib_a-strlen.o)
                0x00000000080001d0                strlen
 .text          0x00000000080001e0       0xa0 c:/st/stm32cubeide_1.9.0/stm32cubeide/plugins/com.st.stm32cube.ide.mcu.externaltools.gnu-tools-for-stm32.10.3-2021.10.win32_1.0.0.202111181127/tools/bin/../lib/gcc/arm-none-eabi/10.3.1/../../../../arm-none-eabi/lib/thumb/v7e-m+fp/hard\libc_nano.a(lib_a-memchr.o)
                0x00000000080001e0                memchr
 .text          0x0000000008000280      0x378 c:/st/stm32cubeide_1.9.0/stm32cubeide/plugins/com.st.stm32cube.ide.mcu.externaltools.gnu-tools-for-stm32.10.3-2021.10.win32_1.0.0.202111181127/tools/bin/../lib/gcc/arm-none-eabi/10.3.1/thumb/v7e-m+fp/hard\libgcc.a(_arm_addsubdf3.o)
                0x0000000008000280                __aeabi_drsub
                0x0000000008000288                __aeabi_dsub
                0x0000000008000288                __subdf3
                0x000000000800028c                __aeabi_dadd
                0x000000000800028c                __adddf3
                0x0000000008000504                __floatunsidf
                0x0000000008000504                __aeabi_ui2d
                0x0000000008000524                __floatsidf
                0x0000000008000524                __aeabi_i2d
                0x0000000008000548                __aeabi_f2d
                0x0000000008000548                __extendsfdf2
                0x000000000800058c                __floatundidf
                0x000000000800058c                __aeabi_ul2d
                0x000000000800059c                __floatdidf
                0x000000000800059c                __aeabi_l2d
 .text          0x00000000080005f8      0x110 c:/st/stm32cubeide_1.9.0/stm32cubeide/plugins/com.st.stm32cube.ide.mcu.externaltools.gnu-tools-for-stm32.10.3-2021.10.win32_1.0.0.202111181127/tools/bin/../lib/gcc/arm-none-eabi/10.3.1/thumb/v7e-m+fp/hard\libgcc.a(_arm_cmpdf2.o)
                0x00000000080005f8                __gtdf2
                0x00000000080005f8                __gedf2
                0x0000000008000600                __ltdf2
                0x0000000008000600                __ledf2
                0x0000000008000608                __nedf2
                0x0000000008000608                __eqdf2
                0x0000000008000608                __cmpdf2
                0x0000000008000684                __aeabi_cdrcmple
                0x0000000008000694                __aeabi_cdcmpeq
                0x0000000008000694                __aeabi_cdcmple
                0x00000000080006a4                __aeabi_dcmpeq
                0x00000000080006b8                __aeabi_dcmplt
                0x00000000080006cc                __aeabi_dcmple
                0x00000000080006e0                __aeabi_dcmpge
                0x00000000080006f4                __aeabi_dcmpgt
 .text          0x0000000008000708       0x50 c:/st/stm32cubeide_1.9.0/stm32cubeide/plugins/com.st.stm32cube.ide.mcu.externaltools.gnu-tools-for-stm32.10.3-2021.10.win32_1.0.0.202111181127/tools/bin/../lib/gcc/arm-none-eabi/10.3.1/thumb/v7e-m+fp/hard\libgcc.a(_arm_fixdfsi.o)
                0x0000000008000708                __aeabi_d2iz
                0x0000000008000708                __fixdfsi
 .text          0x0000000008000758       0x30 c:/st/stm32cubeide_1.9.0/stm32cubeide/plugins/com.st.stm32cube.ide.mcu.externaltools.gnu-tools-for-stm32.10.3-2021.10.win32_1.0.0.202111181127/tools/bin/../lib/gcc/arm-none-eabi/10.3.1/thumb/v7e-m+fp/hard\libgcc.a(_aeabi_uldivmod.o)
                0x0000000008000758                __aeabi_uldivmod
 .text          0x0000000008000788      0x2d0 c:/st/stm32cubeide_1.9.0/stm32cubeide/plugins/com.st.stm32cube.ide.mcu.externaltools.gnu-tools-for-stm32.10.3-2021.10.win32_1.0.0.202111181127/tools/bin/../lib/gcc/arm-none-eabi/10.3.1/thumb/v7e-m+fp/hard\libgcc.a(_udivmoddi4.o)
                0x0000000008000788                __udivmoddi4
 .text          0x0000000008000a58        0x4 c:/st/stm32cubeide_1.9.0/stm32cubeide/plugins/com.st.stm32cube.ide.mcu.externaltools.gnu-tools-for-stm32.10.3-2021.10.win32_1.0.0.202111181127/tools/bin/../lib/gcc/arm-none-eabi/10.3.1/thumb/v7e-m+fp/hard\libgcc.a(_dvmd_tls.o)
                0x0000000008000a58                __aeabi_idiv0
                0x0000000008000a58                __aeabi_ldiv0
 *(.text*)
 .text.SystemClock_Config
                0x0000000008000a5c       0x74 ./Core/Src/main.o
                0x0000000008000a5c                SystemClock_Config
 .text.startup.main
                0x0000000008000ad0      0x61c ./Core/Src/main.o
                0x0000000008000ad0                main
 .text.serial_print
                0x00000000080010ec       0x14 ./Core/Src/main.o
                0x00000000080010ec                serial_print
 .text.i2c_write
                0x0000000008001100       0x20 ./Core/Src/main.o
                0x0000000008001100                i2c_write
 .text.i2c_read
                0x0000000008001120       0x20 ./Core/Src/main.o
                0x0000000008001120                i2c_read
 .text.Error_Handler
                0x0000000008001140        0x4 ./Core/Src/main.o
                0x0000000008001140                Error_Handler
 .text.HAL_MspInit
                0x0000000008001144       0x30 ./Core/Src/stm32l4xx_hal_msp.o
                0x0000000008001144                HAL_MspInit
 .text.HAL_I2C_MspInit
                0x0000000008001174       0x84 ./Core/Src/stm32l4xx_hal_msp.o
                0x0000000008001174                HAL_I2C_MspInit
 .text.HAL_UART_MspInit
                0x00000000080011f8       0x84 ./Core/Src/stm32l4xx_hal_msp.o
                0x00000000080011f8                HAL_UART_MspInit
 .text.NMI_Handler
                0x000000000800127c        0x2 ./Core/Src/stm32l4xx_it.o
                0x000000000800127c                NMI_Handler
 .text.HardFault_Handler
                0x000000000800127e        0x2 ./Core/Src/stm32l4xx_it.o
                0x000000000800127e                HardFault_Handler
 .text.MemManage_Handler
                0x0000000008001280        0x2 ./Core/Src/stm32l4xx_it.o
                0x0000000008001280                MemManage_Handler
 .text.BusFault_Handler
                0x0000000008001282        0x2 ./Core/Src/stm32l4xx_it.o
                0x0000000008001282                BusFault_Handler
 .text.UsageFault_Handler
                0x0000000008001284        0x2 ./Core/Src/stm32l4xx_it.o
                0x0000000008001284                UsageFault_Handler
 .text.SVC_Handler
                0x0000000008001286        0x2 ./Core/Src/stm32l4xx_it.o
                0x0000000008001286                SVC_Handler
 .text.DebugMon_Handler
                0x0000000008001288        0x2 ./Core/Src/stm32l4xx_it.o
                0x0000000008001288                DebugMon_Handler
 .text.PendSV_Handler
                0x000000000800128a        0x2 ./Core/Src/stm32l4xx_it.o
                0x000000000800128a                PendSV_Handler
 .text.SysTick_Handler
                0x000000000800128c        0x4 ./Core/Src/stm32l4xx_it.o
                0x000000000800128c                SysTick_Handler
 .text._sbrk    0x0000000008001290       0x40 ./Core/Src/sysmem.o
                0x0000000008001290                _sbrk
 .text.SystemInit
                0x00000000080012d0       0x14 ./Core/Src/system_stm32l4xx.o
                0x00000000080012d0                SystemInit
 .text.Reset_Handler
                0x00000000080012e4       0x50 ./Core/Startup/startup_stm32l432kcux.o
                0x00000000080012e4                Reset_Handler
 .text.Default_Handler
                0x0000000008001334        0x2 ./Core/Startup/startup_stm32l432kcux.o
                0x0000000008001334                RTC_Alarm_IRQHandler
                0x0000000008001334                EXTI2_IRQHandler
                0x0000000008001334                TIM1_CC_IRQHandler
                0x0000000008001334                TSC_IRQHandler
                0x0000000008001334                TAMP_STAMP_IRQHandler
                0x0000000008001334                EXTI3_IRQHandler
                0x0000000008001334                LPTIM2_IRQHandler
                0x0000000008001334                I2C3_ER_IRQHandler
                0x0000000008001334                EXTI0_IRQHandler
                0x0000000008001334                CAN1_RX0_IRQHandler
                0x0000000008001334                FPU_IRQHandler
                0x0000000008001334                TIM1_UP_TIM16_IRQHandler
                0x0000000008001334                SPI1_IRQHandler
                0x0000000008001334                TIM6_DAC_IRQHandler
                0x0000000008001334                DMA2_Channel2_IRQHandler
                0x0000000008001334                DMA1_Channel4_IRQHandler
                0x0000000008001334                ADC1_IRQHandler
                0x0000000008001334                DMA1_Channel7_IRQHandler
                0x0000000008001334                CAN1_RX1_IRQHandler
                0x0000000008001334                DMA2_Channel1_IRQHandler
                0x0000000008001334                QUADSPI_IRQHandler
                0x0000000008001334                I2C1_EV_IRQHandler
                0x0000000008001334                DMA1_Channel6_IRQHandler
                0x0000000008001334                DMA2_Channel4_IRQHandler
                0x0000000008001334                RCC_IRQHandler
                0x0000000008001334                TIM1_TRG_COM_IRQHandler
                0x0000000008001334                DMA1_Channel1_IRQHandler
                0x0000000008001334                Default_Handler
                0x0000000008001334                DMA2_Channel7_IRQHandler
                0x0000000008001334                EXTI15_10_IRQHandler
                0x0000000008001334                TIM7_IRQHandler
                0x0000000008001334                I2C3_EV_IRQHandler
                0x0000000008001334                USB_IRQHandler
                0x0000000008001334                EXTI9_5_IRQHandler
                0x0000000008001334                RTC_WKUP_IRQHandler
                0x0000000008001334                PVD_PVM_IRQHandler
                0x0000000008001334                CAN1_TX_IRQHandler
                0x0000000008001334                DMA2_Channel5_IRQHandler
                0x0000000008001334                CRS_IRQHandler
                0x0000000008001334                DMA1_Channel5_IRQHandler
                0x0000000008001334                EXTI4_IRQHandler
                0x0000000008001334                RNG_IRQHandler
                0x0000000008001334                DMA1_Channel3_IRQHandler
                0x0000000008001334                COMP_IRQHandler
                0x0000000008001334                WWDG_IRQHandler
                0x0000000008001334                LPUART1_IRQHandler
                0x0000000008001334                DMA2_Channel6_IRQHandler
                0x0000000008001334                TIM2_IRQHandler
                0x0000000008001334                EXTI1_IRQHandler
                0x0000000008001334                USART2_IRQHandler
                0x0000000008001334                DMA1_Channel2_IRQHandler
                0x0000000008001334                CAN1_SCE_IRQHandler
                0x0000000008001334                FLASH_IRQHandler
                0x0000000008001334                USART1_IRQHandler
                0x0000000008001334                SPI3_IRQHandler
                0x0000000008001334                I2C1_ER_IRQHandler
                0x0000000008001334                SWPMI1_IRQHandler
                0x0000000008001334                LPTIM1_IRQHandler
                0x0000000008001334                SAI1_IRQHandler
                0x0000000008001334                DMA2_Channel3_IRQHandler
                0x0000000008001334                TIM1_BRK_TIM15_IRQHandler
 .text.rtc_mcp794xx_i2c_write
                0x0000000008001336       0x22 ./Core/mcp794xx_driver/mcp794xx_driver.o
                0x0000000008001336                rtc_mcp794xx_i2c_write
 .text.rtc_mcp794xx_i2c_read
                0x0000000008001358       0x32 ./Core/mcp794xx_driver/mcp794xx_driver.o
                0x0000000008001358                rtc_mcp794xx_i2c_read
 .text.eeprom_mcp794xx_i2c_write
                0x000000000800138a       0x38 ./Core/mcp794xx_driver/mcp794xx_driver.o
                0x000000000800138a                eeprom_mcp794xx_i2c_write
 .text.eeprom_mcp794xx_i2c_read
                0x00000000080013c2       0x32 ./Core/mcp794xx_driver/mcp794xx_driver.o
                0x00000000080013c2                eeprom_mcp794xx_i2c_read
 .text.sram_mcp794xx_i2c_write
                0x00000000080013f4       0x42 ./Core/mcp794xx_driver/mcp794xx_driver.o
                0x00000000080013f4                sram_mcp794xx_i2c_write
 *fill*         0x0000000008001436        0x2 
 .text.a_mcp794xx_print_error_msg
                0x0000000008001438        0xc ./Core/mcp794xx_driver/mcp794xx_driver.o
                0x0000000008001438                a_mcp794xx_print_error_msg
 .text.a_pcf85xxx_dec2bcd
                0x0000000008001444       0x12 ./Core/mcp794xx_driver/mcp794xx_driver.o
                0x0000000008001444                a_pcf85xxx_dec2bcd
 .text.a_pcf85xxx_bcd2dec
                0x0000000008001456       0x12 ./Core/mcp794xx_driver/mcp794xx_driver.o
                0x0000000008001456                a_pcf85xxx_bcd2dec
 .text.mcp794xx_init
                0x0000000008001468       0x74 ./Core/mcp794xx_driver/mcp794xx_driver.o
                0x0000000008001468                mcp794xx_init
 .text.mcp794xx_set_addr_pin
                0x00000000080014dc       0x1a ./Core/mcp794xx_driver/mcp794xx_driver.o
                0x00000000080014dc                mcp794xx_set_addr_pin
 .text.mcp794xx_set_variant
                0x00000000080014f6       0x16 ./Core/mcp794xx_driver/mcp794xx_driver.o
                0x00000000080014f6                mcp794xx_set_variant
 .text.mcp794xx_set_debug_print_buffer_size
                0x000000000800150c       0x16 ./Core/mcp794xx_driver/mcp794xx_driver.o
                0x000000000800150c                mcp794xx_set_debug_print_buffer_size
 *fill*         0x0000000008001522        0x2 
 .text.mcp794xx_get_time_and_date
                0x0000000008001524       0xc4 ./Core/mcp794xx_driver/mcp794xx_driver.o
                0x0000000008001524                mcp794xx_get_time_and_date
 .text.mcp794xx_set_hour_format
                0x00000000080015e8       0x70 ./Core/mcp794xx_driver/mcp794xx_driver.o
                0x00000000080015e8                mcp794xx_set_hour_format
 .text.mcp794xx_get_hour_format
                0x0000000008001658       0x50 ./Core/mcp794xx_driver/mcp794xx_driver.o
                0x0000000008001658                mcp794xx_get_hour_format
 .text.mcp794xx_set_am_pm
                0x00000000080016a8       0x6c ./Core/mcp794xx_driver/mcp794xx_driver.o
                0x00000000080016a8                mcp794xx_set_am_pm
 .text.mcp794xx_set_time_and_date
                0x0000000008001714      0x238 ./Core/mcp794xx_driver/mcp794xx_driver.o
                0x0000000008001714                mcp794xx_set_time_and_date
 .text.mcp794xx_get_am_pm
                0x000000000800194c       0x4c ./Core/mcp794xx_driver/mcp794xx_driver.o
                0x000000000800194c                mcp794xx_get_am_pm
 .text.mcp794xx_set_osc_status
                0x0000000008001998       0x6c ./Core/mcp794xx_driver/mcp794xx_driver.o
                0x0000000008001998                mcp794xx_set_osc_status
 .text.mcp794xx_get_pwr_fail_time_stamp
                0x0000000008001a04       0xd8 ./Core/mcp794xx_driver/mcp794xx_driver.o
                0x0000000008001a04                mcp794xx_get_pwr_fail_time_stamp
 .text.mcp794xx_set_pwr_fail_time_param
                0x0000000008001adc       0x88 ./Core/mcp794xx_driver/mcp794xx_driver.o
                0x0000000008001adc                mcp794xx_set_pwr_fail_time_param
 .text.mcp794xx_set_alarm_enable_status
                0x0000000008001b64       0x9c ./Core/mcp794xx_driver/mcp794xx_driver.o
                0x0000000008001b64                mcp794xx_set_alarm_enable_status
 .text.mcp794xx_set_alarm_interrupt_output_polarity
                0x0000000008001c00       0xac ./Core/mcp794xx_driver/mcp794xx_driver.o
                0x0000000008001c00                mcp794xx_set_alarm_interrupt_output_polarity
 .text.mcp794xx_set_alarm_time_date
                0x0000000008001cac      0x364 ./Core/mcp794xx_driver/mcp794xx_driver.o
                0x0000000008001cac                mcp794xx_set_alarm_time_date
 .text.mcp794xx_set_alarm
                0x0000000008002010       0xfc ./Core/mcp794xx_driver/mcp794xx_driver.o
                0x0000000008002010                mcp794xx_set_alarm
 .text.mcp794xx_get_alarm_time_date
                0x000000000800210c       0xec ./Core/mcp794xx_driver/mcp794xx_driver.o
                0x000000000800210c                mcp794xx_get_alarm_time_date
 .text.mcp794xx_get_alarm
                0x00000000080021f8       0x90 ./Core/mcp794xx_driver/mcp794xx_driver.o
                0x00000000080021f8                mcp794xx_get_alarm
 .text.mcp794xx_get_alarm_interrupt_flag
                0x0000000008002288       0x84 ./Core/mcp794xx_driver/mcp794xx_driver.o
                0x0000000008002288                mcp794xx_get_alarm_interrupt_flag
 .text.mcp794xx_clr_alarm_interrupt_flag
                0x000000000800230c       0xbc ./Core/mcp794xx_driver/mcp794xx_driver.o
                0x000000000800230c                mcp794xx_clr_alarm_interrupt_flag
 .text.mcp794xx_set_mfp_logic_level
                0x00000000080023c8       0x6c ./Core/mcp794xx_driver/mcp794xx_driver.o
                0x00000000080023c8                mcp794xx_set_mfp_logic_level
 .text.mcp94xx_set_sqr_wave_output_freq
                0x0000000008002434       0x68 ./Core/mcp794xx_driver/mcp794xx_driver.o
                0x0000000008002434                mcp94xx_set_sqr_wave_output_freq
 .text.mcp794xx_set_sqr_wave_enable_status
                0x000000000800249c       0x6c ./Core/mcp794xx_driver/mcp794xx_driver.o
                0x000000000800249c                mcp794xx_set_sqr_wave_enable_status
 .text.mcp794xx_set_coarse_trim_mode_status
                0x0000000008002508       0x6c ./Core/mcp794xx_driver/mcp794xx_driver.o
                0x0000000008002508                mcp794xx_set_coarse_trim_mode_status
 .text.mcp794xx_set_ext_batt_enable_status
                0x0000000008002574       0x80 ./Core/mcp794xx_driver/mcp794xx_driver.o
                0x0000000008002574                mcp794xx_set_ext_batt_enable_status
 .text.mcp794xx_set_ext_osc_enable_status
                0x00000000080025f4       0x60 ./Core/mcp794xx_driver/mcp794xx_driver.o
                0x00000000080025f4                mcp794xx_set_ext_osc_enable_status
 .text.mcp794xx_set_osc_start_bit
                0x0000000008002654       0x60 ./Core/mcp794xx_driver/mcp794xx_driver.o
                0x0000000008002654                mcp794xx_set_osc_start_bit
 .text.mcp794xx_read_epoch_unix_time_stamp
                0x00000000080026b4       0x84 ./Core/mcp794xx_driver/mcp794xx_driver.o
                0x00000000080026b4                mcp794xx_read_epoch_unix_time_stamp
 .text.mcp794xx_convert_epoch_unix_time_stamp
                0x0000000008002738      0x158 ./Core/mcp794xx_driver/mcp794xx_driver.o
                0x0000000008002738                mcp794xx_convert_epoch_unix_time_stamp
 .text.mcp794xx_get_compile_time_date
                0x0000000008002890      0x190 ./Core/mcp794xx_driver/mcp794xx_driver.o
                0x0000000008002890                mcp794xx_get_compile_time_date
 .text.mcp794xx_set_countdown_interrupt_enable_status
                0x0000000008002a20       0x54 ./Core/mcp794xx_driver/mcp794xx_driver.o
                0x0000000008002a20                mcp794xx_set_countdown_interrupt_enable_status
 .text.mcp794xx_set_countdown_interrupt_time
                0x0000000008002a74       0xa4 ./Core/mcp794xx_driver/mcp794xx_driver.o
                0x0000000008002a74                mcp794xx_set_countdown_interrupt_time
 .text.mcp794xx_uid_read
                0x0000000008002b18       0xa0 ./Core/mcp794xx_driver/mcp794xx_driver.o
                0x0000000008002b18                mcp794xx_uid_read
 .text.mcp794xx_sram_write_byte
                0x0000000008002bb8       0x74 ./Core/mcp794xx_driver/mcp794xx_driver.o
                0x0000000008002bb8                mcp794xx_sram_write_byte
 .text.mcp794xx_sram_read_byte
                0x0000000008002c2c       0x70 ./Core/mcp794xx_driver/mcp794xx_driver.o
                0x0000000008002c2c                mcp794xx_sram_read_byte
 .text.mcp794xx_sram_erase_selector
                0x0000000008002c9c       0x7c ./Core/mcp794xx_driver/mcp794xx_driver.o
                0x0000000008002c9c                mcp794xx_sram_erase_selector
 .text.mcp794xx_wipe_sram
                0x0000000008002d18       0x48 ./Core/mcp794xx_driver/mcp794xx_driver.o
                0x0000000008002d18                mcp794xx_wipe_sram
 .text.mcp794xx_eeprom_read_byte
                0x0000000008002d60       0x74 ./Core/mcp794xx_driver/mcp794xx_driver.o
                0x0000000008002d60                mcp794xx_eeprom_read_byte
 .text.mcp794xx_eeprom_get_bp_status
                0x0000000008002dd4       0x50 ./Core/mcp794xx_driver/mcp794xx_driver.o
                0x0000000008002dd4                mcp794xx_eeprom_get_bp_status
 .text.mcp794xx_eeprom_check_bp_before_write
                0x0000000008002e24       0x78 ./Core/mcp794xx_driver/mcp794xx_driver.o
                0x0000000008002e24                mcp794xx_eeprom_check_bp_before_write
 .text.mcp794xx_eeprom_write_byte
                0x0000000008002e9c       0x88 ./Core/mcp794xx_driver/mcp794xx_driver.o
                0x0000000008002e9c                mcp794xx_eeprom_write_byte
 .text.mcp794xx_eeprom_get_legth
                0x0000000008002f24       0x12 ./Core/mcp794xx_driver/mcp794xx_driver.o
                0x0000000008002f24                mcp794xx_eeprom_get_legth
 *fill*         0x0000000008002f36        0x2 
 .text.mcp794xx_eeprom_validate_page_boundary
                0x0000000008002f38       0x80 ./Core/mcp794xx_driver/mcp794xx_driver.o
                0x0000000008002f38                mcp794xx_eeprom_validate_page_boundary
 .text.mcp794xx_eeprom_put_byte
                0x0000000008002fb8       0xa0 ./Core/mcp794xx_driver/mcp794xx_driver.o
                0x0000000008002fb8                mcp794xx_eeprom_put_byte
 .text.mcp794xx_eeprom_get_byte
                0x0000000008003058       0xa0 ./Core/mcp794xx_driver/mcp794xx_driver.o
                0x0000000008003058                mcp794xx_eeprom_get_byte
 .text.mcp794xx_info
                0x00000000080030f8       0x70 ./Core/mcp794xx_driver/mcp794xx_driver.o
                0x00000000080030f8                mcp794xx_info
 .text.mcp794xx_basic_initialize
                0x0000000008003168      0x148 ./Core/mcp794xx_driver/mcp794xx_driver_basic.o
                0x0000000008003168                mcp794xx_basic_initialize
 .text.mcp794xx_basic_get_current_time_date
                0x00000000080032b0       0x18 ./Core/mcp794xx_driver/mcp794xx_driver_basic.o
                0x00000000080032b0                mcp794xx_basic_get_current_time_date
 .text.mcp794xx_basic_set_time_format
                0x00000000080032c8       0x3c ./Core/mcp794xx_driver/mcp794xx_driver_basic.o
                0x00000000080032c8                mcp794xx_basic_set_time_format
 .text.mcp794xx_basic_set_time_date
                0x0000000008003304       0x24 ./Core/mcp794xx_driver/mcp794xx_driver_basic.o
                0x0000000008003304                mcp794xx_basic_set_time_date
 .text.mcp794xx_basic_get_pwr_fail_time_stamp
                0x0000000008003328       0x28 ./Core/mcp794xx_driver/mcp794xx_driver_basic.o
                0x0000000008003328                mcp794xx_basic_get_pwr_fail_time_stamp
 .text.mcp794xx_basic_enable_ext_batt_bckup_pwr
                0x0000000008003350       0x18 ./Core/mcp794xx_driver/mcp794xx_driver_basic.o
                0x0000000008003350                mcp794xx_basic_enable_ext_batt_bckup_pwr
 .text.mcp794xx_basic_enable_alarm
                0x0000000008003368       0x2c ./Core/mcp794xx_driver/mcp794xx_driver_basic.o
                0x0000000008003368                mcp794xx_basic_enable_alarm
 .text.mcp794xx_basic_set_alarm_time_date
                0x0000000008003394       0x3c ./Core/mcp794xx_driver/mcp794xx_driver_basic.o
                0x0000000008003394                mcp794xx_basic_set_alarm_time_date
 .text.mcp794xx_basic_get_alarm_time_date
                0x00000000080033d0       0x1c ./Core/mcp794xx_driver/mcp794xx_driver_basic.o
                0x00000000080033d0                mcp794xx_basic_get_alarm_time_date
 .text.mcp794xx_basic_get_alarm_interrupt_flag
                0x00000000080033ec       0x1c ./Core/mcp794xx_driver/mcp794xx_driver_basic.o
                0x00000000080033ec                mcp794xx_basic_get_alarm_interrupt_flag
 .text.mcp794xx_basic_clr_alarm_interrupt_flag
                0x0000000008003408       0x18 ./Core/mcp794xx_driver/mcp794xx_driver_basic.o
                0x0000000008003408                mcp794xx_basic_clr_alarm_interrupt_flag
 .text.mcp794xx_basic_enable_countdown_interrupt
                0x0000000008003420       0x18 ./Core/mcp794xx_driver/mcp794xx_driver_basic.o
                0x0000000008003420                mcp794xx_basic_enable_countdown_interrupt
 .text.mcp794xx_basic_set_countdown_time
                0x0000000008003438       0x1c ./Core/mcp794xx_driver/mcp794xx_driver_basic.o
                0x0000000008003438                mcp794xx_basic_set_countdown_time
 .text.mcp794xx_basic_enable_sqr_wave_output
                0x0000000008003454       0x18 ./Core/mcp794xx_driver/mcp794xx_driver_basic.o
                0x0000000008003454                mcp794xx_basic_enable_sqr_wave_output
 .text.mcp94xx_basic_set_sqr_wave_output_freq
                0x000000000800346c       0x18 ./Core/mcp794xx_driver/mcp794xx_driver_basic.o
                0x000000000800346c                mcp94xx_basic_set_sqr_wave_output_freq
 .text.mcp794xx_basic_convert_time_to_epoch_unix_time
                0x0000000008003484       0x1c ./Core/mcp794xx_driver/mcp794xx_driver_basic.o
                0x0000000008003484                mcp794xx_basic_convert_time_to_epoch_unix_time
 .text.mcp794xx_basic_convert_epoch_to_human_time_format
                0x00000000080034a0       0x1c ./Core/mcp794xx_driver/mcp794xx_driver_basic.o
                0x00000000080034a0                mcp794xx_basic_convert_epoch_to_human_time_format
 .text.mcp794xx_basic_get_compile_time_date
                0x00000000080034bc       0x1c ./Core/mcp794xx_driver/mcp794xx_driver_basic.o
                0x00000000080034bc                mcp794xx_basic_get_compile_time_date
 .text.mcp794xx_basic_sram_write_byte
                0x00000000080034d8       0x1c ./Core/mcp794xx_driver/mcp794xx_driver_basic.o
                0x00000000080034d8                mcp794xx_basic_sram_write_byte
 .text.mcp794xx_basic_sram_read_byte
                0x00000000080034f4       0x1c ./Core/mcp794xx_driver/mcp794xx_driver_basic.o
                0x00000000080034f4                mcp794xx_basic_sram_read_byte
 .text.mcp794xx_basic_sram_erase_selector
                0x0000000008003510       0x1c ./Core/mcp794xx_driver/mcp794xx_driver_basic.o
                0x0000000008003510                mcp794xx_basic_sram_erase_selector
 .text.mcp794xx_basic_sram_wipe
                0x000000000800352c       0x18 ./Core/mcp794xx_driver/mcp794xx_driver_basic.o
                0x000000000800352c                mcp794xx_basic_sram_wipe
 .text.mcp794xx_basic_uid_read
                0x0000000008003544       0x18 ./Core/mcp794xx_driver/mcp794xx_driver_basic.o
                0x0000000008003544                mcp794xx_basic_uid_read
 .text.mcp794xx_basic_eeprom_write_byte
                0x000000000800355c       0x1c ./Core/mcp794xx_driver/mcp794xx_driver_basic.o
                0x000000000800355c                mcp794xx_basic_eeprom_write_byte
 .text.mcp794xx_basic_eeprom_read_byte
                0x0000000008003578       0x1c ./Core/mcp794xx_driver/mcp794xx_driver_basic.o
                0x0000000008003578                mcp794xx_basic_eeprom_read_byte
 .text.mcp794xx_basic_eeprom_put_byte
                0x0000000008003594       0x1c ./Core/mcp794xx_driver/mcp794xx_driver_basic.o
                0x0000000008003594                mcp794xx_basic_eeprom_put_byte
 .text.mcp794xx_basic_eeprom_get_byte
                0x00000000080035b0       0x1c ./Core/mcp794xx_driver/mcp794xx_driver_basic.o
                0x00000000080035b0                mcp794xx_basic_eeprom_get_byte
 .text.mcp794xx_interface_i2c_init
                0x00000000080035cc        0x4 ./Core/mcp794xx_driver/mcp794xx_driver_interface.o
                0x00000000080035cc                mcp794xx_interface_i2c_init
 .text.mcp794xx_interface_i2c_deinit
                0x00000000080035d0        0x4 ./Core/mcp794xx_driver/mcp794xx_driver_interface.o
                0x00000000080035d0                mcp794xx_interface_i2c_deinit
 .text.mcp794xx_interface_i2c_read
                0x00000000080035d4        0x4 ./Core/mcp794xx_driver/mcp794xx_driver_interface.o
                0x00000000080035d4                mcp794xx_interface_i2c_read
 .text.mcp794xx_interface_i2c_write
                0x00000000080035d8        0x4 ./Core/mcp794xx_driver/mcp794xx_driver_interface.o
                0x00000000080035d8                mcp794xx_interface_i2c_write
 .text.mcp794xx_interface_delay_ms
                0x00000000080035dc        0x4 ./Core/mcp794xx_driver/mcp794xx_driver_interface.o
                0x00000000080035dc                mcp794xx_interface_delay_ms
 .text.mcp794xx_interface_debug_print
                0x00000000080035e0       0x46 ./Core/mcp794xx_driver/mcp794xx_driver_interface.o
                0x00000000080035e0                mcp794xx_interface_debug_print
 .text.mcp794xx_interface_irq_callback
                0x0000000008003626        0x2 ./Core/mcp794xx_driver/mcp794xx_driver_interface.o
                0x0000000008003626                mcp794xx_interface_irq_callback
 .text.HAL_InitTick
                0x0000000008003628       0x4c ./Drivers/STM32L4xx_HAL_Driver/Src/stm32l4xx_hal.o
                0x0000000008003628                HAL_InitTick
 .text.HAL_Init
                0x0000000008003674       0x1e ./Drivers/STM32L4xx_HAL_Driver/Src/stm32l4xx_hal.o
                0x0000000008003674                HAL_Init
 *fill*         0x0000000008003692        0x2 
 .text.HAL_IncTick
                0x0000000008003694       0x18 ./Drivers/STM32L4xx_HAL_Driver/Src/stm32l4xx_hal.o
                0x0000000008003694                HAL_IncTick
 .text.HAL_GetTick
                0x00000000080036ac        0xc ./Drivers/STM32L4xx_HAL_Driver/Src/stm32l4xx_hal.o
                0x00000000080036ac                HAL_GetTick
 .text.HAL_Delay
                0x00000000080036b8       0x28 ./Drivers/STM32L4xx_HAL_Driver/Src/stm32l4xx_hal.o
                0x00000000080036b8                HAL_Delay
 .text.HAL_NVIC_SetPriorityGrouping
                0x00000000080036e0       0x24 ./Drivers/STM32L4xx_HAL_Driver/Src/stm32l4xx_hal_cortex.o
                0x00000000080036e0                HAL_NVIC_SetPriorityGrouping
 .text.HAL_NVIC_SetPriority
                0x0000000008003704       0x64 ./Drivers/STM32L4xx_HAL_Driver/Src/stm32l4xx_hal_cortex.o
                0x0000000008003704                HAL_NVIC_SetPriority
 .text.HAL_SYSTICK_Config
                0x0000000008003768       0x28 ./Drivers/STM32L4xx_HAL_Driver/Src/stm32l4xx_hal_cortex.o
                0x0000000008003768                HAL_SYSTICK_Config
 .text.HAL_GPIO_Init
                0x0000000008003790      0x170 ./Drivers/STM32L4xx_HAL_Driver/Src/stm32l4xx_hal_gpio.o
                0x0000000008003790                HAL_GPIO_Init
 .text.HAL_GPIO_WritePin
                0x0000000008003900        0xa ./Drivers/STM32L4xx_HAL_Driver/Src/stm32l4xx_hal_gpio.o
                0x0000000008003900                HAL_GPIO_WritePin
 .text.HAL_GPIO_TogglePin
                0x000000000800390a       0x12 ./Drivers/STM32L4xx_HAL_Driver/Src/stm32l4xx_hal_gpio.o
                0x000000000800390a                HAL_GPIO_TogglePin
 .text.I2C_Flush_TXDR
                0x000000000800391c       0x1c ./Drivers/STM32L4xx_HAL_Driver/Src/stm32l4xx_hal_i2c.o
 .text.I2C_TransferConfig
                0x0000000008003938       0x2c ./Drivers/STM32L4xx_HAL_Driver/Src/stm32l4xx_hal_i2c.o
 .text.I2C_IsErrorOccurred
                0x0000000008003964      0x116 ./Drivers/STM32L4xx_HAL_Driver/Src/stm32l4xx_hal_i2c.o
 .text.I2C_WaitOnTXISFlagUntilTimeout
                0x0000000008003a7a       0x4e ./Drivers/STM32L4xx_HAL_Driver/Src/stm32l4xx_hal_i2c.o
 .text.I2C_WaitOnRXNEFlagUntilTimeout
                0x0000000008003ac8       0x90 ./Drivers/STM32L4xx_HAL_Driver/Src/stm32l4xx_hal_i2c.o
 .text.I2C_WaitOnFlagUntilTimeout
                0x0000000008003b58       0x54 ./Drivers/STM32L4xx_HAL_Driver/Src/stm32l4xx_hal_i2c.o
 .text.I2C_WaitOnSTOPFlagUntilTimeout
                0x0000000008003bac       0x4a ./Drivers/STM32L4xx_HAL_Driver/Src/stm32l4xx_hal_i2c.o
 .text.HAL_I2C_Init
                0x0000000008003bf6       0xa2 ./Drivers/STM32L4xx_HAL_Driver/Src/stm32l4xx_hal_i2c.o
                0x0000000008003bf6                HAL_I2C_Init
 .text.HAL_I2C_Master_Transmit
                0x0000000008003c98      0x12c ./Drivers/STM32L4xx_HAL_Driver/Src/stm32l4xx_hal_i2c.o
                0x0000000008003c98                HAL_I2C_Master_Transmit
 .text.HAL_I2C_Master_Receive
                0x0000000008003dc4      0x130 ./Drivers/STM32L4xx_HAL_Driver/Src/stm32l4xx_hal_i2c.o
                0x0000000008003dc4                HAL_I2C_Master_Receive
 .text.HAL_I2CEx_ConfigAnalogFilter
                0x0000000008003ef4       0x4c ./Drivers/STM32L4xx_HAL_Driver/Src/stm32l4xx_hal_i2c_ex.o
                0x0000000008003ef4                HAL_I2CEx_ConfigAnalogFilter
 .text.HAL_I2CEx_ConfigDigitalFilter
                0x0000000008003f40       0x4a ./Drivers/STM32L4xx_HAL_Driver/Src/stm32l4xx_hal_i2c_ex.o
                0x0000000008003f40                HAL_I2CEx_ConfigDigitalFilter
 *fill*         0x0000000008003f8a        0x2 
 .text.HAL_PWREx_GetVoltageRange
                0x0000000008003f8c       0x10 ./Drivers/STM32L4xx_HAL_Driver/Src/stm32l4xx_hal_pwr_ex.o
                0x0000000008003f8c                HAL_PWREx_GetVoltageRange
 .text.HAL_PWREx_ControlVoltageScaling
                0x0000000008003f9c       0x6c ./Drivers/STM32L4xx_HAL_Driver/Src/stm32l4xx_hal_pwr_ex.o
                0x0000000008003f9c                HAL_PWREx_ControlVoltageScaling
 .text.RCC_SetFlashLatencyFromMSIRange
                0x0000000008004008       0x84 ./Drivers/STM32L4xx_HAL_Driver/Src/stm32l4xx_hal_rcc.o
 .text.HAL_RCC_GetSysClockFreq
                0x000000000800408c       0x9c ./Drivers/STM32L4xx_HAL_Driver/Src/stm32l4xx_hal_rcc.o
                0x000000000800408c                HAL_RCC_GetSysClockFreq
 .text.HAL_RCC_OscConfig
                0x0000000008004128      0x548 ./Drivers/STM32L4xx_HAL_Driver/Src/stm32l4xx_hal_rcc.o
                0x0000000008004128                HAL_RCC_OscConfig
 .text.HAL_RCC_ClockConfig
                0x0000000008004670      0x154 ./Drivers/STM32L4xx_HAL_Driver/Src/stm32l4xx_hal_rcc.o
                0x0000000008004670                HAL_RCC_ClockConfig
 .text.HAL_RCC_GetPCLK1Freq
                0x00000000080047c4       0x24 ./Drivers/STM32L4xx_HAL_Driver/Src/stm32l4xx_hal_rcc.o
                0x00000000080047c4                HAL_RCC_GetPCLK1Freq
 .text.HAL_RCC_GetPCLK2Freq
                0x00000000080047e8       0x24 ./Drivers/STM32L4xx_HAL_Driver/Src/stm32l4xx_hal_rcc.o
                0x00000000080047e8                HAL_RCC_GetPCLK2Freq
 .text.RCCEx_PLLSAI1_Config
                0x000000000800480c      0x114 ./Drivers/STM32L4xx_HAL_Driver/Src/stm32l4xx_hal_rcc_ex.o
 .text.HAL_RCCEx_PeriphCLKConfig
                0x0000000008004920      0x288 ./Drivers/STM32L4xx_HAL_Driver/Src/stm32l4xx_hal_rcc_ex.o
                0x0000000008004920                HAL_RCCEx_PeriphCLKConfig
 .text.UART_SetConfig
                0x0000000008004ba8      0x1d8 ./Drivers/STM32L4xx_HAL_Driver/Src/stm32l4xx_hal_uart.o
                0x0000000008004ba8                UART_SetConfig
 .text.UART_AdvFeatureConfig
                0x0000000008004d80       0xa8 ./Drivers/STM32L4xx_HAL_Driver/Src/stm32l4xx_hal_uart.o
                0x0000000008004d80                UART_AdvFeatureConfig
 .text.UART_WaitOnFlagUntilTimeout
                0x0000000008004e28       0xbc ./Drivers/STM32L4xx_HAL_Driver/Src/stm32l4xx_hal_uart.o
                0x0000000008004e28                UART_WaitOnFlagUntilTimeout
 .text.HAL_UART_Transmit
                0x0000000008004ee4       0xb4 ./Drivers/STM32L4xx_HAL_Driver/Src/stm32l4xx_hal_uart.o
                0x0000000008004ee4                HAL_UART_Transmit
 .text.UART_CheckIdleState
                0x0000000008004f98       0x66 ./Drivers/STM32L4xx_HAL_Driver/Src/stm32l4xx_hal_uart.o
                0x0000000008004f98                UART_CheckIdleState
 .text.HAL_UART_Init
                0x0000000008004ffe       0x5c ./Drivers/STM32L4xx_HAL_Driver/Src/stm32l4xx_hal_uart.o
                0x0000000008004ffe                HAL_UART_Init
 .text.atoi     0x000000000800505a        0x8 c:/st/stm32cubeide_1.9.0/stm32cubeide/plugins/com.st.stm32cube.ide.mcu.externaltools.gnu-tools-for-stm32.10.3-2021.10.win32_1.0.0.202111181127/tools/bin/../lib/gcc/arm-none-eabi/10.3.1/../../../../arm-none-eabi/lib/thumb/v7e-m+fp/hard\libc_nano.a(lib_a-atoi.o)
                0x000000000800505a                atoi
 *fill*         0x0000000008005062        0x2 
 .text.calloc   0x0000000008005064       0x10 c:/st/stm32cubeide_1.9.0/stm32cubeide/plugins/com.st.stm32cube.ide.mcu.externaltools.gnu-tools-for-stm32.10.3-2021.10.win32_1.0.0.202111181127/tools/bin/../lib/gcc/arm-none-eabi/10.3.1/../../../../arm-none-eabi/lib/thumb/v7e-m+fp/hard\libc_nano.a(lib_a-calloc.o)
                0x0000000008005064                calloc
 .text.__errno  0x0000000008005074        0xc c:/st/stm32cubeide_1.9.0/stm32cubeide/plugins/com.st.stm32cube.ide.mcu.externaltools.gnu-tools-for-stm32.10.3-2021.10.win32_1.0.0.202111181127/tools/bin/../lib/gcc/arm-none-eabi/10.3.1/../../../../arm-none-eabi/lib/thumb/v7e-m+fp/hard\libc_nano.a(lib_a-errno.o)
                0x0000000008005074                __errno
 .text.__libc_init_array
                0x0000000008005080       0x48 c:/st/stm32cubeide_1.9.0/stm32cubeide/plugins/com.st.stm32cube.ide.mcu.externaltools.gnu-tools-for-stm32.10.3-2021.10.win32_1.0.0.202111181127/tools/bin/../lib/gcc/arm-none-eabi/10.3.1/../../../../arm-none-eabi/lib/thumb/v7e-m+fp/hard\libc_nano.a(lib_a-init.o)
                0x0000000008005080                __libc_init_array
 .text.free     0x00000000080050c8       0x10 c:/st/stm32cubeide_1.9.0/stm32cubeide/plugins/com.st.stm32cube.ide.mcu.externaltools.gnu-tools-for-stm32.10.3-2021.10.win32_1.0.0.202111181127/tools/bin/../lib/gcc/arm-none-eabi/10.3.1/../../../../arm-none-eabi/lib/thumb/v7e-m+fp/hard\libc_nano.a(lib_a-malloc.o)
                0x00000000080050c8                free
 .text.memcpy   0x00000000080050d8       0x1c c:/st/stm32cubeide_1.9.0/stm32cubeide/plugins/com.st.stm32cube.ide.mcu.externaltools.gnu-tools-for-stm32.10.3-2021.10.win32_1.0.0.202111181127/tools/bin/../lib/gcc/arm-none-eabi/10.3.1/../../../../arm-none-eabi/lib/thumb/v7e-m+fp/hard\libc_nano.a(lib_a-memcpy-stub.o)
                0x00000000080050d8                memcpy
 .text.memset   0x00000000080050f4       0x10 c:/st/stm32cubeide_1.9.0/stm32cubeide/plugins/com.st.stm32cube.ide.mcu.externaltools.gnu-tools-for-stm32.10.3-2021.10.win32_1.0.0.202111181127/tools/bin/../lib/gcc/arm-none-eabi/10.3.1/../../../../arm-none-eabi/lib/thumb/v7e-m+fp/hard\libc_nano.a(lib_a-memset.o)
                0x00000000080050f4                memset
 .text._calloc_r
                0x0000000008005104       0x2c c:/st/stm32cubeide_1.9.0/stm32cubeide/plugins/com.st.stm32cube.ide.mcu.externaltools.gnu-tools-for-stm32.10.3-2021.10.win32_1.0.0.202111181127/tools/bin/../lib/gcc/arm-none-eabi/10.3.1/../../../../arm-none-eabi/lib/thumb/v7e-m+fp/hard\libc_nano.a(lib_a-nano-callocr.o)
                0x0000000008005104                _calloc_r
 .text._free_r  0x0000000008005130       0x98 c:/st/stm32cubeide_1.9.0/stm32cubeide/plugins/com.st.stm32cube.ide.mcu.externaltools.gnu-tools-for-stm32.10.3-2021.10.win32_1.0.0.202111181127/tools/bin/../lib/gcc/arm-none-eabi/10.3.1/../../../../arm-none-eabi/lib/thumb/v7e-m+fp/hard\libc_nano.a(lib_a-nano-freer.o)
                0x0000000008005130                _free_r
 .text.sbrk_aligned
                0x00000000080051c8       0x40 c:/st/stm32cubeide_1.9.0/stm32cubeide/plugins/com.st.stm32cube.ide.mcu.externaltools.gnu-tools-for-stm32.10.3-2021.10.win32_1.0.0.202111181127/tools/bin/../lib/gcc/arm-none-eabi/10.3.1/../../../../arm-none-eabi/lib/thumb/v7e-m+fp/hard\libc_nano.a(lib_a-nano-mallocr.o)
 .text._malloc_r
                0x0000000008005208       0xe8 c:/st/stm32cubeide_1.9.0/stm32cubeide/plugins/com.st.stm32cube.ide.mcu.externaltools.gnu-tools-for-stm32.10.3-2021.10.win32_1.0.0.202111181127/tools/bin/../lib/gcc/arm-none-eabi/10.3.1/../../../../arm-none-eabi/lib/thumb/v7e-m+fp/hard\libc_nano.a(lib_a-nano-mallocr.o)
                0x0000000008005208                _malloc_r
 .text._sbrk_r  0x00000000080052f0       0x20 c:/st/stm32cubeide_1.9.0/stm32cubeide/plugins/com.st.stm32cube.ide.mcu.externaltools.gnu-tools-for-stm32.10.3-2021.10.win32_1.0.0.202111181127/tools/bin/../lib/gcc/arm-none-eabi/10.3.1/../../../../arm-none-eabi/lib/thumb/v7e-m+fp/hard\libc_nano.a(lib_a-sbrkr.o)
                0x00000000080052f0                _sbrk_r
 .text.strncpy  0x0000000008005310       0x26 c:/st/stm32cubeide_1.9.0/stm32cubeide/plugins/com.st.stm32cube.ide.mcu.externaltools.gnu-tools-for-stm32.10.3-2021.10.win32_1.0.0.202111181127/tools/bin/../lib/gcc/arm-none-eabi/10.3.1/../../../../arm-none-eabi/lib/thumb/v7e-m+fp/hard\libc_nano.a(lib_a-strncpy.o)
                0x0000000008005310                strncpy
 *fill*         0x0000000008005336        0x2 
 .text._strtol_l.constprop.0
                0x0000000008005338      0x104 c:/st/stm32cubeide_1.9.0/stm32cubeide/plugins/com.st.stm32cube.ide.mcu.externaltools.gnu-tools-for-stm32.10.3-2021.10.win32_1.0.0.202111181127/tools/bin/../lib/gcc/arm-none-eabi/10.3.1/../../../../arm-none-eabi/lib/thumb/v7e-m+fp/hard\libc_nano.a(lib_a-strtol.o)
 .text.strtol   0x000000000800543c       0x14 c:/st/stm32cubeide_1.9.0/stm32cubeide/plugins/com.st.stm32cube.ide.mcu.externaltools.gnu-tools-for-stm32.10.3-2021.10.win32_1.0.0.202111181127/tools/bin/../lib/gcc/arm-none-eabi/10.3.1/../../../../arm-none-eabi/lib/thumb/v7e-m+fp/hard\libc_nano.a(lib_a-strtol.o)
                0x000000000800543c                strtol
 .text._vsnprintf_r
                0x0000000008005450       0x56 c:/st/stm32cubeide_1.9.0/stm32cubeide/plugins/com.st.stm32cube.ide.mcu.externaltools.gnu-tools-for-stm32.10.3-2021.10.win32_1.0.0.202111181127/tools/bin/../lib/gcc/arm-none-eabi/10.3.1/../../../../arm-none-eabi/lib/thumb/v7e-m+fp/hard\libc_nano.a(lib_a-vsnprintf.o)
                0x0000000008005450                _vsniprintf_r
                0x0000000008005450                _vsnprintf_r
 *fill*         0x00000000080054a6        0x2 
 .text.vsnprintf
                0x00000000080054a8       0x1c c:/st/stm32cubeide_1.9.0/stm32cubeide/plugins/com.st.stm32cube.ide.mcu.externaltools.gnu-tools-for-stm32.10.3-2021.10.win32_1.0.0.202111181127/tools/bin/../lib/gcc/arm-none-eabi/10.3.1/../../../../arm-none-eabi/lib/thumb/v7e-m+fp/hard\libc_nano.a(lib_a-vsnprintf.o)
                0x00000000080054a8                vsniprintf
                0x00000000080054a8                vsnprintf
 .text.__malloc_lock
                0x00000000080054c4        0xc c:/st/stm32cubeide_1.9.0/stm32cubeide/plugins/com.st.stm32cube.ide.mcu.externaltools.gnu-tools-for-stm32.10.3-2021.10.win32_1.0.0.202111181127/tools/bin/../lib/gcc/arm-none-eabi/10.3.1/../../../../arm-none-eabi/lib/thumb/v7e-m+fp/hard\libc_nano.a(lib_a-mlock.o)
                0x00000000080054c4                __malloc_lock
 .text.__malloc_unlock
                0x00000000080054d0        0xc c:/st/stm32cubeide_1.9.0/stm32cubeide/plugins/com.st.stm32cube.ide.mcu.externaltools.gnu-tools-for-stm32.10.3-2021.10.win32_1.0.0.202111181127/tools/bin/../lib/gcc/arm-none-eabi/10.3.1/../../../../arm-none-eabi/lib/thumb/v7e-m+fp/hard\libc_nano.a(lib_a-mlock.o)
                0x00000000080054d0                __malloc_unlock
 .text.__ssputs_r
                0x00000000080054dc       0xb6 c:/st/stm32cubeide_1.9.0/stm32cubeide/plugins/com.st.stm32cube.ide.mcu.externaltools.gnu-tools-for-stm32.10.3-2021.10.win32_1.0.0.202111181127/tools/bin/../lib/gcc/arm-none-eabi/10.3.1/../../../../arm-none-eabi/lib/thumb/v7e-m+fp/hard\libc_nano.a(lib_a-nano-svfprintf.o)
                0x00000000080054dc                __ssputs_r
 *fill*         0x0000000008005592        0x2 
 .text._svfprintf_r
                0x0000000008005594      0x200 c:/st/stm32cubeide_1.9.0/stm32cubeide/plugins/com.st.stm32cube.ide.mcu.externaltools.gnu-tools-for-stm32.10.3-2021.10.win32_1.0.0.202111181127/tools/bin/../lib/gcc/arm-none-eabi/10.3.1/../../../../arm-none-eabi/lib/thumb/v7e-m+fp/hard\libc_nano.a(lib_a-nano-svfprintf.o)
                0x0000000008005594                _svfiprintf_r
                0x0000000008005594                _svfprintf_r
 .text._printf_common
                0x0000000008005794       0xda c:/st/stm32cubeide_1.9.0/stm32cubeide/plugins/com.st.stm32cube.ide.mcu.externaltools.gnu-tools-for-stm32.10.3-2021.10.win32_1.0.0.202111181127/tools/bin/../lib/gcc/arm-none-eabi/10.3.1/../../../../arm-none-eabi/lib/thumb/v7e-m+fp/hard\libc_nano.a(lib_a-nano-vfprintf_i.o)
                0x0000000008005794                _printf_common
 *fill*         0x000000000800586e        0x2 
 .text._printf_i
                0x0000000008005870      0x24c c:/st/stm32cubeide_1.9.0/stm32cubeide/plugins/com.st.stm32cube.ide.mcu.externaltools.gnu-tools-for-stm32.10.3-2021.10.win32_1.0.0.202111181127/tools/bin/../lib/gcc/arm-none-eabi/10.3.1/../../../../arm-none-eabi/lib/thumb/v7e-m+fp/hard\libc_nano.a(lib_a-nano-vfprintf_i.o)
                0x0000000008005870                _printf_i
 .text.__retarget_lock_acquire_recursive
                0x0000000008005abc        0x2 c:/st/stm32cubeide_1.9.0/stm32cubeide/plugins/com.st.stm32cube.ide.mcu.externaltools.gnu-tools-for-stm32.10.3-2021.10.win32_1.0.0.202111181127/tools/bin/../lib/gcc/arm-none-eabi/10.3.1/../../../../arm-none-eabi/lib/thumb/v7e-m+fp/hard\libc_nano.a(lib_a-lock.o)
                0x0000000008005abc                __retarget_lock_acquire_recursive
 .text.__retarget_lock_release_recursive
                0x0000000008005abe        0x2 c:/st/stm32cubeide_1.9.0/stm32cubeide/plugins/com.st.stm32cube.ide.mcu.externaltools.gnu-tools-for-stm32.10.3-2021.10.win32_1.0.0.202111181127/tools/bin/../lib/gcc/arm-none-eabi/10.3.1/../../../../arm-none-eabi/lib/thumb/v7e-m+fp/hard\libc_nano.a(lib_a-lock.o)
                0x0000000008005abe                __retarget_lock_release_recursive
 .text.memmove  0x0000000008005ac0       0x34 c:/st/stm32cubeide_1.9.0/stm32cubeide/plugins/com.st.stm32cube.ide.mcu.externaltools.gnu-tools-for-stm32.10.3-2021.10.win32_1.0.0.202111181127/tools/bin/../lib/gcc/arm-none-eabi/10.3.1/../../../../arm-none-eabi/lib/thumb/v7e-m+fp/hard\libc_nano.a(lib_a-memmove.o)
                0x0000000008005ac0                memmove
 .text._realloc_r
                0x0000000008005af4       0x5e c:/st/stm32cubeide_1.9.0/stm32cubeide/plugins/com.st.stm32cube.ide.mcu.externaltools.gnu-tools-for-stm32.10.3-2021.10.win32_1.0.0.202111181127/tools/bin/../lib/gcc/arm-none-eabi/10.3.1/../../../../arm-none-eabi/lib/thumb/v7e-m+fp/hard\libc_nano.a(lib_a-nano-reallocr.o)
                0x0000000008005af4                _realloc_r
 .text._malloc_usable_size_r
                0x0000000008005b52       0x10 c:/st/stm32cubeide_1.9.0/stm32cubeide/plugins/com.st.stm32cube.ide.mcu.externaltools.gnu-tools-for-stm32.10.3-2021.10.win32_1.0.0.202111181127/tools/bin/../lib/gcc/arm-none-eabi/10.3.1/../../../../arm-none-eabi/lib/thumb/v7e-m+fp/hard\libc_nano.a(lib_a-nano-msizer.o)
                0x0000000008005b52                _malloc_usable_size_r
 *fill*         0x0000000008005b62        0x6 
 .text.ceil     0x0000000008005b68      0x108 c:/st/stm32cubeide_1.9.0/stm32cubeide/plugins/com.st.stm32cube.ide.mcu.externaltools.gnu-tools-for-stm32.10.3-2021.10.win32_1.0.0.202111181127/tools/bin/../lib/gcc/arm-none-eabi/10.3.1/../../../../arm-none-eabi/lib/thumb/v7e-m+fp/hard\libm.a(lib_a-s_ceil.o)
                0x0000000008005b68                ceil
 *(.glue_7)
 .glue_7        0x0000000008005c70        0x0 linker stubs
 *(.glue_7t)
 .glue_7t       0x0000000008005c70        0x0 linker stubs
 *(.eh_frame)
 .eh_frame      0x0000000008005c70        0x0 c:/st/stm32cubeide_1.9.0/stm32cubeide/plugins/com.st.stm32cube.ide.mcu.externaltools.gnu-tools-for-stm32.10.3-2021.10.win32_1.0.0.202111181127/tools/bin/../lib/gcc/arm-none-eabi/10.3.1/thumb/v7e-m+fp/hard/crtbegin.o
 *(.init)
 .init          0x0000000008005c70        0x4 c:/st/stm32cubeide_1.9.0/stm32cubeide/plugins/com.st.stm32cube.ide.mcu.externaltools.gnu-tools-for-stm32.10.3-2021.10.win32_1.0.0.202111181127/tools/bin/../lib/gcc/arm-none-eabi/10.3.1/thumb/v7e-m+fp/hard/crti.o
                0x0000000008005c70                _init
 .init          0x0000000008005c74        0x8 c:/st/stm32cubeide_1.9.0/stm32cubeide/plugins/com.st.stm32cube.ide.mcu.externaltools.gnu-tools-for-stm32.10.3-2021.10.win32_1.0.0.202111181127/tools/bin/../lib/gcc/arm-none-eabi/10.3.1/thumb/v7e-m+fp/hard/crtn.o
 *(.fini)
 .fini          0x0000000008005c7c        0x4 c:/st/stm32cubeide_1.9.0/stm32cubeide/plugins/com.st.stm32cube.ide.mcu.externaltools.gnu-tools-for-stm32.10.3-2021.10.win32_1.0.0.202111181127/tools/bin/../lib/gcc/arm-none-eabi/10.3.1/thumb/v7e-m+fp/hard/crti.o
                0x0000000008005c7c                _fini
 .fini          0x0000000008005c80        0x8 c:/st/stm32cubeide_1.9.0/stm32cubeide/plugins/com.st.stm32cube.ide.mcu.externaltools.gnu-tools-for-stm32.10.3-2021.10.win32_1.0.0.202111181127/tools/bin/../lib/gcc/arm-none-eabi/10.3.1/thumb/v7e-m+fp/hard/crtn.o
                0x0000000008005c88                . = ALIGN (0x4)
                0x0000000008005c88                _etext = .

.vfp11_veneer   0x0000000008005c88        0x0
 .vfp11_veneer  0x0000000008005c88        0x0 linker stubs

.v4_bx          0x0000000008005c88        0x0
 .v4_bx         0x0000000008005c88        0x0 linker stubs

.iplt           0x0000000008005c88        0x0
 .iplt          0x0000000008005c88        0x0 c:/st/stm32cubeide_1.9.0/stm32cubeide/plugins/com.st.stm32cube.ide.mcu.externaltools.gnu-tools-for-stm32.10.3-2021.10.win32_1.0.0.202111181127/tools/bin/../lib/gcc/arm-none-eabi/10.3.1/thumb/v7e-m+fp/hard/crtbegin.o

.rodata         0x0000000008005c88     0x147c
                0x0000000008005c88                . = ALIGN (0x4)
 *(.rodata)
 *(.rodata*)
 .rodata.main.str1.1
                0x0000000008005c88      0x237 ./Core/Src/main.o
                                        0x246 (size before relaxing)
 .rodata.str1.1
                0x0000000008005ebf       0x94 ./Core/Src/main.o
 *fill*         0x0000000008005f53        0x1 
 .rodata.months_array
                0x0000000008005f54       0x34 ./Core/Src/main.o
 .rodata.week_days_arr
                0x0000000008005f88       0x20 ./Core/Src/main.o
 .rodata.AHBPrescTable
                0x0000000008005fa8       0x10 ./Core/Src/system_stm32l4xx.o
                0x0000000008005fa8                AHBPrescTable
 .rodata.APBPrescTable
                0x0000000008005fb8        0x8 ./Core/Src/system_stm32l4xx.o
                0x0000000008005fb8                APBPrescTable
 .rodata.MSIRangeTable
                0x0000000008005fc0       0x30 ./Core/Src/system_stm32l4xx.o
                0x0000000008005fc0                MSIRangeTable
 .rodata.a_mcp794xx_print_error_msg.str1.1
                0x0000000008005ff0       0x1a ./Core/mcp794xx_driver/mcp794xx_driver.o
 .rodata.mcp794xx_init.str1.1
                0x000000000800600a       0xc9 ./Core/mcp794xx_driver/mcp794xx_driver.o
 .rodata.mcp794xx_get_time_and_date.str1.1
                0x00000000080060d3       0x13 ./Core/mcp794xx_driver/mcp794xx_driver.o
 .rodata.mcp794xx_set_hour_format.str1.1
                0x00000000080060e6       0x2f ./Core/mcp794xx_driver/mcp794xx_driver.o
 .rodata.mcp794xx_get_hour_format.str1.1
                0x0000000008006115       0x10 ./Core/mcp794xx_driver/mcp794xx_driver.o
 .rodata.mcp794xx_set_am_pm.str1.1
                0x0000000008006125       0x40 ./Core/mcp794xx_driver/mcp794xx_driver.o
 .rodata.mcp794xx_set_time_and_date.str1.1
                0x0000000008006165      0x274 ./Core/mcp794xx_driver/mcp794xx_driver.o
 .rodata.mcp794xx_get_am_pm.str1.1
                0x00000000080063d9       0x1a ./Core/mcp794xx_driver/mcp794xx_driver.o
 .rodata.mcp794xx_set_osc_status.str1.1
                0x00000000080063f3       0x3a ./Core/mcp794xx_driver/mcp794xx_driver.o
 .rodata.mcp794xx_get_pwr_fail_time_stamp.str1.1
                0x000000000800642d       0x94 ./Core/mcp794xx_driver/mcp794xx_driver.o
 .rodata.mcp794xx_set_pwr_fail_time_param.str1.1
                0x00000000080064c1       0x37 ./Core/mcp794xx_driver/mcp794xx_driver.o
 .rodata.mcp794xx_set_alarm_enable_status.str1.1
                0x00000000080064f8       0x30 ./Core/mcp794xx_driver/mcp794xx_driver.o
 .rodata.mcp794xx_set_alarm_interrupt_output_polarity.str1.1
                0x0000000008006528       0x55 ./Core/mcp794xx_driver/mcp794xx_driver.o
 .rodata.mcp794xx_set_alarm_time_date.str1.1
                0x000000000800657d      0x306 ./Core/mcp794xx_driver/mcp794xx_driver.o
 .rodata.mcp794xx_set_alarm.str1.1
                0x0000000008006883       0x62 ./Core/mcp794xx_driver/mcp794xx_driver.o
 .rodata.mcp794xx_get_alarm_time_date.str1.1
                0x00000000080068e5       0x36 ./Core/mcp794xx_driver/mcp794xx_driver.o
 .rodata.mcp794xx_get_alarm.str1.1
                0x000000000800691b       0x39 ./Core/mcp794xx_driver/mcp794xx_driver.o
 .rodata.mcp794xx_get_alarm_interrupt_flag.str1.1
                0x0000000008006954       0x4c ./Core/mcp794xx_driver/mcp794xx_driver.o
 .rodata.mcp794xx_clr_alarm_interrupt_flag.str1.1
                0x00000000080069a0       0x8c ./Core/mcp794xx_driver/mcp794xx_driver.o
 .rodata.mcp794xx_set_mfp_logic_level.str1.1
                0x0000000008006a2c       0x27 ./Core/mcp794xx_driver/mcp794xx_driver.o
 .rodata.mcp794xx_set_ext_batt_enable_status.str1.1
                0x0000000008006a53       0x80 ./Core/mcp794xx_driver/mcp794xx_driver.o
 .rodata.mcp794xx_set_ext_osc_enable_status.str1.1
                0x0000000008006ad3       0x18 ./Core/mcp794xx_driver/mcp794xx_driver.o
 .rodata.mcp794xx_set_osc_start_bit.str1.1
                0x0000000008006aeb       0x12 ./Core/mcp794xx_driver/mcp794xx_driver.o
 .rodata.mcp794xx_set_countdown_interrupt_enable_status.str1.1
                0x0000000008006afd       0x46 ./Core/mcp794xx_driver/mcp794xx_driver.o
 .rodata.mcp794xx_set_countdown_interrupt_time.str1.1
                0x0000000008006b43       0x42 ./Core/mcp794xx_driver/mcp794xx_driver.o
 .rodata.mcp794xx_uid_read.str1.1
                0x0000000008006b85       0xf7 ./Core/mcp794xx_driver/mcp794xx_driver.o
 .rodata.mcp794xx_sram_write_byte.str1.1
                0x0000000008006c7c       0x7a ./Core/mcp794xx_driver/mcp794xx_driver.o
 .rodata.mcp794xx_sram_read_byte.str1.1
                0x0000000008006cf6       0x73 ./Core/mcp794xx_driver/mcp794xx_driver.o
 .rodata.mcp794xx_sram_erase_selector.str1.1
                0x0000000008006d69       0x43 ./Core/mcp794xx_driver/mcp794xx_driver.o
 .rodata.mcp794xx_wipe_sram.str1.1
                0x0000000008006dac        0xa ./Core/mcp794xx_driver/mcp794xx_driver.o
 .rodata.mcp794xx_eeprom_read_byte.str1.1
                0x0000000008006db6       0x90 ./Core/mcp794xx_driver/mcp794xx_driver.o
 .rodata.mcp794xx_eeprom_get_bp_status.str1.1
                0x0000000008006e46       0x1e ./Core/mcp794xx_driver/mcp794xx_driver.o
 .rodata.mcp794xx_eeprom_check_bp_before_write.str1.1
                0x0000000008006e64       0x26 ./Core/mcp794xx_driver/mcp794xx_driver.o
 .rodata.mcp794xx_eeprom_write_byte.str1.1
                0x0000000008006e8a       0x8c ./Core/mcp794xx_driver/mcp794xx_driver.o
 .rodata.mcp794xx_eeprom_validate_page_boundary.str1.1
                0x0000000008006f16       0x66 ./Core/mcp794xx_driver/mcp794xx_driver.o
 .rodata.mcp794xx_eeprom_put_byte.str1.1
                0x0000000008006f7c        0xa ./Core/mcp794xx_driver/mcp794xx_driver.o
                                         0x2e (size before relaxing)
 .rodata.mcp794xx_eeprom_get_byte.str1.1
                0x0000000008006f86        0xa ./Core/mcp794xx_driver/mcp794xx_driver.o
 .rodata.mcp794xx_info.str1.1
                0x0000000008006f90       0x17 ./Core/mcp794xx_driver/mcp794xx_driver.o
 .rodata.days_in_month
                0x0000000008006fa7        0xc ./Core/mcp794xx_driver/mcp794xx_driver.o
 .rodata.mcp794xx_basic_initialize.str1.1
                0x0000000008006fb3        0xb ./Core/mcp794xx_driver/mcp794xx_driver_basic.o
 .rodata.CSWTCH.53
                0x0000000008006fbe        0x3 ./Drivers/STM32L4xx_HAL_Driver/Src/stm32l4xx_hal_uart.o
 .rodata.CSWTCH.54
                0x0000000008006fc1        0xd ./Drivers/STM32L4xx_HAL_Driver/Src/stm32l4xx_hal_uart.o
 .rodata._ctype_
                0x0000000008006fce      0x101 c:/st/stm32cubeide_1.9.0/stm32cubeide/plugins/com.st.stm32cube.ide.mcu.externaltools.gnu-tools-for-stm32.10.3-2021.10.win32_1.0.0.202111181127/tools/bin/../lib/gcc/arm-none-eabi/10.3.1/../../../../arm-none-eabi/lib/thumb/v7e-m+fp/hard\libc_nano.a(lib_a-ctype_.o)
                0x0000000008006fce                _ctype_
 .rodata._svfprintf_r.str1.1
                0x00000000080070cf       0x11 c:/st/stm32cubeide_1.9.0/stm32cubeide/plugins/com.st.stm32cube.ide.mcu.externaltools.gnu-tools-for-stm32.10.3-2021.10.win32_1.0.0.202111181127/tools/bin/../lib/gcc/arm-none-eabi/10.3.1/../../../../arm-none-eabi/lib/thumb/v7e-m+fp/hard\libc_nano.a(lib_a-nano-svfprintf.o)
 .rodata._printf_i.str1.1
                0x00000000080070e0       0x22 c:/st/stm32cubeide_1.9.0/stm32cubeide/plugins/com.st.stm32cube.ide.mcu.externaltools.gnu-tools-for-stm32.10.3-2021.10.win32_1.0.0.202111181127/tools/bin/../lib/gcc/arm-none-eabi/10.3.1/../../../../arm-none-eabi/lib/thumb/v7e-m+fp/hard\libc_nano.a(lib_a-nano-vfprintf_i.o)
                0x0000000008007104                . = ALIGN (0x4)
 *fill*         0x0000000008007102        0x2 

.ARM.extab      0x0000000008007104        0x0
                0x0000000008007104                . = ALIGN (0x4)
 *(.ARM.extab* .gnu.linkonce.armextab.*)
                0x0000000008007104                . = ALIGN (0x4)

.ARM            0x0000000008007104        0x8
                0x0000000008007104                . = ALIGN (0x4)
                0x0000000008007104                __exidx_start = .
 *(.ARM.exidx*)
 .ARM.exidx     0x0000000008007104        0x8 c:/st/stm32cubeide_1.9.0/stm32cubeide/plugins/com.st.stm32cube.ide.mcu.externaltools.gnu-tools-for-stm32.10.3-2021.10.win32_1.0.0.202111181127/tools/bin/../lib/gcc/arm-none-eabi/10.3.1/thumb/v7e-m+fp/hard\libgcc.a(_udivmoddi4.o)
                0x000000000800710c                __exidx_end = .
                0x000000000800710c                . = ALIGN (0x4)

.rel.dyn        0x000000000800710c        0x0
 .rel.iplt      0x000000000800710c        0x0 c:/st/stm32cubeide_1.9.0/stm32cubeide/plugins/com.st.stm32cube.ide.mcu.externaltools.gnu-tools-for-stm32.10.3-2021.10.win32_1.0.0.202111181127/tools/bin/../lib/gcc/arm-none-eabi/10.3.1/thumb/v7e-m+fp/hard/crtbegin.o

.preinit_array  0x000000000800710c        0x0
                0x000000000800710c                . = ALIGN (0x4)
                0x000000000800710c                PROVIDE (__preinit_array_start = .)
 *(.preinit_array*)
                0x000000000800710c                PROVIDE (__preinit_array_end = .)
                0x000000000800710c                . = ALIGN (0x4)

.init_array     0x000000000800710c        0x4
                0x000000000800710c                . = ALIGN (0x4)
                0x000000000800710c                PROVIDE (__init_array_start = .)
 *(SORT_BY_NAME(.init_array.*))
 *(.init_array*)
 .init_array    0x000000000800710c        0x4 c:/st/stm32cubeide_1.9.0/stm32cubeide/plugins/com.st.stm32cube.ide.mcu.externaltools.gnu-tools-for-stm32.10.3-2021.10.win32_1.0.0.202111181127/tools/bin/../lib/gcc/arm-none-eabi/10.3.1/thumb/v7e-m+fp/hard/crtbegin.o
                0x0000000008007110                PROVIDE (__init_array_end = .)
                0x0000000008007110                . = ALIGN (0x4)

.fini_array     0x0000000008007110        0x4
                0x0000000008007110                . = ALIGN (0x4)
                [!provide]                        PROVIDE (__fini_array_start = .)
 *(SORT_BY_NAME(.fini_array.*))
 *(.fini_array*)
 .fini_array    0x0000000008007110        0x4 c:/st/stm32cubeide_1.9.0/stm32cubeide/plugins/com.st.stm32cube.ide.mcu.externaltools.gnu-tools-for-stm32.10.3-2021.10.win32_1.0.0.202111181127/tools/bin/../lib/gcc/arm-none-eabi/10.3.1/thumb/v7e-m+fp/hard/crtbegin.o
                [!provide]                        PROVIDE (__fini_array_end = .)
                0x0000000008007114                . = ALIGN (0x4)
                0x0000000008007114                _sidata = LOADADDR (.data)

.data           0x0000000020000000       0x84 load address 0x0000000008007114
                0x0000000020000000                . = ALIGN (0x4)
                0x0000000020000000                _sdata = .
 *(.data)
 *(.data*)
 .data.alarm_default_time
                0x0000000020000000        0xa ./Core/Src/main.o
                0x0000000020000000                alarm_default_time
 .data.default_time_date
                0x000000002000000a        0xa ./Core/Src/main.o
                0x000000002000000a                default_time_date
 .data.SystemCoreClock
                0x0000000020000014        0x4 ./Core/Src/system_stm32l4xx.o
                0x0000000020000014                SystemCoreClock
 .data.uwTickFreq
                0x0000000020000018        0x1 ./Drivers/STM32L4xx_HAL_Driver/Src/stm32l4xx_hal.o
                0x0000000020000018                uwTickFreq
 *fill*         0x0000000020000019        0x3 
 .data.uwTickPrio
                0x000000002000001c        0x4 ./Drivers/STM32L4xx_HAL_Driver/Src/stm32l4xx_hal.o
                0x000000002000001c                uwTickPrio
 .data._impure_ptr
                0x0000000020000020        0x4 c:/st/stm32cubeide_1.9.0/stm32cubeide/plugins/com.st.stm32cube.ide.mcu.externaltools.gnu-tools-for-stm32.10.3-2021.10.win32_1.0.0.202111181127/tools/bin/../lib/gcc/arm-none-eabi/10.3.1/../../../../arm-none-eabi/lib/thumb/v7e-m+fp/hard\libc_nano.a(lib_a-impure.o)
                0x0000000020000020                _impure_ptr
 .data.impure_data
                0x0000000020000024       0x60 c:/st/stm32cubeide_1.9.0/stm32cubeide/plugins/com.st.stm32cube.ide.mcu.externaltools.gnu-tools-for-stm32.10.3-2021.10.win32_1.0.0.202111181127/tools/bin/../lib/gcc/arm-none-eabi/10.3.1/../../../../arm-none-eabi/lib/thumb/v7e-m+fp/hard\libc_nano.a(lib_a-impure.o)
 *(.RamFunc)
 *(.RamFunc*)
                0x0000000020000084                . = ALIGN (0x4)
                0x0000000020000084                _edata = .

.igot.plt       0x0000000020000084        0x0 load address 0x0000000008007198
 .igot.plt      0x0000000020000084        0x0 c:/st/stm32cubeide_1.9.0/stm32cubeide/plugins/com.st.stm32cube.ide.mcu.externaltools.gnu-tools-for-stm32.10.3-2021.10.win32_1.0.0.202111181127/tools/bin/../lib/gcc/arm-none-eabi/10.3.1/thumb/v7e-m+fp/hard/crtbegin.o
                0x0000000020000084                . = ALIGN (0x4)

.bss            0x0000000020000084      0x258 load address 0x0000000008007198
                0x0000000020000084                _sbss = .
                0x0000000020000084                __bss_start__ = _sbss
 *(.bss)
 .bss           0x0000000020000084       0x1c c:/st/stm32cubeide_1.9.0/stm32cubeide/plugins/com.st.stm32cube.ide.mcu.externaltools.gnu-tools-for-stm32.10.3-2021.10.win32_1.0.0.202111181127/tools/bin/../lib/gcc/arm-none-eabi/10.3.1/thumb/v7e-m+fp/hard/crtbegin.o
 *(.bss*)
 .bss.alarm     0x00000000200000a0        0xa ./Core/Src/main.o
                0x00000000200000a0                alarm
 .bss.alarm_flag
                0x00000000200000aa        0x1 ./Core/Src/main.o
                0x00000000200000aa                alarm_flag
 .bss.alarm_mask
                0x00000000200000ab        0x1 ./Core/Src/main.o
                0x00000000200000ab                alarm_mask
 .bss.compile_time_date
                0x00000000200000ac        0xa ./Core/Src/main.o
                0x00000000200000ac                compile_time_date
 .bss.epoch_t   0x00000000200000b6        0xa ./Core/Src/main.o
                0x00000000200000b6                epoch_t
 .bss.epoch_time
                0x00000000200000c0        0x4 ./Core/Src/main.o
                0x00000000200000c0                epoch_time
 .bss.epoch_time_read
                0x00000000200000c4        0x4 ./Core/Src/main.o
                0x00000000200000c4                epoch_time_read
 .bss.hi2c1     0x00000000200000c8       0x54 ./Core/Src/main.o
                0x00000000200000c8                hi2c1
 .bss.huart2    0x000000002000011c       0x84 ./Core/Src/main.o
                0x000000002000011c                huart2
 .bss.mcp794xx_handler
                0x00000000200001a0       0x74 ./Core/Src/main.o
 .bss.now       0x0000000020000214        0xa ./Core/Src/main.o
                0x0000000020000214                now
 *fill*         0x000000002000021e        0x2 
 .bss.pEeprom_data_read
                0x0000000020000220        0x4 ./Core/Src/main.o
                0x0000000020000220                pEeprom_data_read
 .bss.pEeprom_data_write
                0x0000000020000224        0x4 ./Core/Src/main.o
                0x0000000020000224                pEeprom_data_write
 .bss.pSram_data_read
                0x0000000020000228        0x4 ./Core/Src/main.o
                0x0000000020000228                pSram_data_read
 .bss.pSram_data_write
                0x000000002000022c        0x4 ./Core/Src/main.o
                0x000000002000022c                pSram_data_write
 .bss.pUnique_id
                0x0000000020000230        0x4 ./Core/Src/main.o
                0x0000000020000230                pUnique_id
 .bss.previous_seconds
                0x0000000020000234        0x1 ./Core/Src/main.o
                0x0000000020000234                previous_seconds
 *fill*         0x0000000020000235        0x1 
 .bss.pwr_fail  0x0000000020000236        0xa ./Core/Src/main.o
                0x0000000020000236                pwr_fail
 .bss.pwr_fail_read
                0x0000000020000240        0x1 ./Core/Src/main.o
                0x0000000020000240                pwr_fail_read
 .bss.set_alarm_status
                0x0000000020000241        0x1 ./Core/Src/main.o
                0x0000000020000241                set_alarm_status
 .bss.test      0x0000000020000242        0x1 ./Core/Src/main.o
                0x0000000020000242                test
 *fill*         0x0000000020000243        0x1 
 .bss.__sbrk_heap_end
                0x0000000020000244        0x4 ./Core/Src/sysmem.o
 .bss.eeprom    0x0000000020000248        0x8 ./Core/mcp794xx_driver/mcp794xx_driver.o
 .bss.err       0x0000000020000250        0x1 ./Core/mcp794xx_driver/mcp794xx_driver.o
 .bss.err       0x0000000020000251        0x1 ./Core/mcp794xx_driver/mcp794xx_driver_basic.o
 *fill*         0x0000000020000252        0x2 
 .bss.mcp794xx_handler
                0x0000000020000254       0x74 ./Core/mcp794xx_driver/mcp794xx_driver_basic.o
 .bss.uwTick    0x00000000200002c8        0x4 ./Drivers/STM32L4xx_HAL_Driver/Src/stm32l4xx_hal.o
                0x00000000200002c8                uwTick
 .bss.__malloc_free_list
                0x00000000200002cc        0x4 c:/st/stm32cubeide_1.9.0/stm32cubeide/plugins/com.st.stm32cube.ide.mcu.externaltools.gnu-tools-for-stm32.10.3-2021.10.win32_1.0.0.202111181127/tools/bin/../lib/gcc/arm-none-eabi/10.3.1/../../../../arm-none-eabi/lib/thumb/v7e-m+fp/hard\libc_nano.a(lib_a-nano-mallocr.o)
                0x00000000200002cc                __malloc_free_list
 .bss.__malloc_sbrk_start
                0x00000000200002d0        0x4 c:/st/stm32cubeide_1.9.0/stm32cubeide/plugins/com.st.stm32cube.ide.mcu.externaltools.gnu-tools-for-stm32.10.3-2021.10.win32_1.0.0.202111181127/tools/bin/../lib/gcc/arm-none-eabi/10.3.1/../../../../arm-none-eabi/lib/thumb/v7e-m+fp/hard\libc_nano.a(lib_a-nano-mallocr.o)
                0x00000000200002d0                __malloc_sbrk_start
 .bss.errno     0x00000000200002d4        0x4 c:/st/stm32cubeide_1.9.0/stm32cubeide/plugins/com.st.stm32cube.ide.mcu.externaltools.gnu-tools-for-stm32.10.3-2021.10.win32_1.0.0.202111181127/tools/bin/../lib/gcc/arm-none-eabi/10.3.1/../../../../arm-none-eabi/lib/thumb/v7e-m+fp/hard\libc_nano.a(lib_a-reent.o)
                0x00000000200002d4                errno
 .bss.__lock___malloc_recursive_mutex
                0x00000000200002d8        0x1 c:/st/stm32cubeide_1.9.0/stm32cubeide/plugins/com.st.stm32cube.ide.mcu.externaltools.gnu-tools-for-stm32.10.3-2021.10.win32_1.0.0.202111181127/tools/bin/../lib/gcc/arm-none-eabi/10.3.1/../../../../arm-none-eabi/lib/thumb/v7e-m+fp/hard\libc_nano.a(lib_a-lock.o)
                0x00000000200002d8                __lock___malloc_recursive_mutex
 *(COMMON)
                0x00000000200002dc                . = ALIGN (0x4)
 *fill*         0x00000000200002d9        0x3 
                0x00000000200002dc                _ebss = .
                0x00000000200002dc                __bss_end__ = _ebss

._user_heap_stack
                0x00000000200002dc      0x604 load address 0x0000000008007198
                0x00000000200002e0                . = ALIGN (0x8)
 *fill*         0x00000000200002dc        0x4 
                [!provide]                        PROVIDE (end = .)
                0x00000000200002e0                PROVIDE (_end = .)
                0x00000000200004e0                . = (. + _Min_Heap_Size)
 *fill*         0x00000000200002e0      0x200 
                0x00000000200008e0                . = (. + _Min_Stack_Size)
 *fill*         0x00000000200004e0      0x400 
                0x00000000200008e0                . = ALIGN (0x8)

/DISCARD/
 libc.a(*)
 libm.a(*)
 libgcc.a(*)

.ARM.attributes
                0x0000000000000000       0x30
 *(.ARM.attributes)
 .ARM.attributes
                0x0000000000000000       0x1e c:/st/stm32cubeide_1.9.0/stm32cubeide/plugins/com.st.stm32cube.ide.mcu.externaltools.gnu-tools-for-stm32.10.3-2021.10.win32_1.0.0.202111181127/tools/bin/../lib/gcc/arm-none-eabi/10.3.1/thumb/v7e-m+fp/hard/crti.o
 .ARM.attributes
                0x000000000000001e       0x34 c:/st/stm32cubeide_1.9.0/stm32cubeide/plugins/com.st.stm32cube.ide.mcu.externaltools.gnu-tools-for-stm32.10.3-2021.10.win32_1.0.0.202111181127/tools/bin/../lib/gcc/arm-none-eabi/10.3.1/thumb/v7e-m+fp/hard/crtbegin.o
 .ARM.attributes
                0x0000000000000052       0x34 ./Core/Src/main.o
 .ARM.attributes
                0x0000000000000086       0x34 ./Core/Src/stm32l4xx_hal_msp.o
 .ARM.attributes
                0x00000000000000ba       0x34 ./Core/Src/stm32l4xx_it.o
 .ARM.attributes
                0x00000000000000ee       0x34 ./Core/Src/sysmem.o
 .ARM.attributes
                0x0000000000000122       0x34 ./Core/Src/system_stm32l4xx.o
 .ARM.attributes
                0x0000000000000156       0x21 ./Core/Startup/startup_stm32l432kcux.o
 .ARM.attributes
                0x0000000000000177       0x34 ./Core/mcp794xx_driver/mcp794xx_driver.o
 .ARM.attributes
                0x00000000000001ab       0x34 ./Core/mcp794xx_driver/mcp794xx_driver_basic.o
 .ARM.attributes
                0x00000000000001df       0x34 ./Core/mcp794xx_driver/mcp794xx_driver_interface.o
 .ARM.attributes
                0x0000000000000213       0x34 ./Drivers/STM32L4xx_HAL_Driver/Src/stm32l4xx_hal.o
 .ARM.attributes
                0x0000000000000247       0x34 ./Drivers/STM32L4xx_HAL_Driver/Src/stm32l4xx_hal_cortex.o
 .ARM.attributes
                0x000000000000027b       0x34 ./Drivers/STM32L4xx_HAL_Driver/Src/stm32l4xx_hal_gpio.o
 .ARM.attributes
                0x00000000000002af       0x34 ./Drivers/STM32L4xx_HAL_Driver/Src/stm32l4xx_hal_i2c.o
 .ARM.attributes
                0x00000000000002e3       0x34 ./Drivers/STM32L4xx_HAL_Driver/Src/stm32l4xx_hal_i2c_ex.o
 .ARM.attributes
                0x0000000000000317       0x34 ./Drivers/STM32L4xx_HAL_Driver/Src/stm32l4xx_hal_pwr_ex.o
 .ARM.attributes
                0x000000000000034b       0x34 ./Drivers/STM32L4xx_HAL_Driver/Src/stm32l4xx_hal_rcc.o
 .ARM.attributes
                0x000000000000037f       0x34 ./Drivers/STM32L4xx_HAL_Driver/Src/stm32l4xx_hal_rcc_ex.o
 .ARM.attributes
                0x00000000000003b3       0x34 ./Drivers/STM32L4xx_HAL_Driver/Src/stm32l4xx_hal_uart.o
 .ARM.attributes
                0x00000000000003e7       0x34 c:/st/stm32cubeide_1.9.0/stm32cubeide/plugins/com.st.stm32cube.ide.mcu.externaltools.gnu-tools-for-stm32.10.3-2021.10.win32_1.0.0.202111181127/tools/bin/../lib/gcc/arm-none-eabi/10.3.1/../../../../arm-none-eabi/lib/thumb/v7e-m+fp/hard\libc_nano.a(lib_a-atoi.o)
 .ARM.attributes
                0x000000000000041b       0x34 c:/st/stm32cubeide_1.9.0/stm32cubeide/plugins/com.st.stm32cube.ide.mcu.externaltools.gnu-tools-for-stm32.10.3-2021.10.win32_1.0.0.202111181127/tools/bin/../lib/gcc/arm-none-eabi/10.3.1/../../../../arm-none-eabi/lib/thumb/v7e-m+fp/hard\libc_nano.a(lib_a-calloc.o)
 .ARM.attributes
                0x000000000000044f       0x34 c:/st/stm32cubeide_1.9.0/stm32cubeide/plugins/com.st.stm32cube.ide.mcu.externaltools.gnu-tools-for-stm32.10.3-2021.10.win32_1.0.0.202111181127/tools/bin/../lib/gcc/arm-none-eabi/10.3.1/../../../../arm-none-eabi/lib/thumb/v7e-m+fp/hard\libc_nano.a(lib_a-errno.o)
 .ARM.attributes
                0x0000000000000483       0x34 c:/st/stm32cubeide_1.9.0/stm32cubeide/plugins/com.st.stm32cube.ide.mcu.externaltools.gnu-tools-for-stm32.10.3-2021.10.win32_1.0.0.202111181127/tools/bin/../lib/gcc/arm-none-eabi/10.3.1/../../../../arm-none-eabi/lib/thumb/v7e-m+fp/hard\libc_nano.a(lib_a-impure.o)
 .ARM.attributes
                0x00000000000004b7       0x34 c:/st/stm32cubeide_1.9.0/stm32cubeide/plugins/com.st.stm32cube.ide.mcu.externaltools.gnu-tools-for-stm32.10.3-2021.10.win32_1.0.0.202111181127/tools/bin/../lib/gcc/arm-none-eabi/10.3.1/../../../../arm-none-eabi/lib/thumb/v7e-m+fp/hard\libc_nano.a(lib_a-init.o)
 .ARM.attributes
                0x00000000000004eb       0x34 c:/st/stm32cubeide_1.9.0/stm32cubeide/plugins/com.st.stm32cube.ide.mcu.externaltools.gnu-tools-for-stm32.10.3-2021.10.win32_1.0.0.202111181127/tools/bin/../lib/gcc/arm-none-eabi/10.3.1/../../../../arm-none-eabi/lib/thumb/v7e-m+fp/hard\libc_nano.a(lib_a-malloc.o)
 .ARM.attributes
                0x000000000000051f       0x34 c:/st/stm32cubeide_1.9.0/stm32cubeide/plugins/com.st.stm32cube.ide.mcu.externaltools.gnu-tools-for-stm32.10.3-2021.10.win32_1.0.0.202111181127/tools/bin/../lib/gcc/arm-none-eabi/10.3.1/../../../../arm-none-eabi/lib/thumb/v7e-m+fp/hard\libc_nano.a(lib_a-memcpy-stub.o)
 .ARM.attributes
                0x0000000000000553       0x34 c:/st/stm32cubeide_1.9.0/stm32cubeide/plugins/com.st.stm32cube.ide.mcu.externaltools.gnu-tools-for-stm32.10.3-2021.10.win32_1.0.0.202111181127/tools/bin/../lib/gcc/arm-none-eabi/10.3.1/../../../../arm-none-eabi/lib/thumb/v7e-m+fp/hard\libc_nano.a(lib_a-memset.o)
 .ARM.attributes
                0x0000000000000587       0x34 c:/st/stm32cubeide_1.9.0/stm32cubeide/plugins/com.st.stm32cube.ide.mcu.externaltools.gnu-tools-for-stm32.10.3-2021.10.win32_1.0.0.202111181127/tools/bin/../lib/gcc/arm-none-eabi/10.3.1/../../../../arm-none-eabi/lib/thumb/v7e-m+fp/hard\libc_nano.a(lib_a-nano-callocr.o)
 .ARM.attributes
                0x00000000000005bb       0x34 c:/st/stm32cubeide_1.9.0/stm32cubeide/plugins/com.st.stm32cube.ide.mcu.externaltools.gnu-tools-for-stm32.10.3-2021.10.win32_1.0.0.202111181127/tools/bin/../lib/gcc/arm-none-eabi/10.3.1/../../../../arm-none-eabi/lib/thumb/v7e-m+fp/hard\libc_nano.a(lib_a-nano-freer.o)
 .ARM.attributes
                0x00000000000005ef       0x34 c:/st/stm32cubeide_1.9.0/stm32cubeide/plugins/com.st.stm32cube.ide.mcu.externaltools.gnu-tools-for-stm32.10.3-2021.10.win32_1.0.0.202111181127/tools/bin/../lib/gcc/arm-none-eabi/10.3.1/../../../../arm-none-eabi/lib/thumb/v7e-m+fp/hard\libc_nano.a(lib_a-nano-mallocr.o)
 .ARM.attributes
                0x0000000000000623       0x34 c:/st/stm32cubeide_1.9.0/stm32cubeide/plugins/com.st.stm32cube.ide.mcu.externaltools.gnu-tools-for-stm32.10.3-2021.10.win32_1.0.0.202111181127/tools/bin/../lib/gcc/arm-none-eabi/10.3.1/../../../../arm-none-eabi/lib/thumb/v7e-m+fp/hard\libc_nano.a(lib_a-sbrkr.o)
 .ARM.attributes
                0x0000000000000657       0x17 c:/st/stm32cubeide_1.9.0/stm32cubeide/plugins/com.st.stm32cube.ide.mcu.externaltools.gnu-tools-for-stm32.10.3-2021.10.win32_1.0.0.202111181127/tools/bin/../lib/gcc/arm-none-eabi/10.3.1/../../../../arm-none-eabi/lib/thumb/v7e-m+fp/hard\libc_nano.a(lib_a-strlen.o)
 .ARM.attributes
                0x000000000000066e       0x34 c:/st/stm32cubeide_1.9.0/stm32cubeide/plugins/com.st.stm32cube.ide.mcu.externaltools.gnu-tools-for-stm32.10.3-2021.10.win32_1.0.0.202111181127/tools/bin/../lib/gcc/arm-none-eabi/10.3.1/../../../../arm-none-eabi/lib/thumb/v7e-m+fp/hard\libc_nano.a(lib_a-strncpy.o)
 .ARM.attributes
                0x00000000000006a2       0x34 c:/st/stm32cubeide_1.9.0/stm32cubeide/plugins/com.st.stm32cube.ide.mcu.externaltools.gnu-tools-for-stm32.10.3-2021.10.win32_1.0.0.202111181127/tools/bin/../lib/gcc/arm-none-eabi/10.3.1/../../../../arm-none-eabi/lib/thumb/v7e-m+fp/hard\libc_nano.a(lib_a-strtol.o)
 .ARM.attributes
                0x00000000000006d6       0x34 c:/st/stm32cubeide_1.9.0/stm32cubeide/plugins/com.st.stm32cube.ide.mcu.externaltools.gnu-tools-for-stm32.10.3-2021.10.win32_1.0.0.202111181127/tools/bin/../lib/gcc/arm-none-eabi/10.3.1/../../../../arm-none-eabi/lib/thumb/v7e-m+fp/hard\libc_nano.a(lib_a-vsnprintf.o)
 .ARM.attributes
                0x000000000000070a       0x34 c:/st/stm32cubeide_1.9.0/stm32cubeide/plugins/com.st.stm32cube.ide.mcu.externaltools.gnu-tools-for-stm32.10.3-2021.10.win32_1.0.0.202111181127/tools/bin/../lib/gcc/arm-none-eabi/10.3.1/../../../../arm-none-eabi/lib/thumb/v7e-m+fp/hard\libc_nano.a(lib_a-ctype_.o)
 .ARM.attributes
                0x000000000000073e       0x34 c:/st/stm32cubeide_1.9.0/stm32cubeide/plugins/com.st.stm32cube.ide.mcu.externaltools.gnu-tools-for-stm32.10.3-2021.10.win32_1.0.0.202111181127/tools/bin/../lib/gcc/arm-none-eabi/10.3.1/../../../../arm-none-eabi/lib/thumb/v7e-m+fp/hard\libc_nano.a(lib_a-mlock.o)
 .ARM.attributes
                0x0000000000000772       0x34 c:/st/stm32cubeide_1.9.0/stm32cubeide/plugins/com.st.stm32cube.ide.mcu.externaltools.gnu-tools-for-stm32.10.3-2021.10.win32_1.0.0.202111181127/tools/bin/../lib/gcc/arm-none-eabi/10.3.1/../../../../arm-none-eabi/lib/thumb/v7e-m+fp/hard\libc_nano.a(lib_a-nano-svfprintf.o)
 .ARM.attributes
                0x00000000000007a6       0x34 c:/st/stm32cubeide_1.9.0/stm32cubeide/plugins/com.st.stm32cube.ide.mcu.externaltools.gnu-tools-for-stm32.10.3-2021.10.win32_1.0.0.202111181127/tools/bin/../lib/gcc/arm-none-eabi/10.3.1/../../../../arm-none-eabi/lib/thumb/v7e-m+fp/hard\libc_nano.a(lib_a-nano-vfprintf_i.o)
 .ARM.attributes
                0x00000000000007da       0x34 c:/st/stm32cubeide_1.9.0/stm32cubeide/plugins/com.st.stm32cube.ide.mcu.externaltools.gnu-tools-for-stm32.10.3-2021.10.win32_1.0.0.202111181127/tools/bin/../lib/gcc/arm-none-eabi/10.3.1/../../../../arm-none-eabi/lib/thumb/v7e-m+fp/hard\libc_nano.a(lib_a-reent.o)
 .ARM.attributes
                0x000000000000080e       0x34 c:/st/stm32cubeide_1.9.0/stm32cubeide/plugins/com.st.stm32cube.ide.mcu.externaltools.gnu-tools-for-stm32.10.3-2021.10.win32_1.0.0.202111181127/tools/bin/../lib/gcc/arm-none-eabi/10.3.1/../../../../arm-none-eabi/lib/thumb/v7e-m+fp/hard\libc_nano.a(lib_a-lock.o)
 .ARM.attributes
                0x0000000000000842       0x1c c:/st/stm32cubeide_1.9.0/stm32cubeide/plugins/com.st.stm32cube.ide.mcu.externaltools.gnu-tools-for-stm32.10.3-2021.10.win32_1.0.0.202111181127/tools/bin/../lib/gcc/arm-none-eabi/10.3.1/../../../../arm-none-eabi/lib/thumb/v7e-m+fp/hard\libc_nano.a(lib_a-memchr.o)
 .ARM.attributes
                0x000000000000085e       0x34 c:/st/stm32cubeide_1.9.0/stm32cubeide/plugins/com.st.stm32cube.ide.mcu.externaltools.gnu-tools-for-stm32.10.3-2021.10.win32_1.0.0.202111181127/tools/bin/../lib/gcc/arm-none-eabi/10.3.1/../../../../arm-none-eabi/lib/thumb/v7e-m+fp/hard\libc_nano.a(lib_a-memmove.o)
 .ARM.attributes
                0x0000000000000892       0x34 c:/st/stm32cubeide_1.9.0/stm32cubeide/plugins/com.st.stm32cube.ide.mcu.externaltools.gnu-tools-for-stm32.10.3-2021.10.win32_1.0.0.202111181127/tools/bin/../lib/gcc/arm-none-eabi/10.3.1/../../../../arm-none-eabi/lib/thumb/v7e-m+fp/hard\libc_nano.a(lib_a-nano-reallocr.o)
 .ARM.attributes
                0x00000000000008c6       0x34 c:/st/stm32cubeide_1.9.0/stm32cubeide/plugins/com.st.stm32cube.ide.mcu.externaltools.gnu-tools-for-stm32.10.3-2021.10.win32_1.0.0.202111181127/tools/bin/../lib/gcc/arm-none-eabi/10.3.1/../../../../arm-none-eabi/lib/thumb/v7e-m+fp/hard\libc_nano.a(lib_a-nano-msizer.o)
 .ARM.attributes
                0x00000000000008fa       0x34 c:/st/stm32cubeide_1.9.0/stm32cubeide/plugins/com.st.stm32cube.ide.mcu.externaltools.gnu-tools-for-stm32.10.3-2021.10.win32_1.0.0.202111181127/tools/bin/../lib/gcc/arm-none-eabi/10.3.1/../../../../arm-none-eabi/lib/thumb/v7e-m+fp/hard\libm.a(lib_a-s_ceil.o)
 .ARM.attributes
                0x000000000000092e       0x1e c:/st/stm32cubeide_1.9.0/stm32cubeide/plugins/com.st.stm32cube.ide.mcu.externaltools.gnu-tools-for-stm32.10.3-2021.10.win32_1.0.0.202111181127/tools/bin/../lib/gcc/arm-none-eabi/10.3.1/thumb/v7e-m+fp/hard\libgcc.a(_arm_addsubdf3.o)
 .ARM.attributes
                0x000000000000094c       0x1e c:/st/stm32cubeide_1.9.0/stm32cubeide/plugins/com.st.stm32cube.ide.mcu.externaltools.gnu-tools-for-stm32.10.3-2021.10.win32_1.0.0.202111181127/tools/bin/../lib/gcc/arm-none-eabi/10.3.1/thumb/v7e-m+fp/hard\libgcc.a(_arm_cmpdf2.o)
 .ARM.attributes
                0x000000000000096a       0x1e c:/st/stm32cubeide_1.9.0/stm32cubeide/plugins/com.st.stm32cube.ide.mcu.externaltools.gnu-tools-for-stm32.10.3-2021.10.win32_1.0.0.202111181127/tools/bin/../lib/gcc/arm-none-eabi/10.3.1/thumb/v7e-m+fp/hard\libgcc.a(_arm_fixdfsi.o)
 .ARM.attributes
                0x0000000000000988       0x1e c:/st/stm32cubeide_1.9.0/stm32cubeide/plugins/com.st.stm32cube.ide.mcu.externaltools.gnu-tools-for-stm32.10.3-2021.10.win32_1.0.0.202111181127/tools/bin/../lib/gcc/arm-none-eabi/10.3.1/thumb/v7e-m+fp/hard\libgcc.a(_aeabi_uldivmod.o)
 .ARM.attributes
                0x00000000000009a6       0x34 c:/st/stm32cubeide_1.9.0/stm32cubeide/plugins/com.st.stm32cube.ide.mcu.externaltools.gnu-tools-for-stm32.10.3-2021.10.win32_1.0.0.202111181127/tools/bin/../lib/gcc/arm-none-eabi/10.3.1/thumb/v7e-m+fp/hard\libgcc.a(_udivmoddi4.o)
 .ARM.attributes
                0x00000000000009da       0x1e c:/st/stm32cubeide_1.9.0/stm32cubeide/plugins/com.st.stm32cube.ide.mcu.externaltools.gnu-tools-for-stm32.10.3-2021.10.win32_1.0.0.202111181127/tools/bin/../lib/gcc/arm-none-eabi/10.3.1/thumb/v7e-m+fp/hard\libgcc.a(_dvmd_tls.o)
 .ARM.attributes
                0x00000000000009f8       0x1e c:/st/stm32cubeide_1.9.0/stm32cubeide/plugins/com.st.stm32cube.ide.mcu.externaltools.gnu-tools-for-stm32.10.3-2021.10.win32_1.0.0.202111181127/tools/bin/../lib/gcc/arm-none-eabi/10.3.1/thumb/v7e-m+fp/hard/crtn.o
OUTPUT(mcp794xx_rtc_L432KCU6.elf elf32-littlearm)
LOAD linker stubs
LOAD c:/st/stm32cubeide_1.9.0/stm32cubeide/plugins/com.st.stm32cube.ide.mcu.externaltools.gnu-tools-for-stm32.10.3-2021.10.win32_1.0.0.202111181127/tools/bin/../lib/gcc/arm-none-eabi/10.3.1/../../../../arm-none-eabi/lib/thumb/v7e-m+fp/hard\libc.a
LOAD c:/st/stm32cubeide_1.9.0/stm32cubeide/plugins/com.st.stm32cube.ide.mcu.externaltools.gnu-tools-for-stm32.10.3-2021.10.win32_1.0.0.202111181127/tools/bin/../lib/gcc/arm-none-eabi/10.3.1/../../../../arm-none-eabi/lib/thumb/v7e-m+fp/hard\libm.a
LOAD c:/st/stm32cubeide_1.9.0/stm32cubeide/plugins/com.st.stm32cube.ide.mcu.externaltools.gnu-tools-for-stm32.10.3-2021.10.win32_1.0.0.202111181127/tools/bin/../lib/gcc/arm-none-eabi/10.3.1/thumb/v7e-m+fp/hard\libgcc.a

.comment        0x0000000000000000       0x50
 .comment       0x0000000000000000       0x50 ./Core/Src/main.o
                                         0x51 (size before relaxing)
 .comment       0x0000000000000050       0x51 ./Core/Src/stm32l4xx_hal_msp.o
 .comment       0x0000000000000050       0x51 ./Core/Src/stm32l4xx_it.o
 .comment       0x0000000000000050       0x51 ./Core/Src/sysmem.o
 .comment       0x0000000000000050       0x51 ./Core/Src/system_stm32l4xx.o
 .comment       0x0000000000000050       0x51 ./Core/mcp794xx_driver/mcp794xx_driver.o
 .comment       0x0000000000000050       0x51 ./Core/mcp794xx_driver/mcp794xx_driver_basic.o
 .comment       0x0000000000000050       0x51 ./Core/mcp794xx_driver/mcp794xx_driver_interface.o
 .comment       0x0000000000000050       0x51 ./Drivers/STM32L4xx_HAL_Driver/Src/stm32l4xx_hal.o
 .comment       0x0000000000000050       0x51 ./Drivers/STM32L4xx_HAL_Driver/Src/stm32l4xx_hal_cortex.o
 .comment       0x0000000000000050       0x51 ./Drivers/STM32L4xx_HAL_Driver/Src/stm32l4xx_hal_gpio.o
 .comment       0x0000000000000050       0x51 ./Drivers/STM32L4xx_HAL_Driver/Src/stm32l4xx_hal_i2c.o
 .comment       0x0000000000000050       0x51 ./Drivers/STM32L4xx_HAL_Driver/Src/stm32l4xx_hal_i2c_ex.o
 .comment       0x0000000000000050       0x51 ./Drivers/STM32L4xx_HAL_Driver/Src/stm32l4xx_hal_pwr_ex.o
 .comment       0x0000000000000050       0x51 ./Drivers/STM32L4xx_HAL_Driver/Src/stm32l4xx_hal_rcc.o
 .comment       0x0000000000000050       0x51 ./Drivers/STM32L4xx_HAL_Driver/Src/stm32l4xx_hal_rcc_ex.o
 .comment       0x0000000000000050       0x51 ./Drivers/STM32L4xx_HAL_Driver/Src/stm32l4xx_hal_uart.o

.debug_frame    0x0000000000000000      0x7a0
 .debug_frame   0x0000000000000000       0x30 c:/st/stm32cubeide_1.9.0/stm32cubeide/plugins/com.st.stm32cube.ide.mcu.externaltools.gnu-tools-for-stm32.10.3-2021.10.win32_1.0.0.202111181127/tools/bin/../lib/gcc/arm-none-eabi/10.3.1/../../../../arm-none-eabi/lib/thumb/v7e-m+fp/hard\libc_nano.a(lib_a-atoi.o)
 .debug_frame   0x0000000000000030       0x20 c:/st/stm32cubeide_1.9.0/stm32cubeide/plugins/com.st.stm32cube.ide.mcu.externaltools.gnu-tools-for-stm32.10.3-2021.10.win32_1.0.0.202111181127/tools/bin/../lib/gcc/arm-none-eabi/10.3.1/../../../../arm-none-eabi/lib/thumb/v7e-m+fp/hard\libc_nano.a(lib_a-calloc.o)