../Core/mcp794xx_driver/mcp794xx_driver.c:56:9:rtc_mcp794xx_i2c_write	16	static
../Core/mcp794xx_driver/mcp794xx_driver.c:85:9:rtc_mcp794xx_i2c_read	24	static
../Core/mcp794xx_driver/mcp794xx_driver.c:110:9:eeprom_mcp794xx_i2c_write	24	dynamic
../Core/mcp794xx_driver/mcp794xx_driver.c:139:9:eeprom_mcp794xx_i2c_read	24	static
../Core/mcp794xx_driver/mcp794xx_driver.c:163:9:sram_mcp794xx_i2c_write	24	dynamic
../Core/mcp794xx_driver/mcp794xx_driver.c:187:6:a_mcp794xx_print_error_msg	0	static
../Core/mcp794xx_driver/mcp794xx_driver.c:200:9:a_pcf85xxx_dec2bcd	0	static
../Core/mcp794xx_driver/mcp794xx_driver.c:211:9:a_pcf85xxx_bcd2dec	0	static
../Core/mcp794xx_driver/mcp794xx_driver.c:226:9:mcp794xx_init	16	static
../Core/mcp794xx_driver/mcp794xx_driver.c:296:9:mcp794xx_deinit	16	static
../Core/mcp794xx_driver/mcp794xx_driver.c:323:9:mcp794xx_irq_pHandler	8	static
../Core/mcp794xx_driver/mcp794xx_driver.c:361:9:mcp794xx_set_addr_pin	0	static
../Core/mcp794xx_driver/mcp794xx_driver.c:391:9:mcp794xx_set_variant	0	static
../Core/mcp794xx_driver/mcp794xx_driver.c:419:9:mcp794xx_get_variant	0	static
../Core/mcp794xx_driver/mcp794xx_driver.c:447:9:mcp794xx_set_debug_print_buffer_size	0	static
../Core/mcp794xx_driver/mcp794xx_driver.c:474:9:mcp794xx_get_debug_print_buffer_size	8	static
../Core/mcp794xx_driver/mcp794xx_driver.c:676:9:mcp794xx_get_time_and_date	24	static
../Core/mcp794xx_driver/mcp794xx_driver.c:721:9:mcp794xx_set_hour_format	40	static
../Core/mcp794xx_driver/mcp794xx_driver.c:762:9:mcp794xx_get_hour_format	24	static
../Core/mcp794xx_driver/mcp794xx_driver.c:798:9:mcp794xx_set_am_pm	40	static
../Core/mcp794xx_driver/mcp794xx_driver.c:502:9:mcp794xx_set_time_and_date	40	static
../Core/mcp794xx_driver/mcp794xx_driver.c:839:9:mcp794xx_get_am_pm	24	static
../Core/mcp794xx_driver/mcp794xx_driver.c:870:9:mcp794xx_set_osc_status	32	static
../Core/mcp794xx_driver/mcp794xx_driver.c:908:9:mcp794xx_get_osc_status	24	static
../Core/mcp794xx_driver/mcp794xx_driver.c:938:9:mcp794xx_clr_pwr_fail_status	24	static
../Core/mcp794xx_driver/mcp794xx_driver.c:982:9:mcp794xx_get_pwr_fail_status	24	static
../Core/mcp794xx_driver/mcp794xx_driver.c:1023:9:mcp794xx_get_pwr_fail_time_stamp	24	static
../Core/mcp794xx_driver/mcp794xx_driver.c:1099:9:mcp794xx_set_pwr_fail_time_param	24	static
../Core/mcp794xx_driver/mcp794xx_driver.c:1149:9:mcp794xx_get_leap_year_status	24	static
../Core/mcp794xx_driver/mcp794xx_driver.c:1181:9:mcp794xx_set_alarm_enable_status	32	static
../Core/mcp794xx_driver/mcp794xx_driver.c:1240:9:mcp794xx_get_alarm_enable_status	32	static
../Core/mcp794xx_driver/mcp794xx_driver.c:1287:9:mcp794xx_set_alarm_interrupt_output_polarity	32	static
../Core/mcp794xx_driver/mcp794xx_driver.c:1367:9:mcp794xx_get_alarm_interrupt_output_polarity	32	static
../Core/mcp794xx_driver/mcp794xx_driver.c:1429:9:mcp794xx_set_alarm_time_date	40	static
../Core/mcp794xx_driver/mcp794xx_driver.c:1699:9:mcp794xx_set_alarm	32	static
../Core/mcp794xx_driver/mcp794xx_driver.c:1794:9:mcp794xx_get_alarm_time_date	24	static
../Core/mcp794xx_driver/mcp794xx_driver.c:1862:9:mcp794xx_get_alarm	40	static
../Core/mcp794xx_driver/mcp794xx_driver.c:1919:9:mcp794xx_get_alarm_interrupt_flag	32	static
../Core/mcp794xx_driver/mcp794xx_driver.c:1972:9:mcp794xx_clr_alarm_interrupt_flag	24	static
../Core/mcp794xx_driver/mcp794xx_driver.c:2038:9:mcp794xx_set_mfp_logic_level	32	static
../Core/mcp794xx_driver/mcp794xx_driver.c:2077:9:mcp794xx_get_mfp_logic_level	24	static
../Core/mcp794xx_driver/mcp794xx_driver.c:2110:9:mcp94xx_set_sqr_wave_output_freq	32	static
../Core/mcp794xx_driver/mcp794xx_driver.c:2149:9:mcp94xx_get_sqr_wave_freq	24	static
../Core/mcp794xx_driver/mcp794xx_driver.c:2181:9:mcp794xx_set_sqr_wave_enable_status	32	static
../Core/mcp794xx_driver/mcp794xx_driver.c:2220:9:mcp794xx_get_sqr_wave_enable_status	24	static
../Core/mcp794xx_driver/mcp794xx_driver.c:2252:9:mcp794xx_set_trim_val	32	static
../Core/mcp794xx_driver/mcp794xx_driver.c:2293:9:mcp794xx_get_trim_val	32	static
../Core/mcp794xx_driver/mcp794xx_driver.c:2326:9:mcp794xx_set_coarse_trim_mode_status	32	static
../Core/mcp794xx_driver/mcp794xx_driver.c:2366:9:mcp794xx_get_coarse_trim_mode_status	24	static
../Core/mcp794xx_driver/mcp794xx_driver.c:2398:9:mcp794xx_get_os_running_status	24	static
../Core/mcp794xx_driver/mcp794xx_driver.c:2430:10:mcp794xx_set_ext_batt_enable_status	32	static
../Core/mcp794xx_driver/mcp794xx_driver.c:2475:10:mcp794xx_get_ext_batt_enable_status	24	static
../Core/mcp794xx_driver/mcp794xx_driver.c:2507:9:mcp794xx_set_ext_osc_enable_status	24	static
../Core/mcp794xx_driver/mcp794xx_driver.c:2547:9:mcp794xx_get_ext_osc_enable_status	24	static
../Core/mcp794xx_driver/mcp794xx_driver.c:2579:9:mcp794xx_set_osc_start_bit	24	static
../Core/mcp794xx_driver/mcp794xx_driver.c:2618:9:mcp794xx_get_osc_start_bit	24	static
../Core/mcp794xx_driver/mcp794xx_driver.c:2652:9:mcp794xx_read_epoch_unix_time_stamp	20	static
../Core/mcp794xx_driver/mcp794xx_driver.c:2706:9:mcp794xx_convert_epoch_unix_time_stamp	16	static
../Core/mcp794xx_driver/mcp794xx_driver.c:2788:9:mcp794xx_get_compile_time_date	48	static
../Core/mcp794xx_driver/mcp794xx_driver.c:2868:9:mcp794xx_set_countdown_interrupt_enable_status	24	static
../Core/mcp794xx_driver/mcp794xx_driver.c:2913:9:mcp794xx_set_countdown_interrupt_time	40	static
../Core/mcp794xx_driver/mcp794xx_driver.c:3003:9:mcp794xx_uid_read	24	static
../Core/mcp794xx_driver/mcp794xx_driver.c:3111:9:mcp794xx_sram_write_byte	24	static
../Core/mcp794xx_driver/mcp794xx_driver.c:3154:9:mcp794xx_sram_read_byte	16	static
../Core/mcp794xx_driver/mcp794xx_driver.c:3197:9:mcp794xx_sram_erase_selector	32	static
../Core/mcp794xx_driver/mcp794xx_driver.c:3239:9:mcp794xx_wipe_sram	80	static
../Core/mcp794xx_driver/mcp794xx_driver.c:3324:9:mcp794xx_eeprom_read_byte	16	static
../Core/mcp794xx_driver/mcp794xx_driver.c:3638:9:mcp794xx_eeprom_set_bp_status	24	static
../Core/mcp794xx_driver/mcp794xx_driver.c:3669:9:mcp794xx_eeprom_get_bp_status	24	static
../Core/mcp794xx_driver/mcp794xx_driver.c:3702:9:mcp794xx_eeprom_check_bp_before_write	32	static
../Core/mcp794xx_driver/mcp794xx_driver.c:3276:9:mcp794xx_eeprom_write_byte	32	static
../Core/mcp794xx_driver/mcp794xx_driver.c:3482:9:mcp794xx_eeprom_update	40	dynamic
../Core/mcp794xx_driver/mcp794xx_driver.c:3569:9:mcp794xx_eeprom_erase_sector	32	static
../Core/mcp794xx_driver/mcp794xx_driver.c:3601:9:mcp794xx_eeprom_erase_chip	24	static
../Core/mcp794xx_driver/mcp794xx_driver.c:3821:9:mcp794xxx_eeprom_validate_page	8	static
../Core/mcp794xx_driver/mcp794xx_driver.c:3528:9:mcp794xx_eeprom_erase_page	32	static
../Core/mcp794xx_driver/mcp794xx_driver.c:3854:9:mcp794xx_eeprom_get_legth	0	static
../Core/mcp794xx_driver/mcp794xx_driver.c:3775:9:mcp794xx_eeprom_validate_page_boundary	16	static
../Core/mcp794xx_driver/mcp794xx_driver.c:3373:9:mcp794xx_eeprom_put_byte	32	static
../Core/mcp794xx_driver/mcp794xx_driver.c:3429:9:mcp794xx_eeprom_get_byte	40	static
../Core/mcp794xx_driver/mcp794xx_driver.c:3878:9:mcp794xx_set_reg	16	static
../Core/mcp794xx_driver/mcp794xx_driver.c:3910:9:mcp794xx_get_reg	16	static
../Core/mcp794xx_driver/mcp794xx_driver.c:3936:9:mcp794xx_info	8	static
