Archive member included to satisfy reference by file (symbol)

c:/program files (x86)/atmel/studio/7.0/toolchain/arm/arm-gnu-toolchain/bin/../lib/gcc/arm-none-eabi/6.3.1/../../../../arm-none-eabi/lib/thumb/v6-m\libm.a(lib_a-s_ceil.o)
                              mcp794xx_driver/mcp794xx_driver.o (ceil)
c:/program files (x86)/atmel/studio/7.0/toolchain/arm/arm-gnu-toolchain/bin/../lib/gcc/arm-none-eabi/6.3.1/thumb/v6-m\libgcc.a(_thumb1_case_uqi.o)
                              mcp794xx_driver/mcp794xx_driver.o (__gnu_thumb1_case_uqi)
c:/program files (x86)/atmel/studio/7.0/toolchain/arm/arm-gnu-toolchain/bin/../lib/gcc/arm-none-eabi/6.3.1/thumb/v6-m\libgcc.a(_thumb1_case_shi.o)
                              main.o (__gnu_thumb1_case_shi)
c:/program files (x86)/atmel/studio/7.0/toolchain/arm/arm-gnu-toolchain/bin/../lib/gcc/arm-none-eabi/6.3.1/thumb/v6-m\libgcc.a(_udivsi3.o)
                              hpl/core/hpl_core_m0plus_base.o (__aeabi_uidiv)
c:/program files (x86)/atmel/studio/7.0/toolchain/arm/arm-gnu-toolchain/bin/../lib/gcc/arm-none-eabi/6.3.1/thumb/v6-m\libgcc.a(_divsi3.o)
                              mcp794xx_driver/mcp794xx_driver.o (__aeabi_idiv)
c:/program files (x86)/atmel/studio/7.0/toolchain/arm/arm-gnu-toolchain/bin/../lib/gcc/arm-none-eabi/6.3.1/thumb/v6-m\libgcc.a(_dvmd_tls.o)
                              c:/program files (x86)/atmel/studio/7.0/toolchain/arm/arm-gnu-toolchain/bin/../lib/gcc/arm-none-eabi/6.3.1/thumb/v6-m\libgcc.a(_udivsi3.o) (__aeabi_idiv0)
c:/program files (x86)/atmel/studio/7.0/toolchain/arm/arm-gnu-toolchain/bin/../lib/gcc/arm-none-eabi/6.3.1/thumb/v6-m\libgcc.a(_arm_cmpdf2.o)
                              c:/program files (x86)/atmel/studio/7.0/toolchain/arm/arm-gnu-toolchain/bin/../lib/gcc/arm-none-eabi/6.3.1/../../../../arm-none-eabi/lib/thumb/v6-m\libm.a(lib_a-s_ceil.o) (__aeabi_dcmpgt)
c:/program files (x86)/atmel/studio/7.0/toolchain/arm/arm-gnu-toolchain/bin/../lib/gcc/arm-none-eabi/6.3.1/thumb/v6-m\libgcc.a(_aeabi_uldivmod.o)
                              hpl/sercom/hpl_sercom.o (__aeabi_uldivmod)
c:/program files (x86)/atmel/studio/7.0/toolchain/arm/arm-gnu-toolchain/bin/../lib/gcc/arm-none-eabi/6.3.1/thumb/v6-m\libgcc.a(_muldi3.o)
                              hpl/sercom/hpl_sercom.o (__aeabi_lmul)
c:/program files (x86)/atmel/studio/7.0/toolchain/arm/arm-gnu-toolchain/bin/../lib/gcc/arm-none-eabi/6.3.1/thumb/v6-m\libgcc.a(_ffssi2.o)
                              hpl/eic/hpl_eic.o (__ffssi2)
c:/program files (x86)/atmel/studio/7.0/toolchain/arm/arm-gnu-toolchain/bin/../lib/gcc/arm-none-eabi/6.3.1/thumb/v6-m\libgcc.a(_fixunssfsi.o)
                              main.o (__aeabi_f2uiz)
c:/program files (x86)/atmel/studio/7.0/toolchain/arm/arm-gnu-toolchain/bin/../lib/gcc/arm-none-eabi/6.3.1/thumb/v6-m\libgcc.a(_fixunsdfsi.o)
                              hpl/sercom/hpl_sercom.o (__aeabi_d2uiz)
c:/program files (x86)/atmel/studio/7.0/toolchain/arm/arm-gnu-toolchain/bin/../lib/gcc/arm-none-eabi/6.3.1/thumb/v6-m\libgcc.a(_udivmoddi4.o)
                              c:/program files (x86)/atmel/studio/7.0/toolchain/arm/arm-gnu-toolchain/bin/../lib/gcc/arm-none-eabi/6.3.1/thumb/v6-m\libgcc.a(_aeabi_uldivmod.o) (__udivmoddi4)
c:/program files (x86)/atmel/studio/7.0/toolchain/arm/arm-gnu-toolchain/bin/../lib/gcc/arm-none-eabi/6.3.1/thumb/v6-m\libgcc.a(mulsf3.o)
                              main.o (__aeabi_fmul)
c:/program files (x86)/atmel/studio/7.0/toolchain/arm/arm-gnu-toolchain/bin/../lib/gcc/arm-none-eabi/6.3.1/thumb/v6-m\libgcc.a(subsf3.o)
                              main.o (__aeabi_fsub)
c:/program files (x86)/atmel/studio/7.0/toolchain/arm/arm-gnu-toolchain/bin/../lib/gcc/arm-none-eabi/6.3.1/thumb/v6-m\libgcc.a(fixsfsi.o)
                              c:/program files (x86)/atmel/studio/7.0/toolchain/arm/arm-gnu-toolchain/bin/../lib/gcc/arm-none-eabi/6.3.1/thumb/v6-m\libgcc.a(_fixunssfsi.o) (__aeabi_f2iz)
c:/program files (x86)/atmel/studio/7.0/toolchain/arm/arm-gnu-toolchain/bin/../lib/gcc/arm-none-eabi/6.3.1/thumb/v6-m\libgcc.a(floatsisf.o)
                              main.o (__aeabi_i2f)
c:/program files (x86)/atmel/studio/7.0/toolchain/arm/arm-gnu-toolchain/bin/../lib/gcc/arm-none-eabi/6.3.1/thumb/v6-m\libgcc.a(adddf3.o)
                              c:/program files (x86)/atmel/studio/7.0/toolchain/arm/arm-gnu-toolchain/bin/../lib/gcc/arm-none-eabi/6.3.1/../../../../arm-none-eabi/lib/thumb/v6-m\libm.a(lib_a-s_ceil.o) (__aeabi_dadd)
c:/program files (x86)/atmel/studio/7.0/toolchain/arm/arm-gnu-toolchain/bin/../lib/gcc/arm-none-eabi/6.3.1/thumb/v6-m\libgcc.a(divdf3.o)
                              hpl/sercom/hpl_sercom.o (__aeabi_ddiv)
c:/program files (x86)/atmel/studio/7.0/toolchain/arm/arm-gnu-toolchain/bin/../lib/gcc/arm-none-eabi/6.3.1/thumb/v6-m\libgcc.a(eqdf2.o)
[...]
Memory Configuration

Name             Origin             Length             Attributes
rom              0x00000000         0x00040000         xr
ram              0x20000000         0x00008000         xrw
*default*        0x00000000         0xffffffff

Linker script and memory map

LOAD c:/program files (x86)/atmel/studio/7.0/toolchain/arm/arm-gnu-toolchain/bin/../lib/gcc/arm-none-eabi/6.3.1/thumb/v6-m/crtfastmath.o
LOAD c:/program files (x86)/atmel/studio/7.0/toolchain/arm/arm-gnu-toolchain/bin/../lib/gcc/arm-none-eabi/6.3.1/thumb/v6-m/crti.o
LOAD c:/program files (x86)/atmel/studio/7.0/toolchain/arm/arm-gnu-toolchain/bin/../lib/gcc/arm-none-eabi/6.3.1/thumb/v6-m/crtbegin.o
LOAD c:/program files (x86)/atmel/studio/7.0/toolchain/arm/arm-gnu-toolchain/bin/../lib/gcc/arm-none-eabi/6.3.1/../../../../arm-none-eabi/lib/thumb/v6-m/crt0.o
LOAD atmel_start.o
LOAD Device_Startup/startup_samd21.o
LOAD Device_Startup/system_samd21.o
LOAD driver_init.o
LOAD examples/driver_examples.o
LOAD hal/src/hal_atomic.o
LOAD hal/src/hal_delay.o
LOAD hal/src/hal_ext_irq.o
LOAD hal/src/hal_gpio.o
LOAD hal/src/hal_i2c_m_sync.o
LOAD hal/src/hal_init.o
LOAD hal/src/hal_io.o
LOAD hal/src/hal_sleep.o
LOAD hal/src/hal_usart_sync.o
LOAD hal/utils/src/utils_assert.o
LOAD hal/utils/src/utils_event.o
LOAD hal/utils/src/utils_list.o
LOAD hal/utils/src/utils_syscalls.o
LOAD hpl/core/hpl_core_m0plus_base.o
LOAD hpl/core/hpl_init.o
LOAD hpl/dmac/hpl_dmac.o
LOAD hpl/eic/hpl_eic.o
LOAD hpl/gclk/hpl_gclk.o
LOAD hpl/pm/hpl_pm.o
LOAD hpl/sercom/hpl_sercom.o
LOAD hpl/sysctrl/hpl_sysctrl.o
LOAD hpl/systick/hpl_systick.o
LOAD main.o
LOAD mcp794xx_driver/mcp794xx_driver.o
LOAD mcp794xx_driver/mcp794xx_driver_basic.o
LOAD mcp794xx_driver/mcp794xx_driver_interface.o
START GROUP
LOAD c:/program files (x86)/atmel/studio/7.0/toolchain/arm/arm-gnu-toolchain/bin/../lib/gcc/arm-none-eabi/6.3.1/../../../../arm-none-eabi/lib/thumb/v6-m\libm.a
END GROUP
START GROUP
LOAD c:/program files (x86)/atmel/studio/7.0/toolchain/arm/arm-gnu-toolchain/bin/../lib/gcc/arm-none-eabi/6.3.1/thumb/v6-m\libgcc.a
LOAD c:/program files (x86)/atmel/studio/7.0/toolchain/arm/arm-gnu-toolchain/bin/../lib/gcc/arm-none-eabi/6.3.1/../../../../arm-none-eabi/lib/thumb/v6-m\libc_nano.a
END GROUP
START GROUP
LOAD c:/program files (x86)/atmel/studio/7.0/toolchain/arm/arm-gnu-toolchain/bin/../lib/gcc/arm-none-eabi/6.3.1/thumb/v6-m\libgcc.a
LOAD c:/program files (x86)/atmel/studio/7.0/toolchain/arm/arm-gnu-toolchain/bin/../lib/gcc/arm-none-eabi/6.3.1/../../../../arm-none-eabi/lib/thumb/v6-m\libc_nano.a
END GROUP
LOAD c:/program files (x86)/atmel/studio/7.0/toolchain/arm/arm-gnu-toolchain/bin/../lib/gcc/arm-none-eabi/6.3.1/thumb/v6-m/crtend.o
LOAD c:/program files (x86)/atmel/studio/7.0/toolchain/arm/arm-gnu-toolchain/bin/../lib/gcc/arm-none-eabi/6.3.1/thumb/v6-m/crtn.o
                0x00002000                STACK_SIZE = DEFINED (STACK_SIZE)?STACK_SIZE:DEFINED (__stack_size__)?__stack_size__:0x2000

.text           0x00000000     0x85cc
                0x00000000                . = ALIGN (0x4)
                0x00000000                _sfixed = .
 *(.vectors .vectors.*)
 .vectors       0x00000000       0xb4 Device_Startup/startup_samd21.o
                0x00000000                exception_table
 *(.text .text.* .gnu.linkonce.t.*)
 .text          0x000000b4       0x60 c:/program files (x86)/atmel/studio/7.0/toolchain/arm/arm-gnu-toolchain/bin/../lib/gcc/arm-none-eabi/6.3.1/thumb/v6-m/crtbegin.o
 .text.atmel_start_init
                0x00000114        0x8 atmel_start.o
                0x00000114                atmel_start_init
 .text.Dummy_Handler
                0x0000011c        0x2 Device_Startup/startup_samd21.o
                0x0000011c                SVCall_Handler
                0x0000011c                DMAC_Handler
                0x0000011c                HardFault_Handler
                0x0000011c                AC_Handler
                0x0000011c                SysTick_Handler
                0x0000011c                PendSV_Handler
                0x0000011c                SERCOM1_Handler
                0x0000011c                ADC_Handler
                0x0000011c                NonMaskableInt_Handler
                0x0000011c                TCC1_Handler
                0x0000011c                SERCOM2_Handler
                0x0000011c                TCC0_Handler
                0x0000011c                RTC_Handler
                0x0000011c                WDT_Handler
                0x0000011c                TC4_Handler
                0x0000011c                USB_Handler
                0x0000011c                TC3_Handler
                0x0000011c                Dummy_Handler
                0x0000011c                PM_Handler
                0x0000011c                SERCOM5_Handler
                0x0000011c                TCC2_Handler
                0x0000011c                EVSYS_Handler
                0x0000011c                SERCOM3_Handler
                0x0000011c                SERCOM4_Handler
                0x0000011c                I2S_Handler
                0x0000011c                NVMCTRL_Handler
                0x0000011c                SERCOM0_Handler
                0x0000011c                DAC_Handler
                0x0000011c                PTC_Handler
                0x0000011c                TC5_Handler
                0x0000011c                SYSCTRL_Handler
 *fill*         0x0000011e        0x2 
 .text.Reset_Handler
                0x00000120       0xe8 Device_Startup/startup_samd21.o
                0x00000120                Reset_Handler
 .text.EXTERNAL_IRQ_0_init
                0x00000208       0x5c driver_init.o
                0x00000208                EXTERNAL_IRQ_0_init
 .text.I2C_0_PORT_init
                0x00000264       0x54 driver_init.o
                0x00000264                I2C_0_PORT_init
 .text.I2C_0_CLOCK_init
                0x000002b8       0x28 driver_init.o
                0x000002b8                I2C_0_CLOCK_init
 .text.I2C_0_init
                0x000002e0       0x30 driver_init.o
                0x000002e0                I2C_0_init
 .text.USART_0_PORT_init
                0x00000310       0x44 driver_init.o
                0x00000310                USART_0_PORT_init
 .text.USART_0_CLOCK_init
                0x00000354       0x20 driver_init.o
                0x00000354                USART_0_CLOCK_init
 .text.USART_0_init
                0x00000374       0x30 driver_init.o
                0x00000374                USART_0_init
 .text.delay_driver_init
                0x000003a4       0x10 driver_init.o
                0x000003a4                delay_driver_init
 .text.system_init
                0x000003b4       0x44 driver_init.o
                0x000003b4                system_init
 .text.button_on_PA24_pressed
                0x000003f8       0x1c examples/driver_examples.o
 .text.EXTERNAL_IRQ_0_example
                0x00000414       0x14 examples/driver_examples.o
                0x00000414                EXTERNAL_IRQ_0_example
 .text.delay_init
                0x00000428       0x14 hal/src/hal_delay.o
                0x00000428                delay_init
 .text.delay_ms
                0x0000043c       0x1c hal/src/hal_delay.o
                0x0000043c                delay_ms
 .text.process_ext_irq
                0x00000458       0x4c hal/src/hal_ext_irq.o
 .text.ext_irq_init
                0x000004a4       0x34 hal/src/hal_ext_irq.o
                0x000004a4                ext_irq_init
 .text.ext_irq_register
                0x000004d8       0xf4 hal/src/hal_ext_irq.o
                0x000004d8                ext_irq_register
 .text.i2c_m_sync_write
                0x000005cc       0x30 hal/src/hal_i2c_m_sync.o
 .text.i2c_m_sync_read
                0x000005fc       0x30 hal/src/hal_i2c_m_sync.o
 .text.i2c_m_sync_init
                0x0000062c       0x3c hal/src/hal_i2c_m_sync.o
                0x0000062c                i2c_m_sync_init
 .text.i2c_m_sync_enable
                0x00000668        0x8 hal/src/hal_i2c_m_sync.o
                0x00000668                i2c_m_sync_enable
 .text.i2c_m_sync_set_slaveaddr
                0x00000670       0x12 hal/src/hal_i2c_m_sync.o
                0x00000670                i2c_m_sync_set_slaveaddr
 .text.i2c_m_sync_get_io_descriptor
                0x00000682        0x8 hal/src/hal_i2c_m_sync.o
                0x00000682                i2c_m_sync_get_io_descriptor
 *fill*         0x0000068a        0x2 
 .text.io_write
                0x0000068c       0x34 hal/src/hal_io.o
                0x0000068c                io_write
 .text.io_read  0x000006c0       0x34 hal/src/hal_io.o
                0x000006c0                io_read
 .text.usart_sync_write
                0x000006f4       0x68 hal/src/hal_usart_sync.o
 .text.usart_sync_read
                0x0000075c       0x64 hal/src/hal_usart_sync.o
 .text.usart_sync_init
                0x000007c0       0x4c hal/src/hal_usart_sync.o
                0x000007c0                usart_sync_init
 .text.usart_sync_enable
                0x0000080c       0x24 hal/src/hal_usart_sync.o
                0x0000080c                usart_sync_enable
 .text.usart_sync_get_io_descriptor
                0x00000830       0x2c hal/src/hal_usart_sync.o
                0x00000830                usart_sync_get_io_descriptor
 .text.assert   0x0000085c        0x8 hal/utils/src/utils_assert.o
                0x0000085c                assert
 .text._sbrk    0x00000864       0x44 hal/utils/src/utils_syscalls.o
                0x00000864                _sbrk
 .text._get_cycles_for_ms
                0x000008a8        0xc hpl/core/hpl_core_m0plus_base.o
                0x000008a8                _get_cycles_for_ms
 .text._init_chip
                0x000008b4       0x28 hpl/core/hpl_init.o
                0x000008b4                _init_chip
 .text._ext_irq_init
                0x000008dc       0x98 hpl/eic/hpl_eic.o
                0x000008dc                _ext_irq_init
 .text._ext_irq_enable
                0x00000974       0x4c hpl/eic/hpl_eic.o
                0x00000974                _ext_irq_enable
 .text.EIC_Handler
                0x000009c0       0xbc hpl/eic/hpl_eic.o
                0x000009c0                EIC_Handler
 .text._gclk_init_generators_by_fref
                0x00000a7c       0x40 hpl/gclk/hpl_gclk.o
                0x00000a7c                _gclk_init_generators_by_fref
 .text._pm_init
                0x00000abc       0x24 hpl/pm/hpl_pm.o
                0x00000abc                _pm_init
 .text._sercom_get_hardware_index
                0x00000ae0       0x10 hpl/sercom/hpl_sercom.o
 .text._get_sercom_index
                0x00000af0       0x40 hpl/sercom/hpl_sercom.o
 .text._usart_init
                0x00000b30      0x114 hpl/sercom/hpl_sercom.o
 .text._get_i2cm_index
                0x00000c44       0x44 hpl/sercom/hpl_sercom.o
 .text._i2c_m_sync_init_impl
                0x00000c88       0xe4 hpl/sercom/hpl_sercom.o
 .text._sercom_i2c_sync_send_address
                0x00000d6c      0x270 hpl/sercom/hpl_sercom.o
 .text._usart_sync_init
                0x00000fdc       0x24 hpl/sercom/hpl_sercom.o
                0x00000fdc                _usart_sync_init
 .text._usart_sync_enable
                0x00001000       0x12 hpl/sercom/hpl_sercom.o
                0x00001000                _usart_sync_enable
 .text._usart_sync_write_byte
                0x00001012        0x8 hpl/sercom/hpl_sercom.o
                0x00001012                _usart_sync_write_byte
 .text._usart_sync_read_byte
                0x0000101a        0x8 hpl/sercom/hpl_sercom.o
                0x0000101a                _usart_sync_read_byte
 .text._usart_sync_is_ready_to_send
                0x00001022        0xa hpl/sercom/hpl_sercom.o
                0x00001022                _usart_sync_is_ready_to_send
 .text._usart_sync_is_transmit_done
                0x0000102c        0xc hpl/sercom/hpl_sercom.o
                0x0000102c                _usart_sync_is_transmit_done
 .text._usart_sync_is_byte_received
                0x00001038        0xc hpl/sercom/hpl_sercom.o
                0x00001038                _usart_sync_is_byte_received
 .text._i2c_m_sync_init
                0x00001044       0x2c hpl/sercom/hpl_sercom.o
                0x00001044                _i2c_m_sync_init
 .text._i2c_m_sync_enable
                0x00001070       0x80 hpl/sercom/hpl_sercom.o
                0x00001070                _i2c_m_sync_enable
 .text._i2c_m_sync_transfer
                0x000010f0      0x27c hpl/sercom/hpl_sercom.o
                0x000010f0                _i2c_m_sync_transfer
 .text._sysctrl_init_sources
                0x0000136c       0x18 hpl/sysctrl/hpl_sysctrl.o
                0x0000136c                _sysctrl_init_sources
 .text._sysctrl_init_referenced_generators
                0x00001384       0x88 hpl/sysctrl/hpl_sysctrl.o
                0x00001384                _sysctrl_init_referenced_generators
 .text._system_time_init
                0x0000140c       0x14 hpl/systick/hpl_systick.o
                0x0000140c                _system_time_init
 .text._delay_init
                0x00001420        0x8 hpl/systick/hpl_systick.o
                0x00001420                _delay_init
 .text._delay_cycles
                0x00001428       0x40 hpl/systick/hpl_systick.o
                0x00001428                _delay_cycles
 .text.main     0x00001468      0x6f8 main.o
                0x00001468                main
 .text.serial_print
                0x00001b60       0x38 main.o
                0x00001b60                serial_print
 .text.i2c_write
                0x00001b98       0x48 main.o
                0x00001b98                i2c_write
 .text.i2c_read
                0x00001be0       0x48 main.o
                0x00001be0                i2c_read
 .text.led_toggle
                0x00001c28        0xc main.o
                0x00001c28                led_toggle
 .text.rtc_mcp794xx_i2c_write
                0x00001c34       0x32 mcp794xx_driver/mcp794xx_driver.o
                0x00001c34                rtc_mcp794xx_i2c_write
 .text.rtc_mcp794xx_i2c_read
                0x00001c66       0x36 mcp794xx_driver/mcp794xx_driver.o
                0x00001c66                rtc_mcp794xx_i2c_read
 .text.eeprom_mcp794xx_i2c_write
                0x00001c9c       0x40 mcp794xx_driver/mcp794xx_driver.o
                0x00001c9c                eeprom_mcp794xx_i2c_write
 .text.eeprom_mcp794xx_i2c_read
                0x00001cdc       0x36 mcp794xx_driver/mcp794xx_driver.o
                0x00001cdc                eeprom_mcp794xx_i2c_read
 .text.sram_mcp794xx_i2c_write
                0x00001d12       0x40 mcp794xx_driver/mcp794xx_driver.o
                0x00001d12                sram_mcp794xx_i2c_write
 *fill*         0x00001d52        0x2 
 .text.a_mcp794xx_print_error_msg
                0x00001d54       0x10 mcp794xx_driver/mcp794xx_driver.o
                0x00001d54                a_mcp794xx_print_error_msg
 .text.a_pcf85xxx_dec2bcd
                0x00001d64       0x1c mcp794xx_driver/mcp794xx_driver.o
                0x00001d64                a_pcf85xxx_dec2bcd
 .text.a_pcf85xxx_bcd2dec
                0x00001d80       0x16 mcp794xx_driver/mcp794xx_driver.o
                0x00001d80                a_pcf85xxx_bcd2dec
 *fill*         0x00001d96        0x2 
 .text.mcp794xx_init
                0x00001d98       0xa8 mcp794xx_driver/mcp794xx_driver.o
                0x00001d98                mcp794xx_init
 .text.mcp794xx_irq_pHandler
                0x00001e40       0x32 mcp794xx_driver/mcp794xx_driver.o
                0x00001e40                mcp794xx_irq_pHandler
 *fill*         0x00001e72        0x2 
 .text.mcp794xx_set_addr_pin
                0x00001e74       0x3c mcp794xx_driver/mcp794xx_driver.o
                0x00001e74                mcp794xx_set_addr_pin
 .text.mcp794xx_set_variant
                0x00001eb0       0x18 mcp794xx_driver/mcp794xx_driver.o
                0x00001eb0                mcp794xx_set_variant
 .text.mcp794xx_set_debug_print_buffer_size
                0x00001ec8       0x18 mcp794xx_driver/mcp794xx_driver.o
                0x00001ec8                mcp794xx_set_debug_print_buffer_size
 .text.mcp794xx_get_time_and_date
                0x00001ee0       0xdc mcp794xx_driver/mcp794xx_driver.o
                0x00001ee0                mcp794xx_get_time_and_date
 .text.mcp794xx_set_hour_format
                0x00001fbc       0x8c mcp794xx_driver/mcp794xx_driver.o
                0x00001fbc                mcp794xx_set_hour_format
 .text.mcp794xx_get_hour_format
                0x00002048       0x5c mcp794xx_driver/mcp794xx_driver.o
                0x00002048                mcp794xx_get_hour_format
 .text.mcp794xx_set_am_pm
                0x000020a4       0x84 mcp794xx_driver/mcp794xx_driver.o
                0x000020a4                mcp794xx_set_am_pm
 .text.mcp794xx_set_time_and_date
                0x00002128      0x34c mcp794xx_driver/mcp794xx_driver.o
                0x00002128                mcp794xx_set_time_and_date
 .text.mcp794xx_get_am_pm
                0x00002474       0x58 mcp794xx_driver/mcp794xx_driver.o
                0x00002474                mcp794xx_get_am_pm
 .text.mcp794xx_set_osc_status
                0x000024cc       0x80 mcp794xx_driver/mcp794xx_driver.o
                0x000024cc                mcp794xx_set_osc_status
 .text.mcp794xx_get_pwr_fail_time_stamp
                0x0000254c      0x100 mcp794xx_driver/mcp794xx_driver.o
                0x0000254c                mcp794xx_get_pwr_fail_time_stamp
 .text.mcp794xx_set_pwr_fail_time_param
                0x0000264c       0xb8 mcp794xx_driver/mcp794xx_driver.o
                0x0000264c                mcp794xx_set_pwr_fail_time_param
 .text.mcp794xx_set_alarm_enable_status
                0x00002704       0xc0 mcp794xx_driver/mcp794xx_driver.o
                0x00002704                mcp794xx_set_alarm_enable_status
 .text.mcp794xx_set_alarm_interrupt_output_polarity
                0x000027c4      0x100 mcp794xx_driver/mcp794xx_driver.o
                0x000027c4                mcp794xx_set_alarm_interrupt_output_polarity
 .text.mcp794xx_set_alarm_time_date
                0x000028c4      0x50c mcp794xx_driver/mcp794xx_driver.o
                0x000028c4                mcp794xx_set_alarm_time_date
 .text.mcp794xx_set_alarm
                0x00002dd0      0x168 mcp794xx_driver/mcp794xx_driver.o
                0x00002dd0                mcp794xx_set_alarm
 .text.mcp794xx_get_alarm_time_date
                0x00002f38      0x110 mcp794xx_driver/mcp794xx_driver.o
                0x00002f38                mcp794xx_get_alarm_time_date
 .text.mcp794xx_get_alarm
                0x00003048       0xe8 mcp794xx_driver/mcp794xx_driver.o
                0x00003048                mcp794xx_get_alarm
 .text.mcp794xx_get_alarm_interrupt_flag
                0x00003130       0xa8 mcp794xx_driver/mcp794xx_driver.o
                0x00003130                mcp794xx_get_alarm_interrupt_flag
 .text.mcp794xx_clr_alarm_interrupt_flag
                0x000031d8       0xf0 mcp794xx_driver/mcp794xx_driver.o
                0x000031d8                mcp794xx_clr_alarm_interrupt_flag
 .text.mcp794xx_set_mfp_logic_level
                0x000032c8       0x80 mcp794xx_driver/mcp794xx_driver.o
                0x000032c8                mcp794xx_set_mfp_logic_level
 .text.mcp94xx_set_sqr_wave_output_freq
                0x00003348       0x80 mcp794xx_driver/mcp794xx_driver.o
                0x00003348                mcp94xx_set_sqr_wave_output_freq
 .text.mcp794xx_set_sqr_wave_enable_status
                0x000033c8       0x80 mcp794xx_driver/mcp794xx_driver.o
                0x000033c8                mcp794xx_set_sqr_wave_enable_status
 .text.mcp794xx_set_coarse_trim_mode_status
                0x00003448       0x80 mcp794xx_driver/mcp794xx_driver.o
                0x00003448                mcp794xx_set_coarse_trim_mode_status
 .text.mcp794xx_set_ext_batt_enable_status
                0x000034c8       0x98 mcp794xx_driver/mcp794xx_driver.o
                0x000034c8                mcp794xx_set_ext_batt_enable_status
 .text.mcp794xx_set_ext_osc_enable_status
                0x00003560       0x80 mcp794xx_driver/mcp794xx_driver.o
                0x00003560                mcp794xx_set_ext_osc_enable_status
 .text.mcp794xx_set_osc_start_bit
                0x000035e0       0x80 mcp794xx_driver/mcp794xx_driver.o
                0x000035e0                mcp794xx_set_osc_start_bit
 .text.mcp794xx_read_epoch_unix_time_stamp
                0x00003660       0x84 mcp794xx_driver/mcp794xx_driver.o
                0x00003660                mcp794xx_read_epoch_unix_time_stamp
 .text.mcp794xx_convert_epoch_unix_time_stamp
                0x000036e4      0x1b0 mcp794xx_driver/mcp794xx_driver.o
                0x000036e4                mcp794xx_convert_epoch_unix_time_stamp
 .text.mcp794xx_get_compile_time_date
                0x00003894      0x200 mcp794xx_driver/mcp794xx_driver.o
                0x00003894                mcp794xx_get_compile_time_date
 .text.mcp794xx_set_countdown_interrupt_enable_status
                0x00003a94       0x6c mcp794xx_driver/mcp794xx_driver.o
                0x00003a94                mcp794xx_set_countdown_interrupt_enable_status
 .text.mcp794xx_set_countdown_interrupt_time
                0x00003b00       0xe8 mcp794xx_driver/mcp794xx_driver.o
                0x00003b00                mcp794xx_set_countdown_interrupt_time
 .text.mcp794xx_uid_read
                0x00003be8      0x16c mcp794xx_driver/mcp794xx_driver.o
                0x00003be8                mcp794xx_uid_read
 .text.mcp794xx_sram_write_byte
                0x00003d54       0x88 mcp794xx_driver/mcp794xx_driver.o
                0x00003d54                mcp794xx_sram_write_byte
 .text.mcp794xx_sram_read_byte
                0x00003ddc       0x8c mcp794xx_driver/mcp794xx_driver.o
                0x00003ddc                mcp794xx_sram_read_byte
 .text.mcp794xx_sram_erase_selector
                0x00003e68       0x94 mcp794xx_driver/mcp794xx_driver.o
                0x00003e68                mcp794xx_sram_erase_selector
 .text.mcp794xx_wipe_sram
                0x00003efc       0x50 mcp794xx_driver/mcp794xx_driver.o
                0x00003efc                mcp794xx_wipe_sram
 .text.mcp794xx_eeprom_read_byte
                0x00003f4c       0x90 mcp794xx_driver/mcp794xx_driver.o
                0x00003f4c                mcp794xx_eeprom_read_byte
 .text.mcp794xx_eeprom_get_bp_status
                0x00003fdc       0x5c mcp794xx_driver/mcp794xx_driver.o
                0x00003fdc                mcp794xx_eeprom_get_bp_status
 .text.mcp794xx_eeprom_check_bp_before_write
                0x00004038       0x98 mcp794xx_driver/mcp794xx_driver.o
                0x00004038                mcp794xx_eeprom_check_bp_before_write
 .text.mcp794xx_eeprom_write_byte
                0x000040d0       0x9c mcp794xx_driver/mcp794xx_driver.o
                0x000040d0                mcp794xx_eeprom_write_byte
 .text.mcp794xx_eeprom_get_legth
                0x0000416c       0x16 mcp794xx_driver/mcp794xx_driver.o
                0x0000416c                mcp794xx_eeprom_get_legth
 *fill*         0x00004182        0x2 
 .text.mcp794xx_eeprom_validate_page_boundary
                0x00004184       0x8c mcp794xx_driver/mcp794xx_driver.o
                0x00004184                mcp794xx_eeprom_validate_page_boundary
 .text.mcp794xx_eeprom_put_byte
                0x00004210       0xc0 mcp794xx_driver/mcp794xx_driver.o
                0x00004210                mcp794xx_eeprom_put_byte
 .text.mcp794xx_eeprom_get_byte
                0x000042d0       0xb8 mcp794xx_driver/mcp794xx_driver.o
                0x000042d0                mcp794xx_eeprom_get_byte
 .text.mcp794xx_info
                0x00004388       0x78 mcp794xx_driver/mcp794xx_driver.o
                0x00004388                mcp794xx_info
 .text.mcp794xx_basic_initialize
                0x00004400      0x204 mcp794xx_driver/mcp794xx_driver_basic.o
                0x00004400                mcp794xx_basic_initialize
 .text.mcp794xx_basic_irq_handler
                0x00004604       0x18 mcp794xx_driver/mcp794xx_driver_basic.o
                0x00004604                mcp794xx_basic_irq_handler
 .text.mcp794xx_basic_irq_callBack
                0x0000461c       0x14 mcp794xx_driver/mcp794xx_driver_basic.o
                0x0000461c                mcp794xx_basic_irq_callBack
 .text.mcp794xx_basic_get_current_time_date
                0x00004630       0x18 mcp794xx_driver/mcp794xx_driver_basic.o
                0x00004630                mcp794xx_basic_get_current_time_date
 .text.mcp794xx_basic_set_time_format
                0x00004648       0x5c mcp794xx_driver/mcp794xx_driver_basic.o
                0x00004648                mcp794xx_basic_set_time_format
 .text.mcp794xx_basic_set_time_date
                0x000046a4       0x3c mcp794xx_driver/mcp794xx_driver_basic.o
                0x000046a4                mcp794xx_basic_set_time_date
 .text.mcp794xx_basic_get_pwr_fail_time_stamp
                0x000046e0       0x24 mcp794xx_driver/mcp794xx_driver_basic.o
                0x000046e0                mcp794xx_basic_get_pwr_fail_time_stamp
 .text.mcp794xx_basic_enable_ext_batt_bckup_pwr
                0x00004704       0x18 mcp794xx_driver/mcp794xx_driver_basic.o
                0x00004704                mcp794xx_basic_enable_ext_batt_bckup_pwr
 .text.mcp794xx_basic_enable_alarm
                0x0000471c       0x40 mcp794xx_driver/mcp794xx_driver_basic.o
                0x0000471c                mcp794xx_basic_enable_alarm
 .text.mcp794xx_basic_set_alarm_time_date
                0x0000475c       0x6c mcp794xx_driver/mcp794xx_driver_basic.o
                0x0000475c                mcp794xx_basic_set_alarm_time_date
 .text.mcp794xx_basic_get_alarm_time_date
                0x000047c8       0x1c mcp794xx_driver/mcp794xx_driver_basic.o
                0x000047c8                mcp794xx_basic_get_alarm_time_date
 .text.mcp794xx_basic_get_alarm_interrupt_flag
                0x000047e4       0x1c mcp794xx_driver/mcp794xx_driver_basic.o
                0x000047e4                mcp794xx_basic_get_alarm_interrupt_flag
 .text.mcp794xx_basic_clr_alarm_interrupt_flag
                0x00004800       0x18 mcp794xx_driver/mcp794xx_driver_basic.o
                0x00004800                mcp794xx_basic_clr_alarm_interrupt_flag
 .text.mcp794xx_basic_enable_countdown_interrupt
                0x00004818       0x18 mcp794xx_driver/mcp794xx_driver_basic.o
                0x00004818                mcp794xx_basic_enable_countdown_interrupt
 .text.mcp794xx_basic_set_countdown_time
                0x00004830       0x1c mcp794xx_driver/mcp794xx_driver_basic.o
                0x00004830                mcp794xx_basic_set_countdown_time
 .text.mcp794xx_basic_enable_sqr_wave_output
                0x0000484c       0x18 mcp794xx_driver/mcp794xx_driver_basic.o
                0x0000484c                mcp794xx_basic_enable_sqr_wave_output
 .text.mcp94xx_basic_set_sqr_wave_output_freq
                0x00004864       0x18 mcp794xx_driver/mcp794xx_driver_basic.o
                0x00004864                mcp94xx_basic_set_sqr_wave_output_freq
 .text.mcp794xx_basic_convert_time_to_epoch_unix_time
                0x0000487c       0x1c mcp794xx_driver/mcp794xx_driver_basic.o
                0x0000487c                mcp794xx_basic_convert_time_to_epoch_unix_time
 .text.mcp794xx_basic_convert_epoch_to_human_time_format
                0x00004898       0x1c mcp794xx_driver/mcp794xx_driver_basic.o
                0x00004898                mcp794xx_basic_convert_epoch_to_human_time_format
 .text.mcp794xx_basic_get_compile_time_date
                0x000048b4       0x1c mcp794xx_driver/mcp794xx_driver_basic.o
                0x000048b4                mcp794xx_basic_get_compile_time_date
 .text.mcp794xx_basic_sram_write_byte
                0x000048d0       0x1c mcp794xx_driver/mcp794xx_driver_basic.o
                0x000048d0                mcp794xx_basic_sram_write_byte
 .text.mcp794xx_basic_sram_read_byte
                0x000048ec       0x1c mcp794xx_driver/mcp794xx_driver_basic.o
                0x000048ec                mcp794xx_basic_sram_read_byte
 .text.mcp794xx_basic_sram_erase_selector
                0x00004908       0x1c mcp794xx_driver/mcp794xx_driver_basic.o
                0x00004908                mcp794xx_basic_sram_erase_selector
 .text.mcp794xx_basic_sram_wipe
                0x00004924       0x18 mcp794xx_driver/mcp794xx_driver_basic.o
                0x00004924                mcp794xx_basic_sram_wipe
 .text.mcp794xx_basic_uid_read
                0x0000493c       0x18 mcp794xx_driver/mcp794xx_driver_basic.o
                0x0000493c                mcp794xx_basic_uid_read
 .text.mcp794xx_basic_eeprom_write_byte
                0x00004954       0x1c mcp794xx_driver/mcp794xx_driver_basic.o
                0x00004954                mcp794xx_basic_eeprom_write_byte
 .text.mcp794xx_basic_eeprom_read_byte
                0x00004970       0x1c mcp794xx_driver/mcp794xx_driver_basic.o
                0x00004970                mcp794xx_basic_eeprom_read_byte
 .text.mcp794xx_basic_eeprom_put_byte
                0x0000498c       0x1c mcp794xx_driver/mcp794xx_driver_basic.o
                0x0000498c                mcp794xx_basic_eeprom_put_byte
 .text.mcp794xx_basic_eeprom_get_byte
                0x000049a8       0x1c mcp794xx_driver/mcp794xx_driver_basic.o
                0x000049a8                mcp794xx_basic_eeprom_get_byte
 .text.mcp794xx_interface_i2c_init
                0x000049c4        0x4 mcp794xx_driver/mcp794xx_driver_interface.o
                0x000049c4                mcp794xx_interface_i2c_init
 .text.mcp794xx_interface_i2c_deinit
                0x000049c8        0x4 mcp794xx_driver/mcp794xx_driver_interface.o
                0x000049c8                mcp794xx_interface_i2c_deinit
 .text.mcp794xx_interface_delay_ms
                0x000049cc        0x8 mcp794xx_driver/mcp794xx_driver_interface.o
                0x000049cc                mcp794xx_interface_delay_ms
 .text.mcp794xx_interface_debug_print
                0x000049d4       0x48 mcp794xx_driver/mcp794xx_driver_interface.o
                0x000049d4                mcp794xx_interface_debug_print
 .text.mcp794xx_interface_i2c_read
                0x00004a1c       0x1c mcp794xx_driver/mcp794xx_driver_interface.o
                0x00004a1c                mcp794xx_interface_i2c_read
 .text.mcp794xx_interface_i2c_write
                0x00004a38       0x1c mcp794xx_driver/mcp794xx_driver_interface.o
                0x00004a38                mcp794xx_interface_i2c_write
 .text.mcp794xx_interface_irq_callback
                0x00004a54        0xc mcp794xx_driver/mcp794xx_driver_interface.o
                0x00004a54                mcp794xx_interface_irq_callback
 .text.ceil     0x00004a60      0x12c c:/program files (x86)/atmel/studio/7.0/toolchain/arm/arm-gnu-toolchain/bin/../lib/gcc/arm-none-eabi/6.3.1/../../../../arm-none-eabi/lib/thumb/v6-m\libm.a(lib_a-s_ceil.o)
                0x00004a60                ceil
 .text          0x00004b8c       0x14 c:/program files (x86)/atmel/studio/7.0/toolchain/arm/arm-gnu-toolchain/bin/../lib/gcc/arm-none-eabi/6.3.1/thumb/v6-m\libgcc.a(_thumb1_case_uqi.o)
                0x00004b8c                __gnu_thumb1_case_uqi
 .text          0x00004ba0       0x14 c:/program files (x86)/atmel/studio/7.0/toolchain/arm/arm-gnu-toolchain/bin/../lib/gcc/arm-none-eabi/6.3.1/thumb/v6-m\libgcc.a(_thumb1_case_shi.o)
                0x00004ba0                __gnu_thumb1_case_shi
 .text          0x00004bb4      0x114 c:/program files (x86)/atmel/studio/7.0/toolchain/arm/arm-gnu-toolchain/bin/../lib/gcc/arm-none-eabi/6.3.1/thumb/v6-m\libgcc.a(_udivsi3.o)
                0x00004bb4                __aeabi_uidiv
                0x00004bb4                __udivsi3
                0x00004cc0                __aeabi_uidivmod
 .text          0x00004cc8      0x1d4 c:/program files (x86)/atmel/studio/7.0/toolchain/arm/arm-gnu-toolchain/bin/../lib/gcc/arm-none-eabi/6.3.1/thumb/v6-m\libgcc.a(_divsi3.o)
                0x00004cc8                __divsi3
                0x00004cc8                __aeabi_idiv
                0x00004e94                __aeabi_idivmod
 .text          0x00004e9c        0x4 c:/program files (x86)/atmel/studio/7.0/toolchain/arm/arm-gnu-toolchain/bin/../lib/gcc/arm-none-eabi/6.3.1/thumb/v6-m\libgcc.a(_dvmd_tls.o)
                0x00004e9c                __aeabi_idiv0
                0x00004e9c                __aeabi_ldiv0
 .text          0x00004ea0       0x7c c:/program files (x86)/atmel/studio/7.0/toolchain/arm/arm-gnu-toolchain/bin/../lib/gcc/arm-none-eabi/6.3.1/thumb/v6-m\libgcc.a(_arm_cmpdf2.o)
                0x00004ea0                __aeabi_cdrcmple
                0x00004eb0                __aeabi_cdcmple
                0x00004eb0                __aeabi_cdcmpeq
                0x00004ec0                __aeabi_dcmpeq
                0x00004ecc                __aeabi_dcmplt
                0x00004ee0                __aeabi_dcmple
                0x00004ef4                __aeabi_dcmpgt
                0x00004f08                __aeabi_dcmpge
 .text          0x00004f1c       0x14 c:/program files (x86)/atmel/studio/7.0/toolchain/arm/arm-gnu-toolchain/bin/../lib/gcc/arm-none-eabi/6.3.1/thumb/v6-m\libgcc.a(_ffssi2.o)
                0x00004f1c                __ffssi2
 .text          0x00004f30       0x30 c:/program files (x86)/atmel/studio/7.0/toolchain/arm/arm-gnu-toolchain/bin/../lib/gcc/arm-none-eabi/6.3.1/thumb/v6-m\libgcc.a(_fixunssfsi.o)
                0x00004f30                __fixunssfsi
                0x00004f30                __aeabi_f2uiz
 .text          0x00004f60      0x240 c:/program files (x86)/atmel/studio/7.0/toolchain/arm/arm-gnu-toolchain/bin/../lib/gcc/arm-none-eabi/6.3.1/thumb/v6-m\libgcc.a(mulsf3.o)
                0x00004f60                __aeabi_fmul
 .text          0x000051a0      0x338 c:/program files (x86)/atmel/studio/7.0/toolchain/arm/arm-gnu-toolchain/bin/../lib/gcc/arm-none-eabi/6.3.1/thumb/v6-m\libgcc.a(subsf3.o)
                0x000051a0                __aeabi_fsub
 .text          0x000054d8       0x40 c:/program files (x86)/atmel/studio/7.0/toolchain/arm/arm-gnu-toolchain/bin/../lib/gcc/arm-none-eabi/6.3.1/thumb/v6-m\libgcc.a(fixsfsi.o)
                0x000054d8                __aeabi_f2iz
 .text          0x00005518       0xa0 c:/program files (x86)/atmel/studio/7.0/toolchain/arm/arm-gnu-toolchain/bin/../lib/gcc/arm-none-eabi/6.3.1/thumb/v6-m\libgcc.a(floatsisf.o)
                0x00005518                __aeabi_i2f
 .text          0x000055b8      0x620 c:/program files (x86)/atmel/studio/7.0/toolchain/arm/arm-gnu-toolchain/bin/../lib/gcc/arm-none-eabi/6.3.1/thumb/v6-m\libgcc.a(adddf3.o)
                0x000055b8                __aeabi_dadd
 .text          0x00005bd8       0x74 c:/program files (x86)/atmel/studio/7.0/toolchain/arm/arm-gnu-toolchain/bin/../lib/gcc/arm-none-eabi/6.3.1/thumb/v6-m\libgcc.a(eqdf2.o)
                0x00005bd8                __nedf2
                0x00005bd8                __eqdf2
 .text          0x00005c4c       0xc8 c:/program files (x86)/atmel/studio/7.0/toolchain/arm/arm-gnu-toolchain/bin/../lib/gcc/arm-none-eabi/6.3.1/thumb/v6-m\libgcc.a(gedf2.o)
                0x00005c4c                __gedf2
                0x00005c4c                __gtdf2
 .text          0x00005d14       0xc4 c:/program files (x86)/atmel/studio/7.0/toolchain/arm/arm-gnu-toolchain/bin/../lib/gcc/arm-none-eabi/6.3.1/thumb/v6-m\libgcc.a(ledf2.o)
                0x00005d14                __ledf2
                0x00005d14                __ltdf2
 .text          0x00005dd8       0x68 c:/program files (x86)/atmel/studio/7.0/toolchain/arm/arm-gnu-toolchain/bin/../lib/gcc/arm-none-eabi/6.3.1/thumb/v6-m\libgcc.a(fixdfsi.o)
                0x00005dd8                __aeabi_d2iz
 .text          0x00005e40       0xa4 c:/program files (x86)/atmel/studio/7.0/toolchain/arm/arm-gnu-toolchain/bin/../lib/gcc/arm-none-eabi/6.3.1/thumb/v6-m\libgcc.a(extendsfdf2.o)
                0x00005e40                __aeabi_f2d
 .text          0x00005ee4       0x74 c:/program files (x86)/atmel/studio/7.0/toolchain/arm/arm-gnu-toolchain/bin/../lib/gcc/arm-none-eabi/6.3.1/thumb/v6-m\libgcc.a(_arm_cmpsf2.o)
                0x00005ee4                __aeabi_cfrcmple
                0x00005eec                __aeabi_cfcmpeq
                0x00005eec                __aeabi_cfcmple
                0x00005efc                __aeabi_fcmpeq
                0x00005f08                __aeabi_fcmplt
                0x00005f1c                __aeabi_fcmple
                0x00005f30                __aeabi_fcmpgt
                0x00005f44                __aeabi_fcmpge
 .text          0x00005f58       0x3c c:/program files (x86)/atmel/studio/7.0/toolchain/arm/arm-gnu-toolchain/bin/../lib/gcc/arm-none-eabi/6.3.1/thumb/v6-m\libgcc.a(_clzsi2.o)
                0x00005f58                __clzsi2
 .text          0x00005f94       0x40 c:/program files (x86)/atmel/studio/7.0/toolchain/arm/arm-gnu-toolchain/bin/../lib/gcc/arm-none-eabi/6.3.1/thumb/v6-m\libgcc.a(_ctzsi2.o)
                0x00005f94                __ctzsi2
 .text          0x00005fd4       0x4c c:/program files (x86)/atmel/studio/7.0/toolchain/arm/arm-gnu-toolchain/bin/../lib/gcc/arm-none-eabi/6.3.1/thumb/v6-m\libgcc.a(eqsf2.o)
                0x00005fd4                __eqsf2
                0x00005fd4                __nesf2
 .text          0x00006020       0x80 c:/program files (x86)/atmel/studio/7.0/toolchain/arm/arm-gnu-toolchain/bin/../lib/gcc/arm-none-eabi/6.3.1/thumb/v6-m\libgcc.a(gesf2.o)
                0x00006020                __gesf2
                0x00006020                __gtsf2
 .text          0x000060a0       0x84 c:/program files (x86)/atmel/studio/7.0/toolchain/arm/arm-gnu-toolchain/bin/../lib/gcc/arm-none-eabi/6.3.1/thumb/v6-m\libgcc.a(lesf2.o)
                0x000060a0                __ltsf2
                0x000060a0                __lesf2
 .text.atoi     0x00006124        0xc c:/program files (x86)/atmel/studio/7.0/toolchain/arm/arm-gnu-toolchain/bin/../lib/gcc/arm-none-eabi/6.3.1/../../../../arm-none-eabi/lib/thumb/v6-m\libc_nano.a(lib_a-atoi.o)
                0x00006124                atoi
 .text.calloc   0x00006130       0x14 c:/program files (x86)/atmel/studio/7.0/toolchain/arm/arm-gnu-toolchain/bin/../lib/gcc/arm-none-eabi/6.3.1/../../../../arm-none-eabi/lib/thumb/v6-m\libc_nano.a(lib_a-calloc.o)
                0x00006130                calloc
 .text.__libc_init_array
                0x00006144       0x48 c:/program files (x86)/atmel/studio/7.0/toolchain/arm/arm-gnu-toolchain/bin/../lib/gcc/arm-none-eabi/6.3.1/../../../../arm-none-eabi/lib/thumb/v6-m\libc_nano.a(lib_a-init.o)
                0x00006144                __libc_init_array
 .text.free     0x0000618c       0x14 c:/program files (x86)/atmel/studio/7.0/toolchain/arm/arm-gnu-toolchain/bin/../lib/gcc/arm-none-eabi/6.3.1/../../../../arm-none-eabi/lib/thumb/v6-m\libc_nano.a(lib_a-malloc.o)
                0x0000618c                free
 .text.memcpy   0x000061a0       0x12 c:/program files (x86)/atmel/studio/7.0/toolchain/arm/arm-gnu-toolchain/bin/../lib/gcc/arm-none-eabi/6.3.1/../../../../arm-none-eabi/lib/thumb/v6-m\libc_nano.a(lib_a-memcpy-stub.o)
                0x000061a0                memcpy
 .text.memset   0x000061b2       0x10 c:/program files (x86)/atmel/studio/7.0/toolchain/arm/arm-gnu-toolchain/bin/../lib/gcc/arm-none-eabi/6.3.1/../../../../arm-none-eabi/lib/thumb/v6-m\libc_nano.a(lib_a-memset.o)
                0x000061b2                memset
 .text._calloc_r
                0x000061c2       0x1c c:/program files (x86)/atmel/studio/7.0/toolchain/arm/arm-gnu-toolchain/bin/../lib/gcc/arm-none-eabi/6.3.1/../../../../arm-none-eabi/lib/thumb/v6-m\libc_nano.a(lib_a-nano-callocr.o)
                0x000061c2                _calloc_r
 *fill*         0x000061de        0x2 
 .text._free_r  0x000061e0       0x94 c:/program files (x86)/atmel/studio/7.0/toolchain/arm/arm-gnu-toolchain/bin/../lib/gcc/arm-none-eabi/6.3.1/../../../../arm-none-eabi/lib/thumb/v6-m\libc_nano.a(lib_a-nano-freer.o)
                0x000061e0                _free_r
 .text._malloc_r
                0x00006274       0xbc c:/program files (x86)/atmel/studio/7.0/toolchain/arm/arm-gnu-toolchain/bin/../lib/gcc/arm-none-eabi/6.3.1/../../../../arm-none-eabi/lib/thumb/v6-m\libc_nano.a(lib_a-nano-mallocr.o)
                0x00006274                _malloc_r
 .text._sbrk_r  0x00006330       0x24 c:/program files (x86)/atmel/studio/7.0/toolchain/arm/arm-gnu-toolchain/bin/../lib/gcc/arm-none-eabi/6.3.1/../../../../arm-none-eabi/lib/thumb/v6-m\libc_nano.a(lib_a-sbrkr.o)
                0x00006330                _sbrk_r
 .text          0x00006354        0xe c:/program files (x86)/atmel/studio/7.0/toolchain/arm/arm-gnu-toolchain/bin/../lib/gcc/arm-none-eabi/6.3.1/../../../../arm-none-eabi/lib/thumb/v6-m\libc_nano.a(lib_a-strlen.o)
                0x00006354                strlen
 .text.strncpy  0x00006362       0x2a c:/program files (x86)/atmel/studio/7.0/toolchain/arm/arm-gnu-toolchain/bin/../lib/gcc/arm-none-eabi/6.3.1/../../../../arm-none-eabi/lib/thumb/v6-m\libc_nano.a(lib_a-strncpy.o)
                0x00006362                strncpy
 .text._strtol_l.isra.0
                0x0000638c      0x10c c:/program files (x86)/atmel/studio/7.0/toolchain/arm/arm-gnu-toolchain/bin/../lib/gcc/arm-none-eabi/6.3.1/../../../../arm-none-eabi/lib/thumb/v6-m\libc_nano.a(lib_a-strtol.o)
 .text.strtol   0x00006498       0x28 c:/program files (x86)/atmel/studio/7.0/toolchain/arm/arm-gnu-toolchain/bin/../lib/gcc/arm-none-eabi/6.3.1/../../../../arm-none-eabi/lib/thumb/v6-m\libc_nano.a(lib_a-strtol.o)
                0x00006498                strtol
 .text._vsnprintf_r
                0x000064c0       0x56 c:/program files (x86)/atmel/studio/7.0/toolchain/arm/arm-gnu-toolchain/bin/../lib/gcc/arm-none-eabi/6.3.1/../../../../arm-none-eabi/lib/thumb/v6-m\libc_nano.a(lib_a-vsnprintf.o)
                0x000064c0                _vsniprintf_r
                0x000064c0                _vsnprintf_r
 *fill*         0x00006516        0x2 
 .text.vsnprintf
                0x00006518       0x18 c:/program files (x86)/atmel/studio/7.0/toolchain/arm/arm-gnu-toolchain/bin/../lib/gcc/arm-none-eabi/6.3.1/../../../../arm-none-eabi/lib/thumb/v6-m\libc_nano.a(lib_a-vsnprintf.o)
                0x00006518                vsniprintf
                0x00006518                vsnprintf
 .text.__locale_ctype_ptr_l
                0x00006530        0x6 c:/program files (x86)/atmel/studio/7.0/toolchain/arm/arm-gnu-toolchain/bin/../lib/gcc/arm-none-eabi/6.3.1/../../../../arm-none-eabi/lib/thumb/v6-m\libc_nano.a(lib_a-locale.o)
                0x00006530                __locale_ctype_ptr_l
 .text.__ascii_mbtowc
                0x00006536       0x24 c:/program files (x86)/atmel/studio/7.0/toolchain/arm/arm-gnu-toolchain/bin/../lib/gcc/arm-none-eabi/6.3.1/../../../../arm-none-eabi/lib/thumb/v6-m\libc_nano.a(lib_a-mbtowc_r.o)
                0x00006536                __ascii_mbtowc
 .text.__malloc_lock
                0x0000655a        0x2 c:/program files (x86)/atmel/studio/7.0/toolchain/arm/arm-gnu-toolchain/bin/../lib/gcc/arm-none-eabi/6.3.1/../../../../arm-none-eabi/lib/thumb/v6-m\libc_nano.a(lib_a-mlock.o)
                0x0000655a                __malloc_lock
 .text.__malloc_unlock
                0x0000655c        0x2 c:/program files (x86)/atmel/studio/7.0/toolchain/arm/arm-gnu-toolchain/bin/../lib/gcc/arm-none-eabi/6.3.1/../../../../arm-none-eabi/lib/thumb/v6-m\libc_nano.a(lib_a-mlock.o)
                0x0000655c                __malloc_unlock
 *fill*         0x0000655e        0x2 
 .text.__ssputs_r
                0x00006560       0xc4 c:/program files (x86)/atmel/studio/7.0/toolchain/arm/arm-gnu-toolchain/bin/../lib/gcc/arm-none-eabi/6.3.1/../../../../arm-none-eabi/lib/thumb/v6-m\libc_nano.a(lib_a-nano-svfprintf.o)
                0x00006560                __ssputs_r
 .text._svfprintf_r
                0x00006624      0x208 c:/program files (x86)/atmel/studio/7.0/toolchain/arm/arm-gnu-toolchain/bin/../lib/gcc/arm-none-eabi/6.3.1/../../../../arm-none-eabi/lib/thumb/v6-m\libc_nano.a(lib_a-nano-svfprintf.o)
                0x00006624                _svfiprintf_r
                0x00006624                _svfprintf_r
 .text._printf_common
                0x0000682c       0xda c:/program files (x86)/atmel/studio/7.0/toolchain/arm/arm-gnu-toolchain/bin/../lib/gcc/arm-none-eabi/6.3.1/../../../../arm-none-eabi/lib/thumb/v6-m\libc_nano.a(lib_a-nano-vfprintf_i.o)
                0x0000682c                _printf_common
 *fill*         0x00006906        0x2 
 .text._printf_i
                0x00006908      0x234 c:/program files (x86)/atmel/studio/7.0/toolchain/arm/arm-gnu-toolchain/bin/../lib/gcc/arm-none-eabi/6.3.1/../../../../arm-none-eabi/lib/thumb/v6-m\libc_nano.a(lib_a-nano-vfprintf_i.o)
                0x00006908                _printf_i
 .text.__ascii_wctomb
                0x00006b3c       0x18 c:/program files (x86)/atmel/studio/7.0/toolchain/arm/arm-gnu-toolchain/bin/../lib/gcc/arm-none-eabi/6.3.1/../../../../arm-none-eabi/lib/thumb/v6-m\libc_nano.a(lib_a-wctomb_r.o)
                0x00006b3c                __ascii_wctomb
 .text.memchr   0x00006b54       0x16 c:/program files (x86)/atmel/studio/7.0/toolchain/arm/arm-gnu-toolchain/bin/../lib/gcc/arm-none-eabi/6.3.1/../../../../arm-none-eabi/lib/thumb/v6-m\libc_nano.a(lib_a-memchr-stub.o)
                0x00006b54                memchr
 .text.memmove  0x00006b6a       0x24 c:/program files (x86)/atmel/studio/7.0/toolchain/arm/arm-gnu-toolchain/bin/../lib/gcc/arm-none-eabi/6.3.1/../../../../arm-none-eabi/lib/thumb/v6-m\libc_nano.a(lib_a-memmove.o)
                0x00006b6a                memmove
 .text._realloc_r
                0x00006b8e       0x4c c:/program files (x86)/atmel/studio/7.0/toolchain/arm/arm-gnu-toolchain/bin/../lib/gcc/arm-none-eabi/6.3.1/../../../../arm-none-eabi/lib/thumb/v6-m\libc_nano.a(lib_a-nano-reallocr.o)
                0x00006b8e                _realloc_r
 .text._malloc_usable_size_r
                0x00006bda       0x10 c:/program files (x86)/atmel/studio/7.0/toolchain/arm/arm-gnu-toolchain/bin/../lib/gcc/arm-none-eabi/6.3.1/../../../../arm-none-eabi/lib/thumb/v6-m\libc_nano.a(lib_a-nano-msizer.o)
                0x00006bda                _malloc_usable_size_r
 *(.glue_7t)
 .glue_7t       0x00006bea        0x0 linker stubs
 *(.glue_7)
 .glue_7        0x00006bea        0x0 linker stubs
 *(.rodata .rodata* .gnu.linkonce.r.*)
 *fill*         0x00006bea        0x2 
 .rodata.str1.4
                0x00006bec       0x1c hal/src/hal_i2c_m_sync.o
 .rodata.str1.4
                0x00006c08       0x14 hal/src/hal_io.o
 .rodata.str1.4
                0x00006c1c       0x1c hal/src/hal_usart_sync.o
 .rodata        0x00006c38        0x8 hpl/eic/hpl_eic.o
 .rodata.str1.4
                0x00006c40       0x15 hpl/eic/hpl_eic.o
 *fill*         0x00006c55        0x3 
 .rodata        0x00006c58       0x4d hpl/sercom/hpl_sercom.o
 *fill*         0x00006ca5        0x3 
 .rodata.str1.4
                0x00006ca8       0x1b hpl/sercom/hpl_sercom.o
 *fill*         0x00006cc3        0x1 
 .rodata.str1.4
                0x00006cc4      0x315 main.o
                                0x321 (size before relaxing)
 *fill*         0x00006fd9        0x3 
 .rodata        0x00006fdc        0xc mcp794xx_driver/mcp794xx_driver.o
 .rodata.str1.4
                0x00006fe8     0x13a2 mcp794xx_driver/mcp794xx_driver.o
                               0x13c6 (size before relaxing)
 *fill*         0x0000838a        0x2 
 .rodata.str1.4
                0x0000838c        0xb mcp794xx_driver/mcp794xx_driver_basic.o
 *fill*         0x00008397        0x1 
 .rodata.str1.4
                0x00008398       0x34 mcp794xx_driver/mcp794xx_driver_interface.o
                                 0x33 (size before relaxing)
 .rodata        0x000083cc       0x40 c:/program files (x86)/atmel/studio/7.0/toolchain/arm/arm-gnu-toolchain/bin/../lib/gcc/arm-none-eabi/6.3.1/thumb/v6-m\libgcc.a(mulsf3.o)
 .rodata.__sf_fake_stderr
                0x0000840c       0x20 c:/program files (x86)/atmel/studio/7.0/toolchain/arm/arm-gnu-toolchain/bin/../lib/gcc/arm-none-eabi/6.3.1/../../../../arm-none-eabi/lib/thumb/v6-m\libc_nano.a(lib_a-findfp.o)
                0x0000840c                __sf_fake_stderr
 .rodata.__sf_fake_stdin
                0x0000842c       0x20 c:/program files (x86)/atmel/studio/7.0/toolchain/arm/arm-gnu-toolchain/bin/../lib/gcc/arm-none-eabi/6.3.1/../../../../arm-none-eabi/lib/thumb/v6-m\libc_nano.a(lib_a-findfp.o)
                0x0000842c                __sf_fake_stdin
 .rodata.__sf_fake_stdout
                0x0000844c       0x20 c:/program files (x86)/atmel/studio/7.0/toolchain/arm/arm-gnu-toolchain/bin/../lib/gcc/arm-none-eabi/6.3.1/../../../../arm-none-eabi/lib/thumb/v6-m\libc_nano.a(lib_a-findfp.o)
                0x0000844c                __sf_fake_stdout
 .rodata._setlocale_r.str1.1
                0x0000846c        0x8 c:/program files (x86)/atmel/studio/7.0/toolchain/arm/arm-gnu-toolchain/bin/../lib/gcc/arm-none-eabi/6.3.1/../../../../arm-none-eabi/lib/thumb/v6-m\libc_nano.a(lib_a-locale.o)
                                  0x9 (size before relaxing)
 .rodata.str1.1
                0x00008474        0x2 c:/program files (x86)/atmel/studio/7.0/toolchain/arm/arm-gnu-toolchain/bin/../lib/gcc/arm-none-eabi/6.3.1/../../../../arm-none-eabi/lib/thumb/v6-m\libc_nano.a(lib_a-locale.o)
 .rodata._svfprintf_r.str1.1
                0x00008476       0x11 c:/program files (x86)/atmel/studio/7.0/toolchain/arm/arm-gnu-toolchain/bin/../lib/gcc/arm-none-eabi/6.3.1/../../../../arm-none-eabi/lib/thumb/v6-m\libc_nano.a(lib_a-nano-svfprintf.o)
 .rodata._printf_i.str1.1
                0x00008487       0x22 c:/program files (x86)/atmel/studio/7.0/toolchain/arm/arm-gnu-toolchain/bin/../lib/gcc/arm-none-eabi/6.3.1/../../../../arm-none-eabi/lib/thumb/v6-m\libc_nano.a(lib_a-nano-vfprintf_i.o)
 .rodata._ctype_
                0x000084a9      0x101 c:/program files (x86)/atmel/studio/7.0/toolchain/arm/arm-gnu-toolchain/bin/../lib/gcc/arm-none-eabi/6.3.1/../../../../arm-none-eabi/lib/thumb/v6-m\libc_nano.a(lib_a-ctype_.o)
                0x000084a9                _ctype_
 *(.ARM.extab* .gnu.linkonce.armextab.*)
                0x000085ac                . = ALIGN (0x4)
 *fill*         0x000085aa        0x2 
 *(.init)
 .init          0x000085ac        0x4 c:/program files (x86)/atmel/studio/7.0/toolchain/arm/arm-gnu-toolchain/bin/../lib/gcc/arm-none-eabi/6.3.1/thumb/v6-m/crti.o
                0x000085ac                _init
 .init          0x000085b0        0x8 c:/program files (x86)/atmel/studio/7.0/toolchain/arm/arm-gnu-toolchain/bin/../lib/gcc/arm-none-eabi/6.3.1/thumb/v6-m/crtn.o
                0x000085b8                . = ALIGN (0x4)
                0x000085b8                __preinit_array_start = .
 *(.preinit_array)
                0x000085b8                __preinit_array_end = .
                0x000085b8                . = ALIGN (0x4)
                0x000085b8                __init_array_start = .
 *(SORT(.init_array.*))
 *(.init_array)
 .init_array    0x000085b8        0x4 c:/program files (x86)/atmel/studio/7.0/toolchain/arm/arm-gnu-toolchain/bin/../lib/gcc/arm-none-eabi/6.3.1/thumb/v6-m/crtbegin.o
                0x000085bc                __init_array_end = .
                0x000085bc                . = ALIGN (0x4)
 *crtbegin.o(.ctors)
 *(EXCLUDE_FILE(*crtend.o) .ctors)
 *(SORT(.ctors.*))
 *crtend.o(.ctors)
                0x000085bc                . = ALIGN (0x4)
 *(.fini)
 .fini          0x000085bc        0x4 c:/program files (x86)/atmel/studio/7.0/toolchain/arm/arm-gnu-toolchain/bin/../lib/gcc/arm-none-eabi/6.3.1/thumb/v6-m/crti.o
                0x000085bc                _fini
 .fini          0x000085c0        0x8 c:/program files (x86)/atmel/studio/7.0/toolchain/arm/arm-gnu-toolchain/bin/../lib/gcc/arm-none-eabi/6.3.1/thumb/v6-m/crtn.o
                0x000085c8                . = ALIGN (0x4)
                0x000085c8                __fini_array_start = .
 *(.fini_array)
 .fini_array    0x000085c8        0x4 c:/program files (x86)/atmel/studio/7.0/toolchain/arm/arm-gnu-toolchain/bin/../lib/gcc/arm-none-eabi/6.3.1/thumb/v6-m/crtbegin.o
 *(SORT(.fini_array.*))
                0x000085cc                __fini_array_end = .
 *crtbegin.o(.dtors)
 *(EXCLUDE_FILE(*crtend.o) .dtors)
 *(SORT(.dtors.*))
 *crtend.o(.dtors)
                0x000085cc                . = ALIGN (0x4)
                0x000085cc                _efixed = .
                [!provide]                PROVIDE (__exidx_start, .)

.vfp11_veneer   0x000085cc        0x0
 .vfp11_veneer  0x000085cc        0x0 linker stubs

.v4_bx          0x000085cc        0x0
 .v4_bx         0x000085cc        0x0 linker stubs

.iplt           0x000085cc        0x0
 .iplt          0x000085cc        0x0 c:/program files (x86)/atmel/studio/7.0/toolchain/arm/arm-gnu-toolchain/bin/../lib/gcc/arm-none-eabi/6.3.1/thumb/v6-m/crtbegin.o

.eh_frame       0x000085cc        0x0
 .eh_frame      0x000085cc        0x0 c:/program files (x86)/atmel/studio/7.0/toolchain/arm/arm-gnu-toolchain/bin/../lib/gcc/arm-none-eabi/6.3.1/thumb/v6-m/crtbegin.o

.rel.dyn        0x000085cc        0x0
 .rel.iplt      0x000085cc        0x0 c:/program files (x86)/atmel/studio/7.0/toolchain/arm/arm-gnu-toolchain/bin/../lib/gcc/arm-none-eabi/6.3.1/thumb/v6-m/crtbegin.o
 .rel.got       0x000085cc        0x0 c:/program files (x86)/atmel/studio/7.0/toolchain/arm/arm-gnu-toolchain/bin/../lib/gcc/arm-none-eabi/6.3.1/thumb/v6-m/crtbegin.o

.jcr            0x000085cc        0x0
 .jcr           0x000085cc        0x0 c:/program files (x86)/atmel/studio/7.0/toolchain/arm/arm-gnu-toolchain/bin/../lib/gcc/arm-none-eabi/6.3.1/thumb/v6-m/crtbegin.o

.igot.plt       0x000085cc        0x0
 .igot.plt      0x000085cc        0x0 c:/program files (x86)/atmel/studio/7.0/toolchain/arm/arm-gnu-toolchain/bin/../lib/gcc/arm-none-eabi/6.3.1/thumb/v6-m/crtbegin.o

.got            0x000085cc       0x94
 .got           0x000085cc       0x94 c:/program files (x86)/atmel/studio/7.0/toolchain/arm/arm-gnu-toolchain/bin/../lib/gcc/arm-none-eabi/6.3.1/thumb/v6-m/crtbegin.o

.got.plt        0x00008660        0xc
 .got.plt       0x00008660        0xc c:/program files (x86)/atmel/studio/7.0/toolchain/arm/arm-gnu-toolchain/bin/../lib/gcc/arm-none-eabi/6.3.1/thumb/v6-m/crtbegin.o
                0x00008660                _GLOBAL_OFFSET_TABLE_

.ARM.exidx
 *(.ARM.exidx* .gnu.linkonce.armexidx.*)
                [!provide]                PROVIDE (__exidx_end, .)
                0x0000866c                . = ALIGN (0x4)
                0x0000866c                _etext = .

.relocate       0x20000000      0x240 load address 0x0000866c
                0x20000000                . = ALIGN (0x4)
                0x20000000                _srelocate = .
 *(.ramfunc .ramfunc.*)
 *(.data .data.*)
 .data          0x20000000       0x16 main.o
                0x20000000                alarm_default_time
                0x2000000c                default_time_date
 *fill*         0x20000016        0x2 
 .data.rel      0x20000018        0x4 main.o
                0x20000018                mcp794x_irq_cb
 .data.rel.ro.local
                0x2000001c       0x54 main.o
 .data._impure_ptr
                0x20000070        0x4 c:/program files (x86)/atmel/studio/7.0/toolchain/arm/arm-gnu-toolchain/bin/../lib/gcc/arm-none-eabi/6.3.1/../../../../arm-none-eabi/lib/thumb/v6-m\libc_nano.a(lib_a-impure.o)
                0x20000070                _impure_ptr
 .data.impure_data
                0x20000074       0x60 c:/program files (x86)/atmel/studio/7.0/toolchain/arm/arm-gnu-toolchain/bin/../lib/gcc/arm-none-eabi/6.3.1/../../../../arm-none-eabi/lib/thumb/v6-m\libc_nano.a(lib_a-impure.o)
 .data.__global_locale
                0x200000d4      0x16c c:/program files (x86)/atmel/studio/7.0/toolchain/arm/arm-gnu-toolchain/bin/../lib/gcc/arm-none-eabi/6.3.1/../../../../arm-none-eabi/lib/thumb/v6-m\libc_nano.a(lib_a-locale.o)
                0x200000d4                __global_locale
                0x20000240                . = ALIGN (0x4)
                0x20000240                _erelocate = .

.bss            0x20000240      0x1cc load address 0x000088ac
                0x20000240                . = ALIGN (0x4)
                0x20000240                _sbss = .
                0x20000240                _szero = .
 *(.bss .bss.*)
 .bss           0x20000240       0x1c c:/program files (x86)/atmel/studio/7.0/toolchain/arm/arm-gnu-toolchain/bin/../lib/gcc/arm-none-eabi/6.3.1/thumb/v6-m/crtbegin.o
 .bss           0x2000025c        0x4 hal/src/hal_delay.o
 .bss           0x20000260        0x8 hal/src/hal_ext_irq.o
 .bss           0x20000268        0x4 hal/utils/src/utils_syscalls.o
 .bss           0x2000026c        0x4 hpl/eic/hpl_eic.o
 .bss           0x20000270       0x74 main.o
 .bss           0x200002e4        0xc mcp794xx_driver/mcp794xx_driver.o
 .bss           0x200002f0       0x75 mcp794xx_driver/mcp794xx_driver_basic.o
 *fill*         0x20000365        0x3 
 .bss.__malloc_free_list
                0x20000368        0x4 c:/program files (x86)/atmel/studio/7.0/toolchain/arm/arm-gnu-toolchain/bin/../lib/gcc/arm-none-eabi/6.3.1/../../../../arm-none-eabi/lib/thumb/v6-m\libc_nano.a(lib_a-nano-mallocr.o)
                0x20000368                __malloc_free_list
 .bss.__malloc_sbrk_start
                0x2000036c        0x4 c:/program files (x86)/atmel/studio/7.0/toolchain/arm/arm-gnu-toolchain/bin/../lib/gcc/arm-none-eabi/6.3.1/../../../../arm-none-eabi/lib/thumb/v6-m\libc_nano.a(lib_a-nano-mallocr.o)
                0x2000036c                __malloc_sbrk_start
 *(COMMON)
 COMMON         0x20000370       0x2c driver_init.o
                0x20000370                USART_0
                0x2000037c                I2C_0
 COMMON         0x2000039c       0x6a main.o
                0x2000039c                now
                0x200003a6                previous_seconds
                0x200003a8                epoch_t
                0x200003b4                pSram_data_read
                0x200003b8                alarm
                0x200003c4                pEeprom_data_write
                0x200003c8                alarm_flag
                0x200003cc                test
                0x200003d0                pSram_data_write
                0x200003d4                alarm_mask
                0x200003d8                epoch_time
                0x200003dc                pwr_fail_read
                0x200003dd                set_time_status
                0x200003e0                epoch_time_read
                0x200003e4                set_alarm_status
                0x200003e8                pwr_fail
                0x200003f4                pEeprom_data_read
                0x200003f8                pUnique_id
                0x200003fc                compile_time_date
 *fill*         0x20000406        0x2 
 COMMON         0x20000408        0x4 c:/program files (x86)/atmel/studio/7.0/toolchain/arm/arm-gnu-toolchain/bin/../lib/gcc/arm-none-eabi/6.3.1/../../../../arm-none-eabi/lib/thumb/v6-m\libc_nano.a(lib_a-reent.o)
                0x20000408                errno
                0x2000040c                . = ALIGN (0x4)
                0x2000040c                _ebss = .
                0x2000040c                _ezero = .

.stack          0x2000040c     0x2004 load address 0x00008a78
                0x20000410                . = ALIGN (0x8)
 *fill*         0x2000040c        0x4 
                0x20000410                _sstack = .
                0x20002410                . = (. + STACK_SIZE)
 *fill*         0x20000410     0x2000 
                0x20002410                . = ALIGN (0x8)
                0x20002410                _estack = .
                0x20002410                . = ALIGN (0x4)
                0x20002410                _end = .
OUTPUT(mcp794xx_rtc_SAMD21.elf elf32-littlearm)

.ARM.attributes
                0x00000000       0x2a
 .ARM.attributes
                0x00000000       0x1e c:/program files (x86)/atmel/studio/7.0/toolchain/arm/arm-gnu-toolchain/bin/../lib/gcc/arm-none-eabi/6.3.1/thumb/v6-m/crti.o
 .ARM.attributes
                0x0000001e       0x2c c:/program files (x86)/atmel/studio/7.0/toolchain/arm/arm-gnu-toolchain/bin/../lib/gcc/arm-none-eabi/6.3.1/thumb/v6-m/crtbegin.o
 .ARM.attributes
                0x0000004a       0x2e atmel_start.o
 .ARM.attributes
                0x00000078       0x2e Device_Startup/startup_samd21.o
 .ARM.attributes
                0x000000a6       0x2e driver_init.o
 .ARM.attributes
                0x000000d4       0x2e examples/driver_examples.o
 .ARM.attributes
                0x00000102       0x2e hal/src/hal_delay.o
 .ARM.attributes
                0x00000130       0x2e hal/src/hal_ext_irq.o
 .ARM.attributes
                0x0000015e       0x2e hal/src/hal_i2c_m_sync.o
 .ARM.attributes
                0x0000018c       0x2e hal/src/hal_io.o
 .ARM.attributes
                0x000001ba       0x2e hal/src/hal_usart_sync.o
 .ARM.attributes
                0x000001e8       0x2e hal/utils/src/utils_assert.o
 .ARM.attributes
                0x00000216       0x2e hal/utils/src/utils_syscalls.o
 .ARM.attributes
                0x00000244       0x2e hpl/core/hpl_core_m0plus_base.o
 .ARM.attributes
                0x00000272       0x2e hpl/core/hpl_init.o
 .ARM.attributes
                0x000002a0       0x2e hpl/eic/hpl_eic.o
 .ARM.attributes
                0x000002ce       0x2e hpl/gclk/hpl_gclk.o
 .ARM.attributes
                0x000002fc       0x2e hpl/pm/hpl_pm.o
 .ARM.attributes
                0x0000032a       0x2e hpl/sercom/hpl_sercom.o
 .ARM.attributes
                0x00000358       0x2e hpl/sysctrl/hpl_sysctrl.o
 .ARM.attributes
                0x00000386       0x2e hpl/systick/hpl_systick.o
 .ARM.attributes
                0x000003b4       0x2e main.o
 .ARM.attributes
                0x000003e2       0x2e mcp794xx_driver/mcp794xx_driver.o
 .ARM.attributes
                0x00000410       0x2e mcp794xx_driver/mcp794xx_driver_basic.o
 .ARM.attributes
                0x0000043e       0x2e mcp794xx_driver/mcp794xx_driver_interface.o
 .ARM.attributes
                0x0000046c       0x2c c:/program files (x86)/atmel/studio/7.0/toolchain/arm/arm-gnu-toolchain/bin/../lib/gcc/arm-none-eabi/6.3.1/../../../../arm-none-eabi/lib/thumb/v6-m\libm.a(lib_a-s_ceil.o)
 .ARM.attributes
                0x00000498       0x1e c:/program files (x86)/atmel/studio/7.0/toolchain/arm/arm-gnu-toolchain/bin/../lib/gcc/arm-none-eabi/6.3.1/thumb/v6-m\libgcc.a(_thumb1_case_uqi.o)
 .ARM.attributes
                0x000004b6       0x1e c:/program files (x86)/atmel/studio/7.0/toolchain/arm/arm-gnu-toolchain/bin/../lib/gcc/arm-none-eabi/6.3.1/thumb/v6-m\libgcc.a(_thumb1_case_shi.o)
 .ARM.attributes
                0x000004d4       0x1e c:/program files (x86)/atmel/studio/7.0/toolchain/arm/arm-gnu-toolchain/bin/../lib/gcc/arm-none-eabi/6.3.1/thumb/v6-m\libgcc.a(_udivsi3.o)
 .ARM.attributes
                0x000004f2       0x1e c:/program files (x86)/atmel/studio/7.0/toolchain/arm/arm-gnu-toolchain/bin/../lib/gcc/arm-none-eabi/6.3.1/thumb/v6-m\libgcc.a(_divsi3.o)
 .ARM.attributes
                0x00000510       0x1e c:/program files (x86)/atmel/studio/7.0/toolchain/arm/arm-gnu-toolchain/bin/../lib/gcc/arm-none-eabi/6.3.1/thumb/v6-m\libgcc.a(_dvmd_tls.o)
 .ARM.attributes
                0x0000052e       0x1e c:/program files (x86)/atmel/studio/7.0/toolchain/arm/arm-gnu-toolchain/bin/../lib/gcc/arm-none-eabi/6.3.1/thumb/v6-m\libgcc.a(_arm_cmpdf2.o)
 .ARM.attributes
                0x0000054c       0x2c c:/program files (x86)/atmel/studio/7.0/toolchain/arm/arm-gnu-toolchain/bin/../lib/gcc/arm-none-eabi/6.3.1/thumb/v6-m\libgcc.a(_ffssi2.o)
 .ARM.attributes
                0x00000578       0x2c c:/program files (x86)/atmel/studio/7.0/toolchain/arm/arm-gnu-toolchain/bin/../lib/gcc/arm-none-eabi/6.3.1/thumb/v6-m\libgcc.a(_fixunssfsi.o)
 .ARM.attributes
                0x000005a4       0x2c c:/program files (x86)/atmel/studio/7.0/toolchain/arm/arm-gnu-toolchain/bin/../lib/gcc/arm-none-eabi/6.3.1/thumb/v6-m\libgcc.a(mulsf3.o)
 .ARM.attributes
                0x000005d0       0x2c c:/program files (x86)/atmel/studio/7.0/toolchain/arm/arm-gnu-toolchain/bin/../lib/gcc/arm-none-eabi/6.3.1/thumb/v6-m\libgcc.a(subsf3.o)
 .ARM.attributes
                0x000005fc       0x2c c:/program files (x86)/atmel/studio/7.0/toolchain/arm/arm-gnu-toolchain/bin/../lib/gcc/arm-none-eabi/6.3.1/thumb/v6-m\libgcc.a(fixsfsi.o)
 .ARM.attributes
                0x00000628       0x2c c:/program files (x86)/atmel/studio/7.0/toolchain/arm/arm-gnu-toolchain/bin/../lib/gcc/arm-none-eabi/6.3.1/thumb/v6-m\libgcc.a(floatsisf.o)
 .ARM.attributes
                0x00000654       0x2c c:/program files (x86)/atmel/studio/7.0/toolchain/arm/arm-gnu-toolchain/bin/../lib/gcc/arm-none-eabi/6.3.1/thumb/v6-m\libgcc.a(adddf3.o)
 .ARM.attributes
                0x00000680       0x2c c:/program files (x86)/atmel/studio/7.0/toolchain/arm/arm-gnu-toolchain/bin/../lib/gcc/arm-none-eabi/6.3.1/thumb/v6-m\libgcc.a(eqdf2.o)
 .ARM.attributes
                0x000006ac       0x2c c:/program files (x86)/atmel/studio/7.0/toolchain/arm/arm-gnu-toolchain/bin/../lib/gcc/arm-none-eabi/6.3.1/thumb/v6-m\libgcc.a(gedf2.o)
 .ARM.attributes
                0x000006d8       0x2c c:/program files (x86)/atmel/studio/7.0/toolchain/arm/arm-gnu-toolchain/bin/../lib/gcc/arm-none-eabi/6.3.1/thumb/v6-m\libgcc.a(ledf2.o)
 .ARM.attributes
                0x00000704       0x2c c:/program files (x86)/atmel/studio/7.0/toolchain/arm/arm-gnu-toolchain/bin/../lib/gcc/arm-none-eabi/6.3.1/thumb/v6-m\libgcc.a(fixdfsi.o)
 .ARM.attributes
                0x00000730       0x2c c:/program files (x86)/atmel/studio/7.0/toolchain/arm/arm-gnu-toolchain/bin/../lib/gcc/arm-none-eabi/6.3.1/thumb/v6-m\libgcc.a(extendsfdf2.o)
 .ARM.attributes
                0x0000075c       0x1e c:/program files (x86)/atmel/studio/7.0/toolchain/arm/arm-gnu-toolchain/bin/../lib/gcc/arm-none-eabi/6.3.1/thumb/v6-m\libgcc.a(_arm_cmpsf2.o)
 .ARM.attributes
                0x0000077a       0x1e c:/program files (x86)/atmel/studio/7.0/toolchain/arm/arm-gnu-toolchain/bin/../lib/gcc/arm-none-eabi/6.3.1/thumb/v6-m\libgcc.a(_clzsi2.o)
 .ARM.attributes
                0x00000798       0x1e c:/program files (x86)/atmel/studio/7.0/toolchain/arm/arm-gnu-toolchain/bin/../lib/gcc/arm-none-eabi/6.3.1/thumb/v6-m\libgcc.a(_ctzsi2.o)
 .ARM.attributes
                0x000007b6       0x2c c:/program files (x86)/atmel/studio/7.0/toolchain/arm/arm-gnu-toolchain/bin/../lib/gcc/arm-none-eabi/6.3.1/thumb/v6-m\libgcc.a(eqsf2.o)
 .ARM.attributes
                0x000007e2       0x2c c:/program files (x86)/atmel/studio/7.0/toolchain/arm/arm-gnu-toolchain/bin/../lib/gcc/arm-none-eabi/6.3.1/thumb/v6-m\libgcc.a(gesf2.o)
 .ARM.attributes
                0x0000080e       0x2c c:/program files (x86)/atmel/studio/7.0/toolchain/arm/arm-gnu-toolchain/bin/../lib/gcc/arm-none-eabi/6.3.1/thumb/v6-m\libgcc.a(lesf2.o)
 .ARM.attributes
                0x0000083a       0x2c c:/program files (x86)/atmel/studio/7.0/toolchain/arm/arm-gnu-toolchain/bin/../lib/gcc/arm-none-eabi/6.3.1/../../../../arm-none-eabi/lib/thumb/v6-m\libc_nano.a(lib_a-atoi.o)
 .ARM.attributes
                0x00000866       0x2c c:/program files (x86)/atmel/studio/7.0/toolchain/arm/arm-gnu-toolchain/bin/../lib/gcc/arm-none-eabi/6.3.1/../../../../arm-none-eabi/lib/thumb/v6-m\libc_nano.a(lib_a-calloc.o)
 .ARM.attributes
                0x00000892       0x2c c:/program files (x86)/atmel/studio/7.0/toolchain/arm/arm-gnu-toolchain/bin/../lib/gcc/arm-none-eabi/6.3.1/../../../../arm-none-eabi/lib/thumb/v6-m\libc_nano.a(lib_a-impure.o)
 .ARM.attributes
                0x000008be       0x2c c:/program files (x86)/atmel/studio/7.0/toolchain/arm/arm-gnu-toolchain/bin/../lib/gcc/arm-none-eabi/6.3.1/../../../../arm-none-eabi/lib/thumb/v6-m\libc_nano.a(lib_a-init.o)
 .ARM.attributes
                0x000008ea       0x2c c:/program files (x86)/atmel/studio/7.0/toolchain/arm/arm-gnu-toolchain/bin/../lib/gcc/arm-none-eabi/6.3.1/../../../../arm-none-eabi/lib/thumb/v6-m\libc_nano.a(lib_a-malloc.o)
 .ARM.attributes
                0x00000916       0x2c c:/program files (x86)/atmel/studio/7.0/toolchain/arm/arm-gnu-toolchain/bin/../lib/gcc/arm-none-eabi/6.3.1/../../../../arm-none-eabi/lib/thumb/v6-m\libc_nano.a(lib_a-memcpy-stub.o)
 .ARM.attributes
                0x00000942       0x2c c:/program files (x86)/atmel/studio/7.0/toolchain/arm/arm-gnu-toolchain/bin/../lib/gcc/arm-none-eabi/6.3.1/../../../../arm-none-eabi/lib/thumb/v6-m\libc_nano.a(lib_a-memset.o)
 .ARM.attributes
                0x0000096e       0x2c c:/program files (x86)/atmel/studio/7.0/toolchain/arm/arm-gnu-toolchain/bin/../lib/gcc/arm-none-eabi/6.3.1/../../../../arm-none-eabi/lib/thumb/v6-m\libc_nano.a(lib_a-nano-callocr.o)
 .ARM.attributes
                0x0000099a       0x2c c:/program files (x86)/atmel/studio/7.0/toolchain/arm/arm-gnu-toolchain/bin/../lib/gcc/arm-none-eabi/6.3.1/../../../../arm-none-eabi/lib/thumb/v6-m\libc_nano.a(lib_a-nano-freer.o)
 .ARM.attributes
                0x000009c6       0x2c c:/program files (x86)/atmel/studio/7.0/toolchain/arm/arm-gnu-toolchain/bin/../lib/gcc/arm-none-eabi/6.3.1/../../../../arm-none-eabi/lib/thumb/v6-m\libc_nano.a(lib_a-nano-mallocr.o)
 .ARM.attributes
                0x000009f2       0x2c c:/program files (x86)/atmel/studio/7.0/toolchain/arm/arm-gnu-toolchain/bin/../lib/gcc/arm-none-eabi/6.3.1/../../../../arm-none-eabi/lib/thumb/v6-m\libc_nano.a(lib_a-sbrkr.o)
 .ARM.attributes
                0x00000a1e       0x1c c:/program files (x86)/atmel/studio/7.0/toolchain/arm/arm-gnu-toolchain/bin/../lib/gcc/arm-none-eabi/6.3.1/../../../../arm-none-eabi/lib/thumb/v6-m\libc_nano.a(lib_a-strlen.o)
 .ARM.attributes
                0x00000a3a       0x2c c:/program files (x86)/atmel/studio/7.0/toolchain/arm/arm-gnu-toolchain/bin/../lib/gcc/arm-none-eabi/6.3.1/../../../../arm-none-eabi/lib/thumb/v6-m\libc_nano.a(lib_a-strncpy.o)
 .ARM.attributes
                0x00000a66       0x2c c:/program files (x86)/atmel/studio/7.0/toolchain/arm/arm-gnu-toolchain/bin/../lib/gcc/arm-none-eabi/6.3.1/../../../../arm-none-eabi/lib/thumb/v6-m\libc_nano.a(lib_a-strtol.o)
 .ARM.attributes
                0x00000a92       0x2c c:/program files (x86)/atmel/studio/7.0/toolchain/arm/arm-gnu-toolchain/bin/../lib/gcc/arm-none-eabi/6.3.1/../../../../arm-none-eabi/lib/thumb/v6-m\libc_nano.a(lib_a-vsnprintf.o)
 .ARM.attributes
                0x00000abe       0x2c c:/program files (x86)/atmel/studio/7.0/toolchain/arm/arm-gnu-toolchain/bin/../lib/gcc/arm-none-eabi/6.3.1/../../../../arm-none-eabi/lib/thumb/v6-m\libc_nano.a(lib_a-findfp.o)
 .ARM.attributes
                0x00000aea       0x2c c:/program files (x86)/atmel/studio/7.0/toolchain/arm/arm-gnu-toolchain/bin/../lib/gcc/arm-none-eabi/6.3.1/../../../../arm-none-eabi/lib/thumb/v6-m\libc_nano.a(lib_a-locale.o)
 .ARM.attributes
                0x00000b16       0x2c c:/program files (x86)/atmel/studio/7.0/toolchain/arm/arm-gnu-toolchain/bin/../lib/gcc/arm-none-eabi/6.3.1/../../../../arm-none-eabi/lib/thumb/v6-m\libc_nano.a(lib_a-mbtowc_r.o)
 .ARM.attributes
                0x00000b42       0x2c c:/program files (x86)/atmel/studio/7.0/toolchain/arm/arm-gnu-toolchain/bin/../lib/gcc/arm-none-eabi/6.3.1/../../../../arm-none-eabi/lib/thumb/v6-m\libc_nano.a(lib_a-mlock.o)
 .ARM.attributes
                0x00000b6e       0x2c c:/program files (x86)/atmel/studio/7.0/toolchain/arm/arm-gnu-toolchain/bin/../lib/gcc/arm-none-eabi/6.3.1/../../../../arm-none-eabi/lib/thumb/v6-m\libc_nano.a(lib_a-nano-svfprintf.o)
 .ARM.attributes
                0x00000b9a       0x2c c:/program files (x86)/atmel/studio/7.0/toolchain/arm/arm-gnu-toolchain/bin/../lib/gcc/arm-none-eabi/6.3.1/../../../../arm-none-eabi/lib/thumb/v6-m\libc_nano.a(lib_a-nano-vfprintf_i.o)
 .ARM.attributes
                0x00000bc6       0x2c c:/program files (x86)/atmel/studio/7.0/toolchain/arm/arm-gnu-toolchain/bin/../lib/gcc/arm-none-eabi/6.3.1/../../../../arm-none-eabi/lib/thumb/v6-m\libc_nano.a(lib_a-reent.o)
 .ARM.attributes
                0x00000bf2       0x2c c:/program files (x86)/atmel/studio/7.0/toolchain/arm/arm-gnu-toolchain/bin/../lib/gcc/arm-none-eabi/6.3.1/../../../../arm-none-eabi/lib/thumb/v6-m\libc_nano.a(lib_a-wctomb_r.o)
 .ARM.attributes
                0x00000c1e       0x2c c:/program files (x86)/atmel/studio/7.0/toolchain/arm/arm-gnu-toolchain/bin/../lib/gcc/arm-none-eabi/6.3.1/../../../../arm-none-eabi/lib/thumb/v6-m\libc_nano.a(lib_a-ctype_.o)
 .ARM.attributes
                0x00000c4a       0x2c c:/program files (x86)/atmel/studio/7.0/toolchain/arm/arm-gnu-toolchain/bin/../lib/gcc/arm-none-eabi/6.3.1/../../../../arm-none-eabi/lib/thumb/v6-m\libc_nano.a(lib_a-memchr-stub.o)
 .ARM.attributes
                0x00000c76       0x2c c:/program files (x86)/atmel/studio/7.0/toolchain/arm/arm-gnu-toolchain/bin/../lib/gcc/arm-none-eabi/6.3.1/../../../../arm-none-eabi/lib/thumb/v6-m\libc_nano.a(lib_a-memmove.o)
 .ARM.attributes
                0x00000ca2       0x2c c:/program files (x86)/atmel/studio/7.0/toolchain/arm/arm-gnu-toolchain/bin/../lib/gcc/arm-none-eabi/6.3.1/../../../../arm-none-eabi/lib/thumb/v6-m\libc_nano.a(lib_a-nano-reallocr.o)
 .ARM.attributes
                0x00000cce       0x2c c:/program files (x86)/atmel/studio/7.0/toolchain/arm/arm-gnu-toolchain/bin/../lib/gcc/arm-none-eabi/6.3.1/../../../../arm-none-eabi/lib/thumb/v6-m\libc_nano.a(lib_a-nano-msizer.o)
 .ARM.attributes
                0x00000cfa       0x1e c:/program files (x86)/atmel/studio/7.0/toolchain/arm/arm-gnu-toolchain/bin/../lib/gcc/arm-none-eabi/6.3.1/thumb/v6-m/crtn.o

.comment        0x00000000       0x59
 .comment       0x00000000       0x59 atmel_start.o
                                 0x5a (size before relaxing)
 .comment       0x00000059       0x5a Device_Startup/startup_samd21.o
 .comment       0x00000059       0x5a driver_init.o
 .comment       0x00000059       0x5a examples/driver_examples.o
 .comment       0x00000059       0x5a hal/src/hal_delay.o
 .comment       0x00000059       0x5a hal/src/hal_ext_irq.o
 .comment       0x00000059       0x5a hal/src/hal_i2c_m_sync.o
 .comment       0x00000059       0x5a hal/src/hal_io.o
 .comment       0x00000059       0x5a hal/src/hal_usart_sync.o
 .comment       0x00000059       0x5a hal/utils/src/utils_assert.o
 .comment       0x00000059       0x5a hal/utils/src/utils_syscalls.o
 .comment       0x00000059       0x5a hpl/core/hpl_core_m0plus_base.o
 .comment       0x00000059       0x5a hpl/core/hpl_init.o
 .comment       0x00000059       0x5a hpl/eic/hpl_eic.o
 .comment       0x00000059       0x5a hpl/gclk/hpl_gclk.o
 .comment       0x00000059       0x5a hpl/pm/hpl_pm.o
 .comment       0x00000059       0x5a hpl/sercom/hpl_sercom.o
 .comment       0x00000059       0x5a hpl/sysctrl/hpl_sysctrl.o
 .comment       0x00000059       0x5a hpl/systick/hpl_systick.o
 .comment       0x00000059       0x5a main.o
 .comment       0x00000059       0x5a mcp794xx_driver/mcp794xx_driver.o
 .comment       0x00000059       0x5a mcp794xx_driver/mcp794xx_driver_basic.o
 .comment       0x00000059       0x5a mcp794xx_driver/mcp794xx_driver_interface.o

.debug_info     0x00000000    0x2b85e
 .debug_info    0x00000000      0x2f8 atmel_start.o
 .debug_info    0x000002f8     0x3a2c Device_Startup/startup_samd21.o
 .debug_info    0x00003d24     0x8192 driver_init.o
 .debug_info    0x0000beb6     0x1314 examples/driver_examples.o
 .debug_info    0x0000d1ca      0x1dc hal/src/hal_delay.o
 .debug_info    0x0000d3a6      0x36f hal/src/hal_ext_irq.o
 .debug_info    0x0000d715      0x866 hal/src/hal_i2c_m_sync.o
 .debug_info    0x0000df7b      0x2a0 hal/src/hal_io.o
 .debug_info    0x0000e21b      0xbbd hal/src/hal_usart_sync.o
 .debug_info    0x0000edd8      0x107 hal/utils/src/utils_assert.o
 .debug_info    0x0000eedf      0xdbe hal/utils/src/utils_syscalls.o
 .debug_info    0x0000fc9d      0x7f3 hpl/core/hpl_core_m0plus_base.o
 .debug_info    0x00010490      0x68a hpl/core/hpl_init.o
 .debug_info    0x00010b1a     0x1f97 hpl/eic/hpl_eic.o
 .debug_info    0x00012ab1      0x5ad hpl/gclk/hpl_gclk.o
 .debug_info    0x0001305e      0xc6d hpl/pm/hpl_pm.o
 .debug_info    0x00013ccb     0xaf45 hpl/sercom/hpl_sercom.o
 .debug_info    0x0001ec10     0x18a4 hpl/sysctrl/hpl_sysctrl.o
 .debug_info    0x000204b4      0x25e hpl/systick/hpl_systick.o
 .debug_info    0x00020712     0x27ac main.o
 .debug_info    0x00022ebe     0x514e mcp794xx_driver/mcp794xx_driver.o
 .debug_info    0x0002800c     0x263a mcp794xx_driver/mcp794xx_driver_basic.o
 .debug_info    0x0002a646     0x1218 mcp794xx_driver/mcp794xx_driver_interface.o

.debug_abbrev   0x00000000     0x3771
 .debug_abbrev  0x00000000       0xe1 atmel_start.o
 .debug_abbrev  0x000000e1      0x227 Device_Startup/startup_samd21.o
 .debug_abbrev  0x00000308      0x372 driver_init.o
 .debug_abbrev  0x0000067a      0x291 examples/driver_examples.o
 .debug_abbrev  0x0000090b       0xe1 hal/src/hal_delay.o
 .debug_abbrev  0x000009ec      0x179 hal/src/hal_ext_irq.o
 .debug_abbrev  0x00000b65      0x1a6 hal/src/hal_i2c_m_sync.o
 .debug_abbrev  0x00000d0b      0x115 hal/src/hal_io.o
 .debug_abbrev  0x00000e20      0x217 hal/src/hal_usart_sync.o
 .debug_abbrev  0x00001037       0x86 hal/utils/src/utils_assert.o
 .debug_abbrev  0x000010bd      0x282 hal/utils/src/utils_syscalls.o
 .debug_abbrev  0x0000133f      0x29f hpl/core/hpl_core_m0plus_base.o
 .debug_abbrev  0x000015de      0x1d9 hpl/core/hpl_init.o
 .debug_abbrev  0x000017b7      0x3cd hpl/eic/hpl_eic.o
 .debug_abbrev  0x00001b84      0x1c3 hpl/gclk/hpl_gclk.o
 .debug_abbrev  0x00001d47      0x211 hpl/pm/hpl_pm.o
 .debug_abbrev  0x00001f58      0x5b4 hpl/sercom/hpl_sercom.o
 .debug_abbrev  0x0000250c      0x25c hpl/sysctrl/hpl_sysctrl.o
 .debug_abbrev  0x00002768      0x172 hpl/systick/hpl_systick.o
 .debug_abbrev  0x000028da      0x4a5 main.o
 .debug_abbrev  0x00002d7f      0x3e4 mcp794xx_driver/mcp794xx_driver.o
 .debug_abbrev  0x00003163      0x2ff mcp794xx_driver/mcp794xx_driver_basic.o
 .debug_abbrev  0x00003462      0x30f mcp794xx_driver/mcp794xx_driver_interface.o

.debug_loc      0x00000000    0x11ecb
 .debug_loc     0x00000000       0x20 atmel_start.o
 .debug_loc     0x00000020       0x84 Device_Startup/startup_samd21.o
 .debug_loc     0x000000a4      0x98d driver_init.o
 .debug_loc     0x00000a31       0xb8 examples/driver_examples.o
 .debug_loc     0x00000ae9       0xc3 hal/src/hal_delay.o
 .debug_loc     0x00000bac      0x3a3 hal/src/hal_ext_irq.o
 .debug_loc     0x00000f4f      0x6db hal/src/hal_i2c_m_sync.o
 .debug_loc     0x0000162a      0x1b6 hal/src/hal_io.o
 .debug_loc     0x000017e0      0xa26 hal/src/hal_usart_sync.o
 .debug_loc     0x00002206      0x15b hal/utils/src/utils_syscalls.o
 .debug_loc     0x00002361      0x2a9 hpl/core/hpl_core_m0plus_base.o
 .debug_loc     0x0000260a       0x4c hpl/core/hpl_init.o
 .debug_loc     0x00002656      0x50d hpl/eic/hpl_eic.o
 .debug_loc     0x00002b63      0x190 hpl/gclk/hpl_gclk.o
 .debug_loc     0x00002cf3      0x11b hpl/pm/hpl_pm.o
 .debug_loc     0x00002e0e     0x7cb5 hpl/sercom/hpl_sercom.o
 .debug_loc     0x0000aac3      0x213 hpl/sysctrl/hpl_sysctrl.o
 .debug_loc     0x0000acd6       0xf9 hpl/systick/hpl_systick.o
 .debug_loc     0x0000adcf      0x398 main.o
 .debug_loc     0x0000b167     0x5a2e mcp794xx_driver/mcp794xx_driver.o
 .debug_loc     0x00010b95     0x1175 mcp794xx_driver/mcp794xx_driver_basic.o
 .debug_loc     0x00011d0a      0x1c1 mcp794xx_driver/mcp794xx_driver_interface.o

.debug_aranges  0x00000000      0xec8
 .debug_aranges
                0x00000000       0x20 atmel_start.o
 .debug_aranges
                0x00000020       0x28 Device_Startup/startup_samd21.o
 .debug_aranges
                0x00000048       0x60 driver_init.o
 .debug_aranges
                0x000000a8       0x40 examples/driver_examples.o
 .debug_aranges
                0x000000e8       0x38 hal/src/hal_delay.o
 .debug_aranges
                0x00000120       0x50 hal/src/hal_ext_irq.o
 .debug_aranges
                0x00000170       0x88 hal/src/hal_i2c_m_sync.o
 .debug_aranges
                0x000001f8       0x30 hal/src/hal_io.o
 .debug_aranges
                0x00000228       0xa8 hal/src/hal_usart_sync.o
 .debug_aranges
                0x000002d0       0x20 hal/utils/src/utils_assert.o
 .debug_aranges
                0x000002f0       0x60 hal/utils/src/utils_syscalls.o
 .debug_aranges
                0x00000350       0x70 hpl/core/hpl_core_m0plus_base.o
 .debug_aranges
                0x000003c0       0x20 hpl/core/hpl_init.o
 .debug_aranges
                0x000003e0       0x38 hpl/eic/hpl_eic.o
 .debug_aranges
                0x00000418       0x28 hpl/gclk/hpl_gclk.o
 .debug_aranges
                0x00000440       0x30 hpl/pm/hpl_pm.o
 .debug_aranges
                0x00000470      0x508 hpl/sercom/hpl_sercom.o
 .debug_aranges
                0x00000978       0x28 hpl/sysctrl/hpl_sysctrl.o
 .debug_aranges
                0x000009a0       0x48 hpl/systick/hpl_systick.o
 .debug_aranges
                0x000009e8       0x40 main.o
 .debug_aranges
                0x00000a28      0x2b0 mcp794xx_driver/mcp794xx_driver.o
 .debug_aranges
                0x00000cd8      0x1a0 mcp794xx_driver/mcp794xx_driver_basic.o
 .debug_aranges
                0x00000e78       0x50 mcp794xx_driver/mcp794xx_driver_interface.o

.debug_ranges   0x00000000      0xfa0
 .debug_ranges  0x00000000       0x10 atmel_start.o
 .debug_ranges  0x00000010       0x18 Device_Startup/startup_samd21.o
 .debug_ranges  0x00000028       0x50 driver_init.o
 .debug_ranges  0x00000078       0x30 examples/driver_examples.o
 .debug_ranges  0x000000a8       0x28 hal/src/hal_delay.o
 .debug_ranges  0x000000d0       0x40 hal/src/hal_ext_irq.o
 .debug_ranges  0x00000110       0x78 hal/src/hal_i2c_m_sync.o
 .debug_ranges  0x00000188       0x20 hal/src/hal_io.o
 .debug_ranges  0x000001a8       0x98 hal/src/hal_usart_sync.o
 .debug_ranges  0x00000240       0x10 hal/utils/src/utils_assert.o
 .debug_ranges  0x00000250       0x50 hal/utils/src/utils_syscalls.o
 .debug_ranges  0x000002a0       0x60 hpl/core/hpl_core_m0plus_base.o
 .debug_ranges  0x00000300       0x10 hpl/core/hpl_init.o
 .debug_ranges  0x00000310       0x28 hpl/eic/hpl_eic.o
 .debug_ranges  0x00000338       0x18 hpl/gclk/hpl_gclk.o
 .debug_ranges  0x00000350       0x20 hpl/pm/hpl_pm.o
 .debug_ranges  0x00000370      0x6c8 hpl/sercom/hpl_sercom.o
 .debug_ranges  0x00000a38       0x18 hpl/sysctrl/hpl_sysctrl.o
 .debug_ranges  0x00000a50       0x38 hpl/systick/hpl_systick.o
 .debug_ranges  0x00000a88       0x78 main.o
 .debug_ranges  0x00000b00      0x2d0 mcp794xx_driver/mcp794xx_driver.o
 .debug_ranges  0x00000dd0      0x190 mcp794xx_driver/mcp794xx_driver_basic.o
 .debug_ranges  0x00000f60       0x40 mcp794xx_driver/mcp794xx_driver_interface.o

.debug_macro    0x00000000    0x1a7b5
 .debug_macro   0x00000000      0x515 atmel_start.o
 .debug_macro   0x00000515      0x8b6 atmel_start.o
 .debug_macro   0x00000dcb      0x16d atmel_start.o
 .debug_macro   0x00000f38       0x22 atmel_start.o
 .debug_macro   0x00000f5a       0x87 atmel_start.o
 .debug_macro   0x00000fe1       0x51 atmel_start.o
 .debug_macro   0x00001032       0xef atmel_start.o
 .debug_macro   0x00001121       0x6a atmel_start.o
 .debug_macro   0x0000118b      0x1df atmel_start.o
 .debug_macro   0x0000136a       0x22 atmel_start.o
 .debug_macro   0x0000138c       0x3f atmel_start.o
 .debug_macro   0x000013cb       0x1c atmel_start.o
 .debug_macro   0x000013e7       0x22 atmel_start.o
 .debug_macro   0x00001409       0xb5 atmel_start.o
 .debug_macro   0x000014be      0x3ad atmel_start.o
 .debug_macro   0x0000186b      0x67e atmel_start.o
 .debug_macro   0x00001ee9      0x8b1 atmel_start.o
 .debug_macro   0x0000279a      0x22e atmel_start.o
 .debug_macro   0x000029c8      0xd5c atmel_start.o
 .debug_macro   0x00003724      0x4dc atmel_start.o
 .debug_macro   0x00003c00      0x9f6 atmel_start.o
 .debug_macro   0x000045f6      0x82b atmel_start.o
 .debug_macro   0x00004e21      0x45f atmel_start.o
 .debug_macro   0x00005280       0x5e atmel_start.o
 .debug_macro   0x000052de      0x8f9 atmel_start.o
 .debug_macro   0x00005bd7      0x21c atmel_start.o
 .debug_macro   0x00005df3      0x735 atmel_start.o
 .debug_macro   0x00006528       0x5e atmel_start.o
 .debug_macro   0x00006586      0x632 atmel_start.o
 .debug_macro   0x00006bb8      0x3ac atmel_start.o
 .debug_macro   0x00006f64      0xc76 atmel_start.o
 .debug_macro   0x00007bda     0x1092 atmel_start.o
 .debug_macro   0x00008c6c      0xc4a atmel_start.o
 .debug_macro   0x000098b6      0x6ba atmel_start.o
 .debug_macro   0x00009f70     0x1b3d atmel_start.o
 .debug_macro   0x0000baad     0x143c atmel_start.o
 .debug_macro   0x0000cee9      0x340 atmel_start.o
 .debug_macro   0x0000d229       0x7c atmel_start.o
 .debug_macro   0x0000d2a5       0xa0 atmel_start.o
 .debug_macro   0x0000d345       0x4c atmel_start.o
 .debug_macro   0x0000d391       0xca atmel_start.o
 .debug_macro   0x0000d45b       0x94 atmel_start.o
 .debug_macro   0x0000d4ef       0x58 atmel_start.o
 .debug_macro   0x0000d547      0x341 atmel_start.o
 .debug_macro   0x0000d888       0x82 atmel_start.o
 .debug_macro   0x0000d90a      0x189 atmel_start.o
 .debug_macro   0x0000da93       0xb8 atmel_start.o
 .debug_macro   0x0000db4b       0xa0 atmel_start.o
 .debug_macro   0x0000dbeb       0xb2 atmel_start.o
 .debug_macro   0x0000dc9d       0x1c atmel_start.o
 .debug_macro   0x0000dcb9       0x1c atmel_start.o
 .debug_macro   0x0000dcd5       0x1c atmel_start.o
 .debug_macro   0x0000dcf1       0x7c atmel_start.o
 .debug_macro   0x0000dd6d      0x15a atmel_start.o
 .debug_macro   0x0000dec7       0x10 atmel_start.o
 .debug_macro   0x0000ded7       0xdc atmel_start.o
 .debug_macro   0x0000dfb3      0x124 atmel_start.o
 .debug_macro   0x0000e0d7      0x124 atmel_start.o
 .debug_macro   0x0000e1fb      0x124 atmel_start.o
 .debug_macro   0x0000e31f      0x124 atmel_start.o
 .debug_macro   0x0000e443      0x124 atmel_start.o
 .debug_macro   0x0000e567      0x124 atmel_start.o
 .debug_macro   0x0000e68b      0x124 atmel_start.o
 .debug_macro   0x0000e7af       0xe2 atmel_start.o
 .debug_macro   0x0000e891       0xe2 atmel_start.o
 .debug_macro   0x0000e973       0xe2 atmel_start.o
 .debug_macro   0x0000ea55      0x12a atmel_start.o
 .debug_macro   0x0000eb7f      0x100 atmel_start.o
 .debug_macro   0x0000ec7f       0xf4 atmel_start.o
 .debug_macro   0x0000ed73      0x40f atmel_start.o
 .debug_macro   0x0000f182       0x40 atmel_start.o
 .debug_macro   0x0000f1c2      0x376 atmel_start.o
 .debug_macro   0x0000f538     0x17df atmel_start.o
 .debug_macro   0x00010d17       0x6d atmel_start.o
 .debug_macro   0x00010d84       0x10 atmel_start.o
 .debug_macro   0x00010d94       0x10 atmel_start.o
 .debug_macro   0x00010da4       0x16 atmel_start.o
 .debug_macro   0x00010dba       0x16 atmel_start.o
 .debug_macro   0x00010dd0       0x16 atmel_start.o
 .debug_macro   0x00010de6       0x16 atmel_start.o
 .debug_macro   0x00010dfc       0x16 atmel_start.o
 .debug_macro   0x00010e12       0x16 atmel_start.o
 .debug_macro   0x00010e28       0x16 atmel_start.o
 .debug_macro   0x00010e3e       0x16 atmel_start.o
 .debug_macro   0x00010e54       0x16 atmel_start.o
 .debug_macro   0x00010e6a       0x16 atmel_start.o
 .debug_macro   0x00010e80       0x16 atmel_start.o
 .debug_macro   0x00010e96       0x16 atmel_start.o
 .debug_macro   0x00010eac       0x16 atmel_start.o
 .debug_macro   0x00010ec2       0x16 atmel_start.o
 .debug_macro   0x00010ed8      0x4c3 atmel_start.o
 .debug_macro   0x0001139b       0x94 atmel_start.o
 .debug_macro   0x0001142f       0x16 atmel_start.o
 .debug_macro   0x00011445       0x6a atmel_start.o
 .debug_macro   0x000114af      0x28c atmel_start.o
 .debug_macro   0x0001173b      0x4d8 atmel_start.o
 .debug_macro   0x00011c13       0x16 atmel_start.o
 .debug_macro   0x00011c29       0xca atmel_start.o
 .debug_macro   0x00011cf3       0x1c atmel_start.o
 .debug_macro   0x00011d0f       0x16 atmel_start.o
 .debug_macro   0x00011d25       0x58 atmel_start.o
 .debug_macro   0x00011d7d       0x70 atmel_start.o
 .debug_macro   0x00011ded      0x2fc Device_Startup/startup_samd21.o
 .debug_macro   0x000120e9       0x39 Device_Startup/startup_samd21.o
 .debug_macro   0x00012122      0x534 driver_init.o
 .debug_macro   0x00012656       0x50 driver_init.o
 .debug_macro   0x000126a6       0xc9 driver_init.o
 .debug_macro   0x0001276f      0x752 examples/driver_examples.o
 .debug_macro   0x00012ec1       0x58 examples/driver_examples.o
 .debug_macro   0x00012f19       0x35 examples/driver_examples.o
 .debug_macro   0x00012f4e       0x9c examples/driver_examples.o
 .debug_macro   0x00012fea       0x16 examples/driver_examples.o
 .debug_macro   0x00013000       0x35 examples/driver_examples.o
 .debug_macro   0x00013035      0x34d examples/driver_examples.o
 .debug_macro   0x00013382       0x10 examples/driver_examples.o
 .debug_macro   0x00013392       0x58 examples/driver_examples.o
 .debug_macro   0x000133ea       0x1f examples/driver_examples.o
 .debug_macro   0x00013409       0x43 examples/driver_examples.o
 .debug_macro   0x0001344c       0x20 examples/driver_examples.o
 .debug_macro   0x0001346c      0x187 examples/driver_examples.o
 .debug_macro   0x000135f3       0x10 examples/driver_examples.o
 .debug_macro   0x00013603       0x1c examples/driver_examples.o
 .debug_macro   0x0001361f       0x52 examples/driver_examples.o
 .debug_macro   0x00013671       0x40 examples/driver_examples.o
 .debug_macro   0x000136b1       0x10 examples/driver_examples.o
 .debug_macro   0x000136c1       0x40 examples/driver_examples.o
 .debug_macro   0x00013701       0xd7 examples/driver_examples.o
 .debug_macro   0x000137d8       0x16 examples/driver_examples.o
 .debug_macro   0x000137ee      0x18b examples/driver_examples.o
 .debug_macro   0x00013979       0x16 examples/driver_examples.o
 .debug_macro   0x0001398f       0x16 examples/driver_examples.o
 .debug_macro   0x000139a5       0x29 examples/driver_examples.o
 .debug_macro   0x000139ce       0x16 examples/driver_examples.o
 .debug_macro   0x000139e4       0x4c examples/driver_examples.o
 .debug_macro   0x00013a30       0x16 examples/driver_examples.o
 .debug_macro   0x00013a46       0x10 examples/driver_examples.o
 .debug_macro   0x00013a56       0x41 examples/driver_examples.o
 .debug_macro   0x00013a97      0x1e1 examples/driver_examples.o
 .debug_macro   0x00013c78       0xd6 examples/driver_examples.o
 .debug_macro   0x00013d4e      0x276 examples/driver_examples.o
 .debug_macro   0x00013fc4      0x45c hal/src/hal_delay.o
 .debug_macro   0x00014420      0x444 hal/src/hal_ext_irq.o
 .debug_macro   0x00014864      0x465 hal/src/hal_i2c_m_sync.o
 .debug_macro   0x00014cc9       0x6a hal/src/hal_i2c_m_sync.o
 .debug_macro   0x00014d33      0x43d hal/src/hal_io.o
 .debug_macro   0x00015170      0x464 hal/src/hal_usart_sync.o
 .debug_macro   0x000155d4      0x433 hal/utils/src/utils_assert.o
 .debug_macro   0x00015a07       0x10 hal/utils/src/utils_assert.o
 .debug_macro   0x00015a17      0x1d6 hal/utils/src/utils_syscalls.o
 .debug_macro   0x00015bed       0x52 hal/utils/src/utils_syscalls.o
 .debug_macro   0x00015c3f       0x8d hal/utils/src/utils_syscalls.o
 .debug_macro   0x00015ccc       0x57 hal/utils/src/utils_syscalls.o
 .debug_macro   0x00015d23       0x97 hal/utils/src/utils_syscalls.o
 .debug_macro   0x00015dba      0x353 hal/utils/src/utils_syscalls.o
 .debug_macro   0x0001610d       0xf6 hal/utils/src/utils_syscalls.o
 .debug_macro   0x00016203       0x10 hal/utils/src/utils_syscalls.o
 .debug_macro   0x00016213       0x35 hal/utils/src/utils_syscalls.o
 .debug_macro   0x00016248      0x122 hal/utils/src/utils_syscalls.o
 .debug_macro   0x0001636a      0x481 hpl/core/hpl_core_m0plus_base.o
 .debug_macro   0x000167eb      0x4a4 hpl/core/hpl_init.o
 .debug_macro   0x00016c8f       0x2e hpl/core/hpl_init.o
 .debug_macro   0x00016cbd      0x6ec hpl/core/hpl_init.o
 .debug_macro   0x000173a9      0x50e hpl/eic/hpl_eic.o
 .debug_macro   0x000178b7      0x241 hpl/eic/hpl_eic.o
 .debug_macro   0x00017af8      0x446 hpl/gclk/hpl_gclk.o
 .debug_macro   0x00017f3e      0x1f3 hpl/gclk/hpl_gclk.o
 .debug_macro   0x00018131      0x469 hpl/pm/hpl_pm.o
 .debug_macro   0x0001859a      0x66b hpl/sercom/hpl_sercom.o
 .debug_macro   0x00018c05      0x11d hpl/sercom/hpl_sercom.o
 .debug_macro   0x00018d22       0x10 hpl/sercom/hpl_sercom.o
 .debug_macro   0x00018d32       0x1c hpl/sercom/hpl_sercom.o
 .debug_macro   0x00018d4e       0x22 hpl/sercom/hpl_sercom.o
 .debug_macro   0x00018d70       0x10 hpl/sercom/hpl_sercom.o
 .debug_macro   0x00018d80      0x440 hpl/sysctrl/hpl_sysctrl.o
 .debug_macro   0x000191c0      0x2da hpl/sysctrl/hpl_sysctrl.o
 .debug_macro   0x0001949a      0x437 hpl/systick/hpl_systick.o
 .debug_macro   0x000198d1       0x10 hpl/systick/hpl_systick.o
 .debug_macro   0x000198e1      0x748 main.o
 .debug_macro   0x0001a029      0x2aa mcp794xx_driver/mcp794xx_driver.o
 .debug_macro   0x0001a2d3      0x276 mcp794xx_driver/mcp794xx_driver_basic.o
 .debug_macro   0x0001a549      0x26c mcp794xx_driver/mcp794xx_driver_interface.o

.debug_line     0x00000000    0x10a85
 .debug_line    0x00000000      0xa9c atmel_start.o
 .debug_line    0x00000a9c      0x6fa Device_Startup/startup_samd21.o
 .debug_line    0x00001196      0xc3c driver_init.o
 .debug_line    0x00001dd2      0xcfb examples/driver_examples.o
 .debug_line    0x00002acd      0x99f hal/src/hal_delay.o
 .debug_line    0x0000346c      0xa12 hal/src/hal_ext_irq.o
 .debug_line    0x00003e7e      0xa8f hal/src/hal_i2c_m_sync.o
 .debug_line    0x0000490d      0x98c hal/src/hal_io.o
 .debug_line    0x00005299      0xb57 hal/src/hal_usart_sync.o
 .debug_line    0x00005df0      0x93e hal/utils/src/utils_assert.o
 .debug_line    0x0000672e      0x3fd hal/utils/src/utils_syscalls.o
 .debug_line    0x00006b2b      0xaed hpl/core/hpl_core_m0plus_base.o
 .debug_line    0x00007618      0xa1f hpl/core/hpl_init.o
 .debug_line    0x00008037      0xb34 hpl/eic/hpl_eic.o
 .debug_line    0x00008b6b      0x9b8 hpl/gclk/hpl_gclk.o
 .debug_line    0x00009523      0x9e4 hpl/pm/hpl_pm.o
 .debug_line    0x00009f07     0x28c9 hpl/sercom/hpl_sercom.o