Archive member included to satisfy reference by file (symbol)

c:/program files (x86)/atmel/studio/7.0/toolchain/arm/arm-gnu-toolchain/bin/../lib/gcc/arm-none-eabi/6.3.1/thumb/v6-m\libgcc.a(_udivsi3.o)
                              hpl/core/hpl_core_m0plus_base.o (__aeabi_uidiv)
c:/program files (x86)/atmel/studio/7.0/toolchain/arm/arm-gnu-toolchain/bin/../lib/gcc/arm-none-eabi/6.3.1/thumb/v6-m\libgcc.a(_dvmd_tls.o)
                              c:/program files (x86)/atmel/studio/7.0/toolchain/arm/arm-gnu-toolchain/bin/../lib/gcc/arm-none-eabi/6.3.1/thumb/v6-m\libgcc.a(_udivsi3.o) (__aeabi_idiv0)
c:/program files (x86)/atmel/studio/7.0/toolchain/arm/arm-gnu-toolchain/bin/../lib/gcc/arm-none-eabi/6.3.1/thumb/v6-m\libgcc.a(_aeabi_uldivmod.o)
                              hpl/sercom/hpl_sercom.o (__aeabi_uldivmod)
c:/program files (x86)/atmel/studio/7.0/toolchain/arm/arm-gnu-toolchain/bin/../lib/gcc/arm-none-eabi/6.3.1/thumb/v6-m\libgcc.a(_muldi3.o)
                              hpl/sercom/hpl_sercom.o (__aeabi_lmul)
c:/program files (x86)/atmel/studio/7.0/toolchain/arm/arm-gnu-toolchain/bin/../lib/gcc/arm-none-eabi/6.3.1/thumb/v6-m\libgcc.a(_fixunssfsi.o)
                              main.o (__aeabi_f2uiz)
c:/program files (x86)/atmel/studio/7.0/toolchain/arm/arm-gnu-toolchain/bin/../lib/gcc/arm-none-eabi/6.3.1/thumb/v6-m\libgcc.a(_fixunsdfsi.o)
                              hpl/sercom/hpl_sercom.o (__aeabi_d2uiz)
c:/program files (x86)/atmel/studio/7.0/toolchain/arm/arm-gnu-toolchain/bin/../lib/gcc/arm-none-eabi/6.3.1/thumb/v6-m\libgcc.a(_udivmoddi4.o)
                              c:/program files (x86)/atmel/studio/7.0/toolchain/arm/arm-gnu-toolchain/bin/../lib/gcc/arm-none-eabi/6.3.1/thumb/v6-m\libgcc.a(_aeabi_uldivmod.o) (__udivmoddi4)
c:/program files (x86)/atmel/studio/7.0/toolchain/arm/arm-gnu-toolchain/bin/../lib/gcc/arm-none-eabi/6.3.1/thumb/v6-m\libgcc.a(divsf3.o)
                              main.o (__aeabi_fdiv)
c:/program files (x86)/atmel/studio/7.0/toolchain/arm/arm-gnu-toolchain/bin/../lib/gcc/arm-none-eabi/6.3.1/thumb/v6-m\libgcc.a(subsf3.o)
                              main.o (__aeabi_fsub)
c:/program files (x86)/atmel/studio/7.0/toolchain/arm/arm-gnu-toolchain/bin/../lib/gcc/arm-none-eabi/6.3.1/thumb/v6-m\libgcc.a(fixsfsi.o)
                              c:/program files (x86)/atmel/studio/7.0/toolchain/arm/arm-gnu-toolchain/bin/../lib/gcc/arm-none-eabi/6.3.1/thumb/v6-m\libgcc.a(_fixunssfsi.o) (__aeabi_f2iz)
c:/program files (x86)/atmel/studio/7.0/toolchain/arm/arm-gnu-toolchain/bin/../lib/gcc/arm-none-eabi/6.3.1/thumb/v6-m\libgcc.a(floatsisf.o)
                              main.o (__aeabi_i2f)
c:/program files (x86)/atmel/studio/7.0/toolchain/arm/arm-gnu-toolchain/bin/../lib/gcc/arm-none-eabi/6.3.1/thumb/v6-m\libgcc.a(divdf3.o)
                              hpl/sercom/hpl_sercom.o (__aeabi_ddiv)
c:/program files (x86)/atmel/studio/7.0/toolchain/arm/arm-gnu-toolchain/bin/../lib/gcc/arm-none-eabi/6.3.1/thumb/v6-m\libgcc.a(muldf3.o)
                              hpl/sercom/hpl_sercom.o (__aeabi_dmul)
c:/program files (x86)/atmel/studio/7.0/toolchain/arm/arm-gnu-toolchain/bin/../lib/gcc/arm-none-eabi/6.3.1/thumb/v6-m\libgcc.a(subdf3.o)
                              hpl/sercom/hpl_sercom.o (__aeabi_dsub)
c:/program files (x86)/atmel/studio/7.0/toolchain/arm/arm-gnu-toolchain/bin/../lib/gcc/arm-none-eabi/6.3.1/thumb/v6-m\libgcc.a(fixdfsi.o)
                              c:/program files (x86)/atmel/studio/7.0/toolchain/arm/arm-gnu-toolchain/bin/../lib/gcc/arm-none-eabi/6.3.1/thumb/v6-m\libgcc.a(_fixunsdfsi.o) (__aeabi_d2iz)
c:/program files (x86)/atmel/studio/7.0/toolchain/arm/arm-gnu-toolchain/bin/../lib/gcc/arm-none-eabi/6.3.1/thumb/v6-m\libgcc.a(floatsidf.o)
                              hpl/sercom/hpl_sercom.o (__aeabi_i2d)
c:/program files (x86)/atmel/studio/7.0/toolchain/arm/arm-gnu-toolchain/bin/../lib/gcc/arm-none-eabi/6.3.1/thumb/v6-m\libgcc.a(floatunsidf.o)
                              hpl/sercom/hpl_sercom.o (__aeabi_ui2d)
c:/program files (x86)/atmel/studio/7.0/toolchain/arm/arm-gnu-toolchain/bin/../lib/gcc/arm-none-eabi/6.3.1/thumb/v6-m\libgcc.a(extendsfdf2.o)
                              main.o (__aeabi_f2d)
c:/program files (x86)/atmel/studio/7.0/toolchain/arm/arm-gnu-toolchain/bin/../lib/gcc/arm-none-eabi/6.3.1/thumb/v6-m\libgcc.a(_arm_cmpdf2.o)
                              c:/program files (x86)/atmel/studio/7.0/toolchain/arm/arm-gnu-toolchain/bin/../lib/gcc/arm-none-eabi/6.3.1/thumb/v6-m\libgcc.a(_fixunsdfsi.o) (__aeabi_dcmpge)
c:/program files (x86)/atmel/studio/7.0/toolchain/arm/arm-gnu-toolchain/bin/../lib/gcc/arm-none-eabi/6.3.1/thumb/v6-m\libgcc.a(_arm_cmpsf2.o)
                              c:/program files (x86)/atmel/studio/7.0/toolchain/arm/arm-gnu-toolchain/bin/../lib/gcc/arm-none-eabi/6.3.1/thumb/v6-m\libgcc.a(_fixunssfsi.o) (__aeabi_fcmpge)
[...]
Memory Configuration

Name             Origin             Length             Attributes
rom              0x00000000         0x00040000         xr
ram              0x20000000         0x00008000         xrw
*default*        0x00000000         0xffffffff

Linker script and memory map

LOAD c:/program files (x86)/atmel/studio/7.0/toolchain/arm/arm-gnu-toolchain/bin/../lib/gcc/arm-none-eabi/6.3.1/thumb/v6-m/crti.o
LOAD c:/program files (x86)/atmel/studio/7.0/toolchain/arm/arm-gnu-toolchain/bin/../lib/gcc/arm-none-eabi/6.3.1/thumb/v6-m/crtbegin.o
LOAD c:/program files (x86)/atmel/studio/7.0/toolchain/arm/arm-gnu-toolchain/bin/../lib/gcc/arm-none-eabi/6.3.1/../../../../arm-none-eabi/lib/thumb/v6-m/crt0.o
LOAD atmel_start.o
LOAD Device_Startup/startup_samd21.o
LOAD Device_Startup/system_samd21.o
LOAD driver_init.o
LOAD examples/driver_examples.o
LOAD hal/src/hal_atomic.o
LOAD hal/src/hal_delay.o
LOAD hal/src/hal_gpio.o
LOAD hal/src/hal_i2c_m_sync.o
LOAD hal/src/hal_init.o
LOAD hal/src/hal_io.o
LOAD hal/src/hal_sleep.o
LOAD hal/src/hal_usart_sync.o
LOAD hal/utils/src/utils_assert.o
LOAD hal/utils/src/utils_event.o
LOAD hal/utils/src/utils_list.o
LOAD hal/utils/src/utils_syscalls.o
LOAD hpl/core/hpl_core_m0plus_base.o
LOAD hpl/core/hpl_init.o
LOAD hpl/dmac/hpl_dmac.o
LOAD hpl/gclk/hpl_gclk.o
LOAD hpl/pm/hpl_pm.o
LOAD hpl/sercom/hpl_sercom.o
LOAD hpl/sysctrl/hpl_sysctrl.o
LOAD hpl/systick/hpl_systick.o
LOAD main.o
LOAD pcf857x_driver/pcf857x_driver.o
LOAD pcf857x_driver/pcf857x_driver_basic.o
LOAD pcf857x_driver/pcf857x_driver_interface.o
START GROUP
LOAD c:/program files (x86)/atmel/studio/7.0/toolchain/arm/arm-gnu-toolchain/bin/../lib/gcc/arm-none-eabi/6.3.1/../../../../arm-none-eabi/lib/thumb/v6-m\libm.a
END GROUP
START GROUP
LOAD c:/program files (x86)/atmel/studio/7.0/toolchain/arm/arm-gnu-toolchain/bin/../lib/gcc/arm-none-eabi/6.3.1/thumb/v6-m\libgcc.a
LOAD c:/program files (x86)/atmel/studio/7.0/toolchain/arm/arm-gnu-toolchain/bin/../lib/gcc/arm-none-eabi/6.3.1/../../../../arm-none-eabi/lib/thumb/v6-m\libc.a
END GROUP
LOAD c:/program files (x86)/atmel/studio/7.0/toolchain/arm/arm-gnu-toolchain/bin/../lib/gcc/arm-none-eabi/6.3.1/thumb/v6-m/crtend.o
LOAD c:/program files (x86)/atmel/studio/7.0/toolchain/arm/arm-gnu-toolchain/bin/../lib/gcc/arm-none-eabi/6.3.1/thumb/v6-m/crtn.o
                0x00002000                STACK_SIZE = DEFINED (STACK_SIZE)?STACK_SIZE:DEFINED (__stack_size__)?__stack_size__:0x2000

.text           0x00000000     0x8c28
                0x00000000                . = ALIGN (0x4)
                0x00000000                _sfixed = .
 *(.vectors .vectors.*)
 .vectors       0x00000000       0xb4 Device_Startup/startup_samd21.o
                0x00000000                exception_table
 *(.text .text.* .gnu.linkonce.t.*)
 .text          0x000000b4       0x60 c:/program files (x86)/atmel/studio/7.0/toolchain/arm/arm-gnu-toolchain/bin/../lib/gcc/arm-none-eabi/6.3.1/thumb/v6-m/crtbegin.o
 .text.atmel_start_init
                0x00000114        0xc atmel_start.o
                0x00000114                atmel_start_init
 .text.Dummy_Handler
                0x00000120        0x2 Device_Startup/startup_samd21.o
                0x00000120                SVCall_Handler
                0x00000120                DMAC_Handler
                0x00000120                HardFault_Handler
                0x00000120                AC_Handler
                0x00000120                SysTick_Handler
                0x00000120                PendSV_Handler
                0x00000120                SERCOM1_Handler
                0x00000120                ADC_Handler
                0x00000120                NonMaskableInt_Handler
                0x00000120                TCC1_Handler
                0x00000120                SERCOM2_Handler
                0x00000120                TCC0_Handler
                0x00000120                RTC_Handler
                0x00000120                EIC_Handler
                0x00000120                WDT_Handler
                0x00000120                TC4_Handler
                0x00000120                USB_Handler
                0x00000120                TC3_Handler
                0x00000120                Dummy_Handler
                0x00000120                PM_Handler
                0x00000120                SERCOM5_Handler
                0x00000120                TCC2_Handler
                0x00000120                EVSYS_Handler
                0x00000120                SERCOM3_Handler
                0x00000120                SERCOM4_Handler
                0x00000120                I2S_Handler
                0x00000120                NVMCTRL_Handler
                0x00000120                SERCOM0_Handler
                0x00000120                DAC_Handler
                0x00000120                PTC_Handler
                0x00000120                TC5_Handler
                0x00000120                SYSCTRL_Handler
 *fill*         0x00000122        0x2 
 .text.Reset_Handler
                0x00000124       0xc4 Device_Startup/startup_samd21.o
                0x00000124                Reset_Handler
 .text.I2C_0_PORT_init
                0x000001e8       0x54 driver_init.o
                0x000001e8                I2C_0_PORT_init
 .text.I2C_0_CLOCK_init
                0x0000023c       0x28 driver_init.o
                0x0000023c                I2C_0_CLOCK_init
 .text.I2C_0_init
                0x00000264       0x28 driver_init.o
                0x00000264                I2C_0_init
 .text.USART_0_PORT_init
                0x0000028c       0x44 driver_init.o
                0x0000028c                USART_0_PORT_init
 .text.USART_0_CLOCK_init
                0x000002d0       0x20 driver_init.o
                0x000002d0                USART_0_CLOCK_init
 .text.USART_0_init
                0x000002f0       0x2c driver_init.o
                0x000002f0                USART_0_init
 .text.delay_driver_init
                0x0000031c       0x14 driver_init.o
                0x0000031c                delay_driver_init
 .text.system_init
                0x00000330       0x24 driver_init.o
                0x00000330                system_init
 .text.delay_init
                0x00000354       0x14 hal/src/hal_delay.o
                0x00000354                delay_init
 .text.delay_ms
                0x00000368       0x20 hal/src/hal_delay.o
                0x00000368                delay_ms
 .text.i2c_m_sync_write
                0x00000388       0x34 hal/src/hal_i2c_m_sync.o
 .text.i2c_m_sync_read
                0x000003bc       0x34 hal/src/hal_i2c_m_sync.o
 .text.i2c_m_sync_init
                0x000003f0       0x40 hal/src/hal_i2c_m_sync.o
                0x000003f0                i2c_m_sync_init
 .text.i2c_m_sync_enable
                0x00000430        0xc hal/src/hal_i2c_m_sync.o
                0x00000430                i2c_m_sync_enable
 .text.i2c_m_sync_set_slaveaddr
                0x0000043c       0x12 hal/src/hal_i2c_m_sync.o
                0x0000043c                i2c_m_sync_set_slaveaddr
 .text.i2c_m_sync_get_io_descriptor
                0x0000044e        0x8 hal/src/hal_i2c_m_sync.o
                0x0000044e                i2c_m_sync_get_io_descriptor
 *fill*         0x00000456        0x2 
 .text.io_write
                0x00000458       0x38 hal/src/hal_io.o
                0x00000458                io_write
 .text.io_read  0x00000490       0x38 hal/src/hal_io.o
                0x00000490                io_read
 .text.usart_sync_write
                0x000004c8       0x74 hal/src/hal_usart_sync.o
 .text.usart_sync_read
                0x0000053c       0x6c hal/src/hal_usart_sync.o
 .text.usart_sync_init
                0x000005a8       0x4c hal/src/hal_usart_sync.o
                0x000005a8                usart_sync_init
 .text.usart_sync_enable
                0x000005f4       0x2c hal/src/hal_usart_sync.o
                0x000005f4                usart_sync_enable
 .text.usart_sync_get_io_descriptor
                0x00000620       0x30 hal/src/hal_usart_sync.o
                0x00000620                usart_sync_get_io_descriptor
 .text.assert   0x00000650        0x8 hal/utils/src/utils_assert.o
                0x00000650                assert
 .text._sbrk    0x00000658       0x24 hal/utils/src/utils_syscalls.o
                0x00000658                _sbrk
 .text._get_cycles_for_ms
                0x0000067c        0xc hpl/core/hpl_core_m0plus_base.o
                0x0000067c                _get_cycles_for_ms
 .text._init_chip
                0x00000688       0x34 hpl/core/hpl_init.o
                0x00000688                _init_chip
 .text._gclk_init_generators_by_fref
                0x000006bc       0x40 hpl/gclk/hpl_gclk.o
                0x000006bc                _gclk_init_generators_by_fref
 .text._pm_init
                0x000006fc       0x24 hpl/pm/hpl_pm.o
                0x000006fc                _pm_init
 .text._sercom_get_hardware_index
                0x00000720       0x10 hpl/sercom/hpl_sercom.o
 .text._get_sercom_index
                0x00000730       0x44 hpl/sercom/hpl_sercom.o
 .text._usart_init
                0x00000774       0xf0 hpl/sercom/hpl_sercom.o
 .text._get_i2cm_index
                0x00000864       0x48 hpl/sercom/hpl_sercom.o
 .text._i2c_m_sync_init_impl
                0x000008ac       0xcc hpl/sercom/hpl_sercom.o
 .text._sercom_i2c_sync_send_address
                0x00000978      0x270 hpl/sercom/hpl_sercom.o
 .text._usart_sync_init
                0x00000be8       0x2c hpl/sercom/hpl_sercom.o
                0x00000be8                _usart_sync_init
 .text._usart_sync_enable
                0x00000c14       0x12 hpl/sercom/hpl_sercom.o
                0x00000c14                _usart_sync_enable
 .text._usart_sync_write_byte
                0x00000c26        0x8 hpl/sercom/hpl_sercom.o
                0x00000c26                _usart_sync_write_byte
 .text._usart_sync_read_byte
                0x00000c2e        0x8 hpl/sercom/hpl_sercom.o
                0x00000c2e                _usart_sync_read_byte
 .text._usart_sync_is_ready_to_send
                0x00000c36        0xa hpl/sercom/hpl_sercom.o
                0x00000c36                _usart_sync_is_ready_to_send
 .text._usart_sync_is_transmit_done
                0x00000c40        0xc hpl/sercom/hpl_sercom.o
                0x00000c40                _usart_sync_is_transmit_done
 .text._usart_sync_is_byte_received
                0x00000c4c        0xc hpl/sercom/hpl_sercom.o
                0x00000c4c                _usart_sync_is_byte_received
 .text._i2c_m_sync_init
                0x00000c58       0x30 hpl/sercom/hpl_sercom.o
                0x00000c58                _i2c_m_sync_init
 .text._i2c_m_sync_enable
                0x00000c88       0x80 hpl/sercom/hpl_sercom.o
                0x00000c88                _i2c_m_sync_enable
 .text._i2c_m_sync_transfer
                0x00000d08      0x27c hpl/sercom/hpl_sercom.o
                0x00000d08                _i2c_m_sync_transfer
 .text._sysctrl_init_sources
                0x00000f84       0x18 hpl/sysctrl/hpl_sysctrl.o
                0x00000f84                _sysctrl_init_sources
 .text._sysctrl_init_referenced_generators
                0x00000f9c       0x88 hpl/sysctrl/hpl_sysctrl.o
                0x00000f9c                _sysctrl_init_referenced_generators
 .text._system_time_init
                0x00001024       0x14 hpl/systick/hpl_systick.o
                0x00001024                _system_time_init
 .text._delay_init
                0x00001038        0xc hpl/systick/hpl_systick.o
                0x00001038                _delay_init
 .text._delay_cycles
                0x00001044       0x40 hpl/systick/hpl_systick.o
                0x00001044                _delay_cycles
 .text.main     0x00001084      0x130 main.o
                0x00001084                main
 .text.serial_print
                0x000011b4       0x38 main.o
                0x000011b4                serial_print
 .text.i2c_write
                0x000011ec       0x4c main.o
                0x000011ec                i2c_write
 .text.i2c_read
                0x00001238       0x4c main.o
                0x00001238                i2c_read
 .text.a_pcf857x_i2c_write
                0x00001284       0x14 pcf857x_driver/pcf857x_driver.o
                0x00001284                a_pcf857x_i2c_write
 .text.a_pcf857x_i2c_read
                0x00001298       0x16 pcf857x_driver/pcf857x_driver.o
                0x00001298                a_pcf857x_i2c_read
 *fill*         0x000012ae        0x2 
 .text.a_pcf857x_print_error_msg
                0x000012b0       0x10 pcf857x_driver/pcf857x_driver.o
                0x000012b0                a_pcf857x_print_error_msg
 .text.pcf857x_init
                0x000012c0       0x8c pcf857x_driver/pcf857x_driver.o
                0x000012c0                pcf857x_init
 .text.pcf857x_set_addr_pin
                0x0000134c       0x2c pcf857x_driver/pcf857x_driver.o
                0x0000134c                pcf857x_set_addr_pin
 .text.pcf857x_set_variant
                0x00001378       0x34 pcf857x_driver/pcf857x_driver.o
                0x00001378                pcf857x_set_variant
 .text.pcf857x_pin_write
                0x000013ac      0x1a8 pcf857x_driver/pcf857x_driver.o
                0x000013ac                pcf857x_pin_write
 .text.pcf857x_pin_read
                0x00001554      0x110 pcf857x_driver/pcf857x_driver.o
                0x00001554                pcf857x_pin_read
 .text.pcf857x_pin_toggle
                0x00001664       0x68 pcf857x_driver/pcf857x_driver.o
                0x00001664                pcf857x_pin_toggle
 .text.pcf857x_info
                0x000016cc       0x74 pcf857x_driver/pcf857x_driver.o
                0x000016cc                pcf857x_info
 .text.pcf857x_basic_initialize
                0x00001740       0xcc pcf857x_driver/pcf857x_driver_basic.o
                0x00001740                pcf857x_basic_initialize
 .text.pcf857x_basic_gpio_toggle
                0x0000180c       0x1c pcf857x_driver/pcf857x_driver_basic.o
                0x0000180c                pcf857x_basic_gpio_toggle
 .text.pcf857x_interface_i2c_init
                0x00001828        0x4 pcf857x_driver/pcf857x_driver_interface.o
                0x00001828                pcf857x_interface_i2c_init
 .text.pcf857x_interface_i2c_deinit
                0x0000182c        0x4 pcf857x_driver/pcf857x_driver_interface.o
                0x0000182c                pcf857x_interface_i2c_deinit
 .text.pcf857x_interface_delay_ms
                0x00001830        0xc pcf857x_driver/pcf857x_driver_interface.o
                0x00001830                pcf857x_interface_delay_ms
 .text.pcf857x_interface_debug_print
                0x0000183c       0x58 pcf857x_driver/pcf857x_driver_interface.o
                0x0000183c                pcf857x_interface_debug_print
 .text.pcf857x_interface_i2c_read
                0x00001894       0x28 pcf857x_driver/pcf857x_driver_interface.o
                0x00001894                pcf857x_interface_i2c_read
 .text.pcf857x_interface_i2c_write
                0x000018bc       0x28 pcf857x_driver/pcf857x_driver_interface.o
                0x000018bc                pcf857x_interface_i2c_write
 .text          0x000018e4      0x114 c:/program files (x86)/atmel/studio/7.0/toolchain/arm/arm-gnu-toolchain/bin/../lib/gcc/arm-none-eabi/6.3.1/thumb/v6-m\libgcc.a(_udivsi3.o)
                0x000018e4                __aeabi_uidiv
                0x000018e4                __udivsi3
                0x000019f0                __aeabi_uidivmod
 .text          0x000019f8        0x4 c:/program files (x86)/atmel/studio/7.0/toolchain/arm/arm-gnu-toolchain/bin/../lib/gcc/arm-none-eabi/6.3.1/thumb/v6-m\libgcc.a(_dvmd_tls.o)
                0x000019f8                __aeabi_idiv0
                0x000019f8                __aeabi_ldiv0
 .text          0x000019fc       0x40 c:/program files (x86)/atmel/studio/7.0/toolchain/arm/arm-gnu-toolchain/bin/../lib/gcc/arm-none-eabi/6.3.1/thumb/v6-m\libgcc.a(_aeabi_uldivmod.o)
                0x000019fc                __aeabi_uldivmod
 .text          0x00001a3c       0x30 c:/program files (x86)/atmel/studio/7.0/toolchain/arm/arm-gnu-toolchain/bin/../lib/gcc/arm-none-eabi/6.3.1/thumb/v6-m\libgcc.a(_fixunssfsi.o)
                0x00001a3c                __fixunssfsi
                0x00001a3c                __aeabi_f2uiz
 .text          0x00001a6c      0x180 c:/program files (x86)/atmel/studio/7.0/toolchain/arm/arm-gnu-toolchain/bin/../lib/gcc/arm-none-eabi/6.3.1/thumb/v6-m\libgcc.a(_udivmoddi4.o)
                0x00001a6c                __udivmoddi4
 .text          0x00001bec      0x290 c:/program files (x86)/atmel/studio/7.0/toolchain/arm/arm-gnu-toolchain/bin/../lib/gcc/arm-none-eabi/6.3.1/thumb/v6-m\libgcc.a(divsf3.o)
                0x00001bec                __aeabi_fdiv
 .text          0x00001e7c      0x338 c:/program files (x86)/atmel/studio/7.0/toolchain/arm/arm-gnu-toolchain/bin/../lib/gcc/arm-none-eabi/6.3.1/thumb/v6-m\libgcc.a(subsf3.o)
                0x00001e7c                __aeabi_fsub
 .text          0x000021b4       0x40 c:/program files (x86)/atmel/studio/7.0/toolchain/arm/arm-gnu-toolchain/bin/../lib/gcc/arm-none-eabi/6.3.1/thumb/v6-m\libgcc.a(fixsfsi.o)
                0x000021b4                __aeabi_f2iz
 .text          0x000021f4       0xa0 c:/program files (x86)/atmel/studio/7.0/toolchain/arm/arm-gnu-toolchain/bin/../lib/gcc/arm-none-eabi/6.3.1/thumb/v6-m\libgcc.a(floatsisf.o)
                0x000021f4                __aeabi_i2f
 .text          0x00002294      0x668 c:/program files (x86)/atmel/studio/7.0/toolchain/arm/arm-gnu-toolchain/bin/../lib/gcc/arm-none-eabi/6.3.1/thumb/v6-m\libgcc.a(divdf3.o)
                0x00002294                __aeabi_ddiv
 .text          0x000028fc      0x500 c:/program files (x86)/atmel/studio/7.0/toolchain/arm/arm-gnu-toolchain/bin/../lib/gcc/arm-none-eabi/6.3.1/thumb/v6-m\libgcc.a(muldf3.o)
                0x000028fc                __aeabi_dmul
 .text          0x00002dfc      0x62c c:/program files (x86)/atmel/studio/7.0/toolchain/arm/arm-gnu-toolchain/bin/../lib/gcc/arm-none-eabi/6.3.1/thumb/v6-m\libgcc.a(subdf3.o)
                0x00002dfc                __aeabi_dsub
 .text          0x00003428       0x68 c:/program files (x86)/atmel/studio/7.0/toolchain/arm/arm-gnu-toolchain/bin/../lib/gcc/arm-none-eabi/6.3.1/thumb/v6-m\libgcc.a(fixdfsi.o)
                0x00003428                __aeabi_d2iz
 .text          0x00003490       0x84 c:/program files (x86)/atmel/studio/7.0/toolchain/arm/arm-gnu-toolchain/bin/../lib/gcc/arm-none-eabi/6.3.1/thumb/v6-m\libgcc.a(floatsidf.o)
                0x00003490                __aeabi_i2d
 .text          0x00003514       0x70 c:/program files (x86)/atmel/studio/7.0/toolchain/arm/arm-gnu-toolchain/bin/../lib/gcc/arm-none-eabi/6.3.1/thumb/v6-m\libgcc.a(floatunsidf.o)
                0x00003514                __aeabi_ui2d
 .text          0x00003584       0xa4 c:/program files (x86)/atmel/studio/7.0/toolchain/arm/arm-gnu-toolchain/bin/../lib/gcc/arm-none-eabi/6.3.1/thumb/v6-m\libgcc.a(extendsfdf2.o)
                0x00003584                __aeabi_f2d
 .text          0x00003628       0x7c c:/program files (x86)/atmel/studio/7.0/toolchain/arm/arm-gnu-toolchain/bin/../lib/gcc/arm-none-eabi/6.3.1/thumb/v6-m\libgcc.a(_arm_cmpdf2.o)
                0x00003628                __aeabi_cdrcmple
                0x00003638                __aeabi_cdcmple
                0x00003638                __aeabi_cdcmpeq
                0x00003648                __aeabi_dcmpeq
                0x00003654                __aeabi_dcmplt
                0x00003668                __aeabi_dcmple
                0x0000367c                __aeabi_dcmpgt
                0x00003690                __aeabi_dcmpge
 .text          0x000036a4       0x74 c:/program files (x86)/atmel/studio/7.0/toolchain/arm/arm-gnu-toolchain/bin/../lib/gcc/arm-none-eabi/6.3.1/thumb/v6-m\libgcc.a(_arm_cmpsf2.o)
                0x000036a4                __aeabi_cfrcmple
                0x000036ac                __aeabi_cfcmpeq
                0x000036ac                __aeabi_cfcmple
                0x000036bc                __aeabi_fcmpeq
                0x000036c8                __aeabi_fcmplt
                0x000036dc                __aeabi_fcmple
                0x000036f0                __aeabi_fcmpgt
                0x00003704                __aeabi_fcmpge
 .text          0x00003718       0x3c c:/program files (x86)/atmel/studio/7.0/toolchain/arm/arm-gnu-toolchain/bin/../lib/gcc/arm-none-eabi/6.3.1/thumb/v6-m\libgcc.a(_clzsi2.o)
                0x00003718                __clzsi2
 .text          0x00003754       0x18 c:/program files (x86)/atmel/studio/7.0/toolchain/arm/arm-gnu-toolchain/bin/../lib/gcc/arm-none-eabi/6.3.1/thumb/v6-m\libgcc.a(_clzdi2.o)
                0x00003754                __clzdi2
 .text          0x0000376c       0x4c c:/program files (x86)/atmel/studio/7.0/toolchain/arm/arm-gnu-toolchain/bin/../lib/gcc/arm-none-eabi/6.3.1/thumb/v6-m\libgcc.a(eqsf2.o)
                0x0000376c                __eqsf2
                0x0000376c                __nesf2
 .text          0x000037b8       0x80 c:/program files (x86)/atmel/studio/7.0/toolchain/arm/arm-gnu-toolchain/bin/../lib/gcc/arm-none-eabi/6.3.1/thumb/v6-m\libgcc.a(gesf2.o)
                0x000037b8                __gesf2
                0x000037b8                __gtsf2
 .text          0x00003838       0x84 c:/program files (x86)/atmel/studio/7.0/toolchain/arm/arm-gnu-toolchain/bin/../lib/gcc/arm-none-eabi/6.3.1/thumb/v6-m\libgcc.a(lesf2.o)
                0x00003838                __ltsf2
                0x00003838                __lesf2
 .text          0x000038bc       0x74 c:/program files (x86)/atmel/studio/7.0/toolchain/arm/arm-gnu-toolchain/bin/../lib/gcc/arm-none-eabi/6.3.1/thumb/v6-m\libgcc.a(eqdf2.o)
                0x000038bc                __nedf2
                0x000038bc                __eqdf2
 .text          0x00003930       0xc8 c:/program files (x86)/atmel/studio/7.0/toolchain/arm/arm-gnu-toolchain/bin/../lib/gcc/arm-none-eabi/6.3.1/thumb/v6-m\libgcc.a(gedf2.o)
                0x00003930                __gedf2
                0x00003930                __gtdf2
 .text          0x000039f8       0xc4 c:/program files (x86)/atmel/studio/7.0/toolchain/arm/arm-gnu-toolchain/bin/../lib/gcc/arm-none-eabi/6.3.1/thumb/v6-m\libgcc.a(ledf2.o)
                0x000039f8                __ledf2
                0x000039f8                __ltdf2
 .text.__libc_init_array
                0x00003abc       0x48 c:/program files (x86)/atmel/studio/7.0/toolchain/arm/arm-gnu-toolchain/bin/../lib/gcc/arm-none-eabi/6.3.1/../../../../arm-none-eabi/lib/thumb/v6-m\libc.a(lib_a-init.o)
                0x00003abc                __libc_init_array
 .text.memset   0x00003b04       0x94 c:/program files (x86)/atmel/studio/7.0/toolchain/arm/arm-gnu-toolchain/bin/../lib/gcc/arm-none-eabi/6.3.1/../../../../arm-none-eabi/lib/thumb/v6-m\libc.a(lib_a-memset.o)
                0x00003b04                memset
 .text.strlen   0x00003b98       0x64 c:/program files (x86)/atmel/studio/7.0/toolchain/arm/arm-gnu-toolchain/bin/../lib/gcc/arm-none-eabi/6.3.1/../../../../arm-none-eabi/lib/thumb/v6-m\libc.a(lib_a-strlen-stub.o)
                0x00003b98                strlen
 .text.strncpy  0x00003bfc       0x78 c:/program files (x86)/atmel/studio/7.0/toolchain/arm/arm-gnu-toolchain/bin/../lib/gcc/arm-none-eabi/6.3.1/../../../../arm-none-eabi/lib/thumb/v6-m\libc.a(lib_a-strncpy.o)
                0x00003bfc                strncpy
 .text._vsnprintf_r
                0x00003c74       0x74 c:/program files (x86)/atmel/studio/7.0/toolchain/arm/arm-gnu-toolchain/bin/../lib/gcc/arm-none-eabi/6.3.1/../../../../arm-none-eabi/lib/thumb/v6-m\libc.a(lib_a-vsnprintf.o)
                0x00003c74                _vsnprintf_r
 .text.vsnprintf
                0x00003ce8       0x20 c:/program files (x86)/atmel/studio/7.0/toolchain/arm/arm-gnu-toolchain/bin/../lib/gcc/arm-none-eabi/6.3.1/../../../../arm-none-eabi/lib/thumb/v6-m\libc.a(lib_a-vsnprintf.o)
                0x00003ce8                vsnprintf
 .text.startup.register_fini
                0x00003d08       0x18 c:/program files (x86)/atmel/studio/7.0/toolchain/arm/arm-gnu-toolchain/bin/../lib/gcc/arm-none-eabi/6.3.1/../../../../arm-none-eabi/lib/thumb/v6-m\libc.a(lib_a-__call_atexit.o)
 .text.atexit   0x00003d20       0x10 c:/program files (x86)/atmel/studio/7.0/toolchain/arm/arm-gnu-toolchain/bin/../lib/gcc/arm-none-eabi/6.3.1/../../../../arm-none-eabi/lib/thumb/v6-m\libc.a(lib_a-atexit.o)
                0x00003d20                atexit
 .text.quorem   0x00003d30      0x154 c:/program files (x86)/atmel/studio/7.0/toolchain/arm/arm-gnu-toolchain/bin/../lib/gcc/arm-none-eabi/6.3.1/../../../../arm-none-eabi/lib/thumb/v6-m\libc.a(lib_a-dtoa.o)
 .text._dtoa_r  0x00003e84      0xf88 c:/program files (x86)/atmel/studio/7.0/toolchain/arm/arm-gnu-toolchain/bin/../lib/gcc/arm-none-eabi/6.3.1/../../../../arm-none-eabi/lib/thumb/v6-m\libc.a(lib_a-dtoa.o)
                0x00003e84                _dtoa_r
 .text.__libc_fini_array
                0x00004e0c       0x34 c:/program files (x86)/atmel/studio/7.0/toolchain/arm/arm-gnu-toolchain/bin/../lib/gcc/arm-none-eabi/6.3.1/../../../../arm-none-eabi/lib/thumb/v6-m\libc.a(lib_a-fini.o)
                0x00004e0c                __libc_fini_array
 .text._malloc_trim_r
                0x00004e40       0xa0 c:/program files (x86)/atmel/studio/7.0/toolchain/arm/arm-gnu-toolchain/bin/../lib/gcc/arm-none-eabi/6.3.1/../../../../arm-none-eabi/lib/thumb/v6-m\libc.a(lib_a-freer.o)
                0x00004e40                _malloc_trim_r
 .text._free_r  0x00004ee0      0x1bc c:/program files (x86)/atmel/studio/7.0/toolchain/arm/arm-gnu-toolchain/bin/../lib/gcc/arm-none-eabi/6.3.1/../../../../arm-none-eabi/lib/thumb/v6-m\libc.a(lib_a-freer.o)
                0x00004ee0                _free_r
 .text._localeconv_r
                0x0000509c       0x1c c:/program files (x86)/atmel/studio/7.0/toolchain/arm/arm-gnu-toolchain/bin/../lib/gcc/arm-none-eabi/6.3.1/../../../../arm-none-eabi/lib/thumb/v6-m\libc.a(lib_a-localeconv.o)
                0x0000509c                _localeconv_r
 .text.__retarget_lock_acquire_recursive
                0x000050b8        0x4 c:/program files (x86)/atmel/studio/7.0/toolchain/arm/arm-gnu-toolchain/bin/../lib/gcc/arm-none-eabi/6.3.1/../../../../arm-none-eabi/lib/thumb/v6-m\libc.a(lib_a-lock.o)
                0x000050b8                __retarget_lock_acquire_recursive
 .text.__retarget_lock_release_recursive
                0x000050bc        0x4 c:/program files (x86)/atmel/studio/7.0/toolchain/arm/arm-gnu-toolchain/bin/../lib/gcc/arm-none-eabi/6.3.1/../../../../arm-none-eabi/lib/thumb/v6-m\libc.a(lib_a-lock.o)
                0x000050bc                __retarget_lock_release_recursive
 .text._malloc_r
                0x000050c0      0x568 c:/program files (x86)/atmel/studio/7.0/toolchain/arm/arm-gnu-toolchain/bin/../lib/gcc/arm-none-eabi/6.3.1/../../../../arm-none-eabi/lib/thumb/v6-m\libc.a(lib_a-mallocr.o)
                0x000050c0                _malloc_r
 .text.memchr   0x00005628       0x80 c:/program files (x86)/atmel/studio/7.0/toolchain/arm/arm-gnu-toolchain/bin/../lib/gcc/arm-none-eabi/6.3.1/../../../../arm-none-eabi/lib/thumb/v6-m\libc.a(lib_a-memchr-stub.o)
                0x00005628                memchr
 .text.memcpy   0x000056a8       0x84 c:/program files (x86)/atmel/studio/7.0/toolchain/arm/arm-gnu-toolchain/bin/../lib/gcc/arm-none-eabi/6.3.1/../../../../arm-none-eabi/lib/thumb/v6-m\libc.a(lib_a-memcpy-stub.o)
                0x000056a8                memcpy
 .text.__malloc_lock
                0x0000572c       0x10 c:/program files (x86)/atmel/studio/7.0/toolchain/arm/arm-gnu-toolchain/bin/../lib/gcc/arm-none-eabi/6.3.1/../../../../arm-none-eabi/lib/thumb/v6-m\libc.a(lib_a-mlock.o)
                0x0000572c                __malloc_lock
 .text.__malloc_unlock
                0x0000573c       0x10 c:/program files (x86)/atmel/studio/7.0/toolchain/arm/arm-gnu-toolchain/bin/../lib/gcc/arm-none-eabi/6.3.1/../../../../arm-none-eabi/lib/thumb/v6-m\libc.a(lib_a-mlock.o)
                0x0000573c                __malloc_unlock
 .text._Balloc  0x0000574c       0x50 c:/program files (x86)/atmel/studio/7.0/toolchain/arm/arm-gnu-toolchain/bin/../lib/gcc/arm-none-eabi/6.3.1/../../../../arm-none-eabi/lib/thumb/v6-m\libc.a(lib_a-mprec.o)
                0x0000574c                _Balloc
 .text._Bfree   0x0000579c       0x14 c:/program files (x86)/atmel/studio/7.0/toolchain/arm/arm-gnu-toolchain/bin/../lib/gcc/arm-none-eabi/6.3.1/../../../../arm-none-eabi/lib/thumb/v6-m\libc.a(lib_a-mprec.o)
                0x0000579c                _Bfree
 .text.__multadd
                0x000057b0       0x8c c:/program files (x86)/atmel/studio/7.0/toolchain/arm/arm-gnu-toolchain/bin/../lib/gcc/arm-none-eabi/6.3.1/../../../../arm-none-eabi/lib/thumb/v6-m\libc.a(lib_a-mprec.o)
                0x000057b0                __multadd
 .text.__hi0bits
                0x0000583c       0x34 c:/program files (x86)/atmel/studio/7.0/toolchain/arm/arm-gnu-toolchain/bin/../lib/gcc/arm-none-eabi/6.3.1/../../../../arm-none-eabi/lib/thumb/v6-m\libc.a(lib_a-mprec.o)
                0x0000583c                __hi0bits
 .text.__lo0bits
                0x00005870       0x5c c:/program files (x86)/atmel/studio/7.0/toolchain/arm/arm-gnu-toolchain/bin/../lib/gcc/arm-none-eabi/6.3.1/../../../../arm-none-eabi/lib/thumb/v6-m\libc.a(lib_a-mprec.o)
                0x00005870                __lo0bits
 .text.__i2b    0x000058cc       0x14 c:/program files (x86)/atmel/studio/7.0/toolchain/arm/arm-gnu-toolchain/bin/../lib/gcc/arm-none-eabi/6.3.1/../../../../arm-none-eabi/lib/thumb/v6-m\libc.a(lib_a-mprec.o)
                0x000058cc                __i2b
 .text.__multiply
                0x000058e0      0x154 c:/program files (x86)/atmel/studio/7.0/toolchain/arm/arm-gnu-toolchain/bin/../lib/gcc/arm-none-eabi/6.3.1/../../../../arm-none-eabi/lib/thumb/v6-m\libc.a(lib_a-mprec.o)
                0x000058e0                __multiply
 .text.__pow5mult
                0x00005a34       0xc0 c:/program files (x86)/atmel/studio/7.0/toolchain/arm/arm-gnu-toolchain/bin/../lib/gcc/arm-none-eabi/6.3.1/../../../../arm-none-eabi/lib/thumb/v6-m\libc.a(lib_a-mprec.o)
                0x00005a34                __pow5mult
 .text.__lshift
                0x00005af4       0xc0 c:/program files (x86)/atmel/studio/7.0/toolchain/arm/arm-gnu-toolchain/bin/../lib/gcc/arm-none-eabi/6.3.1/../../../../arm-none-eabi/lib/thumb/v6-m\libc.a(lib_a-mprec.o)
                0x00005af4                __lshift
 .text.__mcmp   0x00005bb4       0x34 c:/program files (x86)/atmel/studio/7.0/toolchain/arm/arm-gnu-toolchain/bin/../lib/gcc/arm-none-eabi/6.3.1/../../../../arm-none-eabi/lib/thumb/v6-m\libc.a(lib_a-mprec.o)
                0x00005bb4                __mcmp
 .text.__mdiff  0x00005be8      0x138 c:/program files (x86)/atmel/studio/7.0/toolchain/arm/arm-gnu-toolchain/bin/../lib/gcc/arm-none-eabi/6.3.1/../../../../arm-none-eabi/lib/thumb/v6-m\libc.a(lib_a-mprec.o)
                0x00005be8                __mdiff
 .text.__d2b    0x00005d20       0xbc c:/program files (x86)/atmel/studio/7.0/toolchain/arm/arm-gnu-toolchain/bin/../lib/gcc/arm-none-eabi/6.3.1/../../../../arm-none-eabi/lib/thumb/v6-m\libc.a(lib_a-mprec.o)
                0x00005d20                __d2b
 .text._sbrk_r  0x00005ddc       0x24 c:/program files (x86)/atmel/studio/7.0/toolchain/arm/arm-gnu-toolchain/bin/../lib/gcc/arm-none-eabi/6.3.1/../../../../arm-none-eabi/lib/thumb/v6-m\libc.a(lib_a-sbrkr.o)
                0x00005ddc                _sbrk_r
 .text._svfprintf_r
                0x00005e00     0x1608 c:/program files (x86)/atmel/studio/7.0/toolchain/arm/arm-gnu-toolchain/bin/../lib/gcc/arm-none-eabi/6.3.1/../../../../arm-none-eabi/lib/thumb/v6-m\libc.a(lib_a-svfprintf.o)
                0x00005e00                _svfprintf_r
 .text.__register_exitproc
                0x00007408       0xf4 c:/program files (x86)/atmel/studio/7.0/toolchain/arm/arm-gnu-toolchain/bin/../lib/gcc/arm-none-eabi/6.3.1/../../../../arm-none-eabi/lib/thumb/v6-m\libc.a(lib_a-__atexit.o)
                0x00007408                __register_exitproc
 .text._calloc_r
                0x000074fc       0x58 c:/program files (x86)/atmel/studio/7.0/toolchain/arm/arm-gnu-toolchain/bin/../lib/gcc/arm-none-eabi/6.3.1/../../../../arm-none-eabi/lib/thumb/v6-m\libc.a(lib_a-callocr.o)
                0x000074fc                _calloc_r
 .text.__ascii_mbtowc
                0x00007554       0x2c c:/program files (x86)/atmel/studio/7.0/toolchain/arm/arm-gnu-toolchain/bin/../lib/gcc/arm-none-eabi/6.3.1/../../../../arm-none-eabi/lib/thumb/v6-m\libc.a(lib_a-mbtowc_r.o)
                0x00007554                __ascii_mbtowc
 .text.memmove  0x00007580       0xa0 c:/program files (x86)/atmel/studio/7.0/toolchain/arm/arm-gnu-toolchain/bin/../lib/gcc/arm-none-eabi/6.3.1/../../../../arm-none-eabi/lib/thumb/v6-m\libc.a(lib_a-memmove.o)
                0x00007580                memmove
 .text._realloc_r
                0x00007620      0x37c c:/program files (x86)/atmel/studio/7.0/toolchain/arm/arm-gnu-toolchain/bin/../lib/gcc/arm-none-eabi/6.3.1/../../../../arm-none-eabi/lib/thumb/v6-m\libc.a(lib_a-reallocr.o)
                0x00007620                _realloc_r
 .text.__ssprint_r
                0x0000799c      0x120 c:/program files (x86)/atmel/studio/7.0/toolchain/arm/arm-gnu-toolchain/bin/../lib/gcc/arm-none-eabi/6.3.1/../../../../arm-none-eabi/lib/thumb/v6-m\libc.a(lib_a-svfiprintf.o)
                0x0000799c                __ssprint_r
 .text.__ascii_wctomb
                0x00007abc       0x1c c:/program files (x86)/atmel/studio/7.0/toolchain/arm/arm-gnu-toolchain/bin/../lib/gcc/arm-none-eabi/6.3.1/../../../../arm-none-eabi/lib/thumb/v6-m\libc.a(lib_a-wctomb_r.o)
                0x00007abc                __ascii_wctomb
 .text          0x00007ad8      0x1d4 c:/program files (x86)/atmel/studio/7.0/toolchain/arm/arm-gnu-toolchain/bin/../lib/gcc/arm-none-eabi/6.3.1/thumb/v6-m\libgcc.a(_divsi3.o)
                0x00007ad8                __divsi3
                0x00007ad8                __aeabi_idiv
                0x00007ca4                __aeabi_idivmod
 .text          0x00007cac      0x620 c:/program files (x86)/atmel/studio/7.0/toolchain/arm/arm-gnu-toolchain/bin/../lib/gcc/arm-none-eabi/6.3.1/thumb/v6-m\libgcc.a(adddf3.o)
                0x00007cac                __aeabi_dadd
 .text          0x000082cc       0x40 c:/program files (x86)/atmel/studio/7.0/toolchain/arm/arm-gnu-toolchain/bin/../lib/gcc/arm-none-eabi/6.3.1/thumb/v6-m\libgcc.a(unorddf2.o)
                0x000082cc                __aeabi_dcmpun
 *(.glue_7t)
 .glue_7t       0x0000830c        0x0 linker stubs
 *(.glue_7)
 .glue_7        0x0000830c        0x0 linker stubs
 *(.rodata .rodata* .gnu.linkonce.r.*)
 .rodata.str1.4
                0x0000830c       0x1c hal/src/hal_i2c_m_sync.o
 .rodata.str1.4
                0x00008328       0x14 hal/src/hal_io.o
 .rodata.str1.4
                0x0000833c       0x1c hal/src/hal_usart_sync.o
 .rodata        0x00008358       0x4d hpl/sercom/hpl_sercom.o
 *fill*         0x000083a5        0x3 
 .rodata.str1.4
                0x000083a8       0x1b hpl/sercom/hpl_sercom.o
 *fill*         0x000083c3        0x1 
 .rodata.str1.4
                0x000083c4      0x13d main.o
 *fill*         0x00008501        0x3 
 .rodata        0x00008504       0x20 pcf857x_driver/pcf857x_driver.o
 .rodata.str1.4
                0x00008524      0x18c pcf857x_driver/pcf857x_driver.o
 .rodata.str1.4
                0x000086b0       0x30 pcf857x_driver/pcf857x_driver_basic.o
 .rodata.str1.4
                0x000086e0       0x33 pcf857x_driver/pcf857x_driver_interface.o
 *fill*         0x00008713        0x1 
 .rodata        0x00008714       0x80 c:/program files (x86)/atmel/studio/7.0/toolchain/arm/arm-gnu-toolchain/bin/../lib/gcc/arm-none-eabi/6.3.1/thumb/v6-m\libgcc.a(divsf3.o)
 .rodata        0x00008794       0x40 c:/program files (x86)/atmel/studio/7.0/toolchain/arm/arm-gnu-toolchain/bin/../lib/gcc/arm-none-eabi/6.3.1/thumb/v6-m\libgcc.a(divdf3.o)
 .rodata        0x000087d4       0x40 c:/program files (x86)/atmel/studio/7.0/toolchain/arm/arm-gnu-toolchain/bin/../lib/gcc/arm-none-eabi/6.3.1/thumb/v6-m\libgcc.a(muldf3.o)
 .rodata._global_impure_ptr
                0x00008814        0x4 c:/program files (x86)/atmel/studio/7.0/toolchain/arm/arm-gnu-toolchain/bin/../lib/gcc/arm-none-eabi/6.3.1/../../../../arm-none-eabi/lib/thumb/v6-m\libc.a(lib_a-impure.o)
                0x00008814                _global_impure_ptr
 .rodata._dtoa_r.str1.4
                0x00008818       0x12 c:/program files (x86)/atmel/studio/7.0/toolchain/arm/arm-gnu-toolchain/bin/../lib/gcc/arm-none-eabi/6.3.1/../../../../arm-none-eabi/lib/thumb/v6-m\libc.a(lib_a-dtoa.o)
 *fill*         0x0000882a        0x6 
 .rodata.__mprec_bigtens
                0x00008830       0x28 c:/program files (x86)/atmel/studio/7.0/toolchain/arm/arm-gnu-toolchain/bin/../lib/gcc/arm-none-eabi/6.3.1/../../../../arm-none-eabi/lib/thumb/v6-m\libc.a(lib_a-mprec.o)
                0x00008830                __mprec_bigtens
 .rodata.__mprec_tens
                0x00008858       0xc8 c:/program files (x86)/atmel/studio/7.0/toolchain/arm/arm-gnu-toolchain/bin/../lib/gcc/arm-none-eabi/6.3.1/../../../../arm-none-eabi/lib/thumb/v6-m\libc.a(lib_a-mprec.o)
                0x00008858                __mprec_tens
 .rodata.p05.6055
                0x00008920        0xc c:/program files (x86)/atmel/studio/7.0/toolchain/arm/arm-gnu-toolchain/bin/../lib/gcc/arm-none-eabi/6.3.1/../../../../arm-none-eabi/lib/thumb/v6-m\libc.a(lib_a-mprec.o)
 .rodata._svfprintf_r
                0x0000892c      0x164 c:/program files (x86)/atmel/studio/7.0/toolchain/arm/arm-gnu-toolchain/bin/../lib/gcc/arm-none-eabi/6.3.1/../../../../arm-none-eabi/lib/thumb/v6-m\libc.a(lib_a-svfprintf.o)
 .rodata._svfprintf_r.str1.4
                0x00008a90       0x3f c:/program files (x86)/atmel/studio/7.0/toolchain/arm/arm-gnu-toolchain/bin/../lib/gcc/arm-none-eabi/6.3.1/../../../../arm-none-eabi/lib/thumb/v6-m\libc.a(lib_a-svfprintf.o)
                                 0x42 (size before relaxing)
 *fill*         0x00008acf        0x1 
 .rodata.blanks.7223
                0x00008ad0       0x10 c:/program files (x86)/atmel/studio/7.0/toolchain/arm/arm-gnu-toolchain/bin/../lib/gcc/arm-none-eabi/6.3.1/../../../../arm-none-eabi/lib/thumb/v6-m\libc.a(lib_a-svfprintf.o)
 .rodata.zeroes.7224
                0x00008ae0       0x10 c:/program files (x86)/atmel/studio/7.0/toolchain/arm/arm-gnu-toolchain/bin/../lib/gcc/arm-none-eabi/6.3.1/../../../../arm-none-eabi/lib/thumb/v6-m\libc.a(lib_a-svfprintf.o)
 .rodata._setlocale_r.str1.4
                0x00008af0        0xa c:/program files (x86)/atmel/studio/7.0/toolchain/arm/arm-gnu-toolchain/bin/../lib/gcc/arm-none-eabi/6.3.1/../../../../arm-none-eabi/lib/thumb/v6-m\libc.a(lib_a-locale.o)
                                  0xd (size before relaxing)
 *fill*         0x00008afa        0x2 
 .rodata.str1.4
                0x00008afc        0x4 c:/program files (x86)/atmel/studio/7.0/toolchain/arm/arm-gnu-toolchain/bin/../lib/gcc/arm-none-eabi/6.3.1/../../../../arm-none-eabi/lib/thumb/v6-m\libc.a(lib_a-locale.o)
                                  0x2 (size before relaxing)
 .rodata._ctype_
                0x00008b00      0x101 c:/program files (x86)/atmel/studio/7.0/toolchain/arm/arm-gnu-toolchain/bin/../lib/gcc/arm-none-eabi/6.3.1/../../../../arm-none-eabi/lib/thumb/v6-m\libc.a(lib_a-ctype_.o)
                0x00008b00                _ctype_
 *(.ARM.extab* .gnu.linkonce.armextab.*)
                0x00008c04                . = ALIGN (0x4)
 *fill*         0x00008c01        0x3 
 *(.init)
 .init          0x00008c04        0x4 c:/program files (x86)/atmel/studio/7.0/toolchain/arm/arm-gnu-toolchain/bin/../lib/gcc/arm-none-eabi/6.3.1/thumb/v6-m/crti.o
                0x00008c04                _init
 .init          0x00008c08        0x8 c:/program files (x86)/atmel/studio/7.0/toolchain/arm/arm-gnu-toolchain/bin/../lib/gcc/arm-none-eabi/6.3.1/thumb/v6-m/crtn.o
                0x00008c10                . = ALIGN (0x4)
                0x00008c10                __preinit_array_start = .
 *(.preinit_array)
                0x00008c10                __preinit_array_end = .
                0x00008c10                . = ALIGN (0x4)
                0x00008c10                __init_array_start = .
 *(SORT(.init_array.*))
 .init_array.00000
                0x00008c10        0x4 c:/program files (x86)/atmel/studio/7.0/toolchain/arm/arm-gnu-toolchain/bin/../lib/gcc/arm-none-eabi/6.3.1/../../../../arm-none-eabi/lib/thumb/v6-m\libc.a(lib_a-__call_atexit.o)
 *(.init_array)
 .init_array    0x00008c14        0x4 c:/program files (x86)/atmel/studio/7.0/toolchain/arm/arm-gnu-toolchain/bin/../lib/gcc/arm-none-eabi/6.3.1/thumb/v6-m/crtbegin.o
                0x00008c18                __init_array_end = .
                0x00008c18                . = ALIGN (0x4)
 *crtbegin.o(.ctors)
 *(EXCLUDE_FILE(*crtend.o) .ctors)
 *(SORT(.ctors.*))
 *crtend.o(.ctors)
                0x00008c18                . = ALIGN (0x4)
 *(.fini)
 .fini          0x00008c18        0x4 c:/program files (x86)/atmel/studio/7.0/toolchain/arm/arm-gnu-toolchain/bin/../lib/gcc/arm-none-eabi/6.3.1/thumb/v6-m/crti.o
                0x00008c18                _fini
 .fini          0x00008c1c        0x8 c:/program files (x86)/atmel/studio/7.0/toolchain/arm/arm-gnu-toolchain/bin/../lib/gcc/arm-none-eabi/6.3.1/thumb/v6-m/crtn.o
                0x00008c24                . = ALIGN (0x4)
                0x00008c24                __fini_array_start = .
 *(.fini_array)
 .fini_array    0x00008c24        0x4 c:/program files (x86)/atmel/studio/7.0/toolchain/arm/arm-gnu-toolchain/bin/../lib/gcc/arm-none-eabi/6.3.1/thumb/v6-m/crtbegin.o
 *(SORT(.fini_array.*))
                0x00008c28                __fini_array_end = .
 *crtbegin.o(.dtors)
 *(EXCLUDE_FILE(*crtend.o) .dtors)
 *(SORT(.dtors.*))
 *crtend.o(.dtors)
                0x00008c28                . = ALIGN (0x4)
                0x00008c28                _efixed = .
                [!provide]                PROVIDE (__exidx_start, .)

.vfp11_veneer   0x00008c28        0x0
 .vfp11_veneer  0x00008c28        0x0 linker stubs

.v4_bx          0x00008c28        0x0
 .v4_bx         0x00008c28        0x0 linker stubs

.iplt           0x00008c28        0x0
 .iplt          0x00008c28        0x0 c:/program files (x86)/atmel/studio/7.0/toolchain/arm/arm-gnu-toolchain/bin/../lib/gcc/arm-none-eabi/6.3.1/thumb/v6-m/crtbegin.o

.ARM.exidx      0x00008c28        0x8
 *(.ARM.exidx* .gnu.linkonce.armexidx.*)
 .ARM.exidx     0x00008c28        0x8 c:/program files (x86)/atmel/studio/7.0/toolchain/arm/arm-gnu-toolchain/bin/../lib/gcc/arm-none-eabi/6.3.1/thumb/v6-m\libgcc.a(_udivmoddi4.o)
                [!provide]                PROVIDE (__exidx_end, .)

.eh_frame       0x00008c30        0x0
 .eh_frame      0x00008c30        0x0 c:/program files (x86)/atmel/studio/7.0/toolchain/arm/arm-gnu-toolchain/bin/../lib/gcc/arm-none-eabi/6.3.1/thumb/v6-m/crtbegin.o

.rel.dyn        0x00008c30        0x0
 .rel.iplt      0x00008c30        0x0 c:/program files (x86)/atmel/studio/7.0/toolchain/arm/arm-gnu-toolchain/bin/../lib/gcc/arm-none-eabi/6.3.1/thumb/v6-m/crtbegin.o

.jcr            0x00008c30        0x0
 .jcr           0x00008c30        0x0 c:/program files (x86)/atmel/studio/7.0/toolchain/arm/arm-gnu-toolchain/bin/../lib/gcc/arm-none-eabi/6.3.1/thumb/v6-m/crtbegin.o

.igot.plt       0x00008c30        0x0
 .igot.plt      0x00008c30        0x0 c:/program files (x86)/atmel/studio/7.0/toolchain/arm/arm-gnu-toolchain/bin/../lib/gcc/arm-none-eabi/6.3.1/thumb/v6-m/crtbegin.o
                0x00008c30                . = ALIGN (0x4)
                0x00008c30                _etext = .

.relocate       0x20000000      0x9b0 load address 0x00008c30
                0x20000000                . = ALIGN (0x4)
                0x20000000                _srelocate = .
 *(.ramfunc .ramfunc.*)
 *(.data .data.*)
 .data._impure_ptr
                0x20000000        0x4 c:/program files (x86)/atmel/studio/7.0/toolchain/arm/arm-gnu-toolchain/bin/../lib/gcc/arm-none-eabi/6.3.1/../../../../arm-none-eabi/lib/thumb/v6-m\libc.a(lib_a-impure.o)
                0x20000000                _impure_ptr
 *fill*         0x20000004        0x4 
 .data.impure_data
                0x20000008      0x428 c:/program files (x86)/atmel/studio/7.0/toolchain/arm/arm-gnu-toolchain/bin/../lib/gcc/arm-none-eabi/6.3.1/../../../../arm-none-eabi/lib/thumb/v6-m\libc.a(lib_a-impure.o)
 .data.__atexit_recursive_mutex
                0x20000430        0x4 c:/program files (x86)/atmel/studio/7.0/toolchain/arm/arm-gnu-toolchain/bin/../lib/gcc/arm-none-eabi/6.3.1/../../../../arm-none-eabi/lib/thumb/v6-m\libc.a(lib_a-__call_atexit.o)
                0x20000430                __atexit_recursive_mutex
 .data.__malloc_av_
                0x20000434      0x408 c:/program files (x86)/atmel/studio/7.0/toolchain/arm/arm-gnu-toolchain/bin/../lib/gcc/arm-none-eabi/6.3.1/../../../../arm-none-eabi/lib/thumb/v6-m\libc.a(lib_a-mallocr.o)
                0x20000434                __malloc_av_
 .data.__malloc_sbrk_base
                0x2000083c        0x4 c:/program files (x86)/atmel/studio/7.0/toolchain/arm/arm-gnu-toolchain/bin/../lib/gcc/arm-none-eabi/6.3.1/../../../../arm-none-eabi/lib/thumb/v6-m\libc.a(lib_a-mallocr.o)
                0x2000083c                __malloc_sbrk_base
 .data.__malloc_trim_threshold
                0x20000840        0x4 c:/program files (x86)/atmel/studio/7.0/toolchain/arm/arm-gnu-toolchain/bin/../lib/gcc/arm-none-eabi/6.3.1/../../../../arm-none-eabi/lib/thumb/v6-m\libc.a(lib_a-mallocr.o)
                0x20000840                __malloc_trim_threshold
 .data.__global_locale
                0x20000844      0x16c c:/program files (x86)/atmel/studio/7.0/toolchain/arm/arm-gnu-toolchain/bin/../lib/gcc/arm-none-eabi/6.3.1/../../../../arm-none-eabi/lib/thumb/v6-m\libc.a(lib_a-locale.o)
                0x20000844                __global_locale
                0x200009b0                . = ALIGN (0x4)
                0x200009b0                _erelocate = .

.bss            0x200009b0      0x198 load address 0x000095e0
                0x200009b0                . = ALIGN (0x4)
                0x200009b0                _sbss = .
                0x200009b0                _szero = .
 *(.bss .bss.*)
 .bss           0x200009b0       0x1c c:/program files (x86)/atmel/studio/7.0/toolchain/arm/arm-gnu-toolchain/bin/../lib/gcc/arm-none-eabi/6.3.1/thumb/v6-m/crtbegin.o
 .bss           0x200009cc        0x4 hal/src/hal_delay.o
 .bss           0x200009d0        0x4 hal/utils/src/utils_syscalls.o
 .bss           0x200009d4       0x74 main.o
 .bss           0x20000a48       0x75 pcf857x_driver/pcf857x_driver_basic.o
 *fill*         0x20000abd        0x3 
 .bss.__malloc_current_mallinfo
                0x20000ac0       0x28 c:/program files (x86)/atmel/studio/7.0/toolchain/arm/arm-gnu-toolchain/bin/../lib/gcc/arm-none-eabi/6.3.1/../../../../arm-none-eabi/lib/thumb/v6-m\libc.a(lib_a-mallocr.o)
                0x20000ac0                __malloc_current_mallinfo
 .bss.__malloc_max_sbrked_mem
                0x20000ae8        0x4 c:/program files (x86)/atmel/studio/7.0/toolchain/arm/arm-gnu-toolchain/bin/../lib/gcc/arm-none-eabi/6.3.1/../../../../arm-none-eabi/lib/thumb/v6-m\libc.a(lib_a-mallocr.o)
                0x20000ae8                __malloc_max_sbrked_mem
 .bss.__malloc_max_total_mem
                0x20000aec        0x4 c:/program files (x86)/atmel/studio/7.0/toolchain/arm/arm-gnu-toolchain/bin/../lib/gcc/arm-none-eabi/6.3.1/../../../../arm-none-eabi/lib/thumb/v6-m\libc.a(lib_a-mallocr.o)
                0x20000aec                __malloc_max_total_mem
 .bss.__malloc_top_pad
                0x20000af0        0x4 c:/program files (x86)/atmel/studio/7.0/toolchain/arm/arm-gnu-toolchain/bin/../lib/gcc/arm-none-eabi/6.3.1/../../../../arm-none-eabi/lib/thumb/v6-m\libc.a(lib_a-mallocr.o)
                0x20000af0                __malloc_top_pad
 *(COMMON)
 COMMON         0x20000af4       0x2c driver_init.o
                0x20000af4                USART_0
                0x20000b00                I2C_0
 COMMON         0x20000b20       0x21 c:/program files (x86)/atmel/studio/7.0/toolchain/arm/arm-gnu-toolchain/bin/../lib/gcc/arm-none-eabi/6.3.1/../../../../arm-none-eabi/lib/thumb/v6-m\libc.a(lib_a-lock.o)
                0x20000b20                __lock___atexit_recursive_mutex
                0x20000b24                __lock___arc4random_mutex
                0x20000b28                __lock___env_recursive_mutex
                0x20000b2c                __lock___sinit_recursive_mutex
                0x20000b30                __lock___malloc_recursive_mutex
                0x20000b34                __lock___at_quick_exit_mutex
                0x20000b38                __lock___dd_hash_mutex
                0x20000b3c                __lock___tz_mutex
                0x20000b40                __lock___sfp_recursive_mutex
 *fill*         0x20000b41        0x3 
 COMMON         0x20000b44        0x4 c:/program files (x86)/atmel/studio/7.0/toolchain/arm/arm-gnu-toolchain/bin/../lib/gcc/arm-none-eabi/6.3.1/../../../../arm-none-eabi/lib/thumb/v6-m\libc.a(lib_a-reent.o)
                0x20000b44                errno
                0x20000b48                . = ALIGN (0x4)
                0x20000b48                _ebss = .
                0x20000b48                _ezero = .

.stack          0x20000b48     0x2000 load address 0x00009778
                0x20000b48                . = ALIGN (0x8)
                0x20000b48                _sstack = .
                0x20002b48                . = (. + STACK_SIZE)
 *fill*         0x20000b48     0x2000 
                0x20002b48                . = ALIGN (0x8)
                0x20002b48                _estack = .
                0x20002b48                . = ALIGN (0x4)
                0x20002b48                _end = .
OUTPUT(pcf857x_io_expander_SAMD21.elf elf32-littlearm)

.ARM.attributes
                0x00000000       0x28
 .ARM.attributes
                0x00000000       0x1e c:/program files (x86)/atmel/studio/7.0/toolchain/arm/arm-gnu-toolchain/bin/../lib/gcc/arm-none-eabi/6.3.1/thumb/v6-m/crti.o
 .ARM.attributes
                0x0000001e       0x2c c:/program files (x86)/atmel/studio/7.0/toolchain/arm/arm-gnu-toolchain/bin/../lib/gcc/arm-none-eabi/6.3.1/thumb/v6-m/crtbegin.o
 .ARM.attributes
                0x0000004a       0x32 atmel_start.o
 .ARM.attributes
                0x0000007c       0x32 Device_Startup/startup_samd21.o
 .ARM.attributes
                0x000000ae       0x32 driver_init.o
 .ARM.attributes
                0x000000e0       0x32 hal/src/hal_delay.o
 .ARM.attributes
                0x00000112       0x32 hal/src/hal_i2c_m_sync.o
 .ARM.attributes
                0x00000144       0x32 hal/src/hal_io.o
 .ARM.attributes
                0x00000176       0x32 hal/src/hal_usart_sync.o
 .ARM.attributes
                0x000001a8       0x32 hal/utils/src/utils_assert.o
 .ARM.attributes
                0x000001da       0x32 hal/utils/src/utils_syscalls.o
 .ARM.attributes
                0x0000020c       0x32 hpl/core/hpl_core_m0plus_base.o
 .ARM.attributes
                0x0000023e       0x32 hpl/core/hpl_init.o
 .ARM.attributes
                0x00000270       0x32 hpl/gclk/hpl_gclk.o
 .ARM.attributes
                0x000002a2       0x32 hpl/pm/hpl_pm.o
 .ARM.attributes
                0x000002d4       0x32 hpl/sercom/hpl_sercom.o
 .ARM.attributes
                0x00000306       0x32 hpl/sysctrl/hpl_sysctrl.o
 .ARM.attributes
                0x00000338       0x32 hpl/systick/hpl_systick.o
 .ARM.attributes
                0x0000036a       0x32 main.o
 .ARM.attributes
                0x0000039c       0x32 pcf857x_driver/pcf857x_driver.o
 .ARM.attributes
                0x000003ce       0x32 pcf857x_driver/pcf857x_driver_basic.o
 .ARM.attributes
                0x00000400       0x32 pcf857x_driver/pcf857x_driver_interface.o
 .ARM.attributes
                0x00000432       0x1e c:/program files (x86)/atmel/studio/7.0/toolchain/arm/arm-gnu-toolchain/bin/../lib/gcc/arm-none-eabi/6.3.1/thumb/v6-m\libgcc.a(_udivsi3.o)
 .ARM.attributes
                0x00000450       0x1e c:/program files (x86)/atmel/studio/7.0/toolchain/arm/arm-gnu-toolchain/bin/../lib/gcc/arm-none-eabi/6.3.1/thumb/v6-m\libgcc.a(_dvmd_tls.o)
 .ARM.attributes
                0x0000046e       0x1e c:/program files (x86)/atmel/studio/7.0/toolchain/arm/arm-gnu-toolchain/bin/../lib/gcc/arm-none-eabi/6.3.1/thumb/v6-m\libgcc.a(_aeabi_uldivmod.o)
 .ARM.attributes
                0x0000048c       0x2c c:/program files (x86)/atmel/studio/7.0/toolchain/arm/arm-gnu-toolchain/bin/../lib/gcc/arm-none-eabi/6.3.1/thumb/v6-m\libgcc.a(_fixunssfsi.o)
 .ARM.attributes
                0x000004b8       0x2c c:/program files (x86)/atmel/studio/7.0/toolchain/arm/arm-gnu-toolchain/bin/../lib/gcc/arm-none-eabi/6.3.1/thumb/v6-m\libgcc.a(_udivmoddi4.o)
 .ARM.attributes
                0x000004e4       0x2c c:/program files (x86)/atmel/studio/7.0/toolchain/arm/arm-gnu-toolchain/bin/../lib/gcc/arm-none-eabi/6.3.1/thumb/v6-m\libgcc.a(divsf3.o)
 .ARM.attributes
                0x00000510       0x2c c:/program files (x86)/atmel/studio/7.0/toolchain/arm/arm-gnu-toolchain/bin/../lib/gcc/arm-none-eabi/6.3.1/thumb/v6-m\libgcc.a(subsf3.o)
 .ARM.attributes
                0x0000053c       0x2c c:/program files (x86)/atmel/studio/7.0/toolchain/arm/arm-gnu-toolchain/bin/../lib/gcc/arm-none-eabi/6.3.1/thumb/v6-m\libgcc.a(fixsfsi.o)
 .ARM.attributes
                0x00000568       0x2c c:/program files (x86)/atmel/studio/7.0/toolchain/arm/arm-gnu-toolchain/bin/../lib/gcc/arm-none-eabi/6.3.1/thumb/v6-m\libgcc.a(floatsisf.o)
 .ARM.attributes
                0x00000594       0x2c c:/program files (x86)/atmel/studio/7.0/toolchain/arm/arm-gnu-toolchain/bin/../lib/gcc/arm-none-eabi/6.3.1/thumb/v6-m\libgcc.a(divdf3.o)
 .ARM.attributes
                0x000005c0       0x2c c:/program files (x86)/atmel/studio/7.0/toolchain/arm/arm-gnu-toolchain/bin/../lib/gcc/arm-none-eabi/6.3.1/thumb/v6-m\libgcc.a(muldf3.o)
 .ARM.attributes
                0x000005ec       0x2c c:/program files (x86)/atmel/studio/7.0/toolchain/arm/arm-gnu-toolchain/bin/../lib/gcc/arm-none-eabi/6.3.1/thumb/v6-m\libgcc.a(subdf3.o)
 .ARM.attributes
                0x00000618       0x2c c:/program files (x86)/atmel/studio/7.0/toolchain/arm/arm-gnu-toolchain/bin/../lib/gcc/arm-none-eabi/6.3.1/thumb/v6-m\libgcc.a(fixdfsi.o)
 .ARM.attributes
                0x00000644       0x2c c:/program files (x86)/atmel/studio/7.0/toolchain/arm/arm-gnu-toolchain/bin/../lib/gcc/arm-none-eabi/6.3.1/thumb/v6-m\libgcc.a(floatsidf.o)
 .ARM.attributes
                0x00000670       0x2c c:/program files (x86)/atmel/studio/7.0/toolchain/arm/arm-gnu-toolchain/bin/../lib/gcc/arm-none-eabi/6.3.1/thumb/v6-m\libgcc.a(floatunsidf.o)
 .ARM.attributes
                0x0000069c       0x2c c:/program files (x86)/atmel/studio/7.0/toolchain/arm/arm-gnu-toolchain/bin/../lib/gcc/arm-none-eabi/6.3.1/thumb/v6-m\libgcc.a(extendsfdf2.o)
 .ARM.attributes
                0x000006c8       0x1e c:/program files (x86)/atmel/studio/7.0/toolchain/arm/arm-gnu-toolchain/bin/../lib/gcc/arm-none-eabi/6.3.1/thumb/v6-m\libgcc.a(_arm_cmpdf2.o)
 .ARM.attributes
                0x000006e6       0x1e c:/program files (x86)/atmel/studio/7.0/toolchain/arm/arm-gnu-toolchain/bin/../lib/gcc/arm-none-eabi/6.3.1/thumb/v6-m\libgcc.a(_arm_cmpsf2.o)
 .ARM.attributes
                0x00000704       0x1e c:/program files (x86)/atmel/studio/7.0/toolchain/arm/arm-gnu-toolchain/bin/../lib/gcc/arm-none-eabi/6.3.1/thumb/v6-m\libgcc.a(_clzsi2.o)
 .ARM.attributes
                0x00000722       0x1e c:/program files (x86)/atmel/studio/7.0/toolchain/arm/arm-gnu-toolchain/bin/../lib/gcc/arm-none-eabi/6.3.1/thumb/v6-m\libgcc.a(_clzdi2.o)
 .ARM.attributes
                0x00000740       0x2c c:/program files (x86)/atmel/studio/7.0/toolchain/arm/arm-gnu-toolchain/bin/../lib/gcc/arm-none-eabi/6.3.1/thumb/v6-m\libgcc.a(eqsf2.o)
 .ARM.attributes
                0x0000076c       0x2c c:/program files (x86)/atmel/studio/7.0/toolchain/arm/arm-gnu-toolchain/bin/../lib/gcc/arm-none-eabi/6.3.1/thumb/v6-m\libgcc.a(gesf2.o)
 .ARM.attributes
                0x00000798       0x2c c:/program files (x86)/atmel/studio/7.0/toolchain/arm/arm-gnu-toolchain/bin/../lib/gcc/arm-none-eabi/6.3.1/thumb/v6-m\libgcc.a(lesf2.o)
 .ARM.attributes
                0x000007c4       0x2c c:/program files (x86)/atmel/studio/7.0/toolchain/arm/arm-gnu-toolchain/bin/../lib/gcc/arm-none-eabi/6.3.1/thumb/v6-m\libgcc.a(eqdf2.o)
 .ARM.attributes
                0x000007f0       0x2c c:/program files (x86)/atmel/studio/7.0/toolchain/arm/arm-gnu-toolchain/bin/../lib/gcc/arm-none-eabi/6.3.1/thumb/v6-m\libgcc.a(gedf2.o)
 .ARM.attributes
                0x0000081c       0x2c c:/program files (x86)/atmel/studio/7.0/toolchain/arm/arm-gnu-toolchain/bin/../lib/gcc/arm-none-eabi/6.3.1/thumb/v6-m\libgcc.a(ledf2.o)
 .ARM.attributes
                0x00000848       0x2c c:/program files (x86)/atmel/studio/7.0/toolchain/arm/arm-gnu-toolchain/bin/../lib/gcc/arm-none-eabi/6.3.1/../../../../arm-none-eabi/lib/thumb/v6-m\libc.a(lib_a-impure.o)
 .ARM.attributes
                0x00000874       0x2c c:/program files (x86)/atmel/studio/7.0/toolchain/arm/arm-gnu-toolchain/bin/../lib/gcc/arm-none-eabi/6.3.1/../../../../arm-none-eabi/lib/thumb/v6-m\libc.a(lib_a-init.o)
 .ARM.attributes
                0x000008a0       0x2c c:/program files (x86)/atmel/studio/7.0/toolchain/arm/arm-gnu-toolchain/bin/../lib/gcc/arm-none-eabi/6.3.1/../../../../arm-none-eabi/lib/thumb/v6-m\libc.a(lib_a-memset.o)
 .ARM.attributes
                0x000008cc       0x2c c:/program files (x86)/atmel/studio/7.0/toolchain/arm/arm-gnu-toolchain/bin/../lib/gcc/arm-none-eabi/6.3.1/../../../../arm-none-eabi/lib/thumb/v6-m\libc.a(lib_a-strlen-stub.o)
 .ARM.attributes
                0x000008f8       0x2c c:/program files (x86)/atmel/studio/7.0/toolchain/arm/arm-gnu-toolchain/bin/../lib/gcc/arm-none-eabi/6.3.1/../../../../arm-none-eabi/lib/thumb/v6-m\libc.a(lib_a-strncpy.o)
 .ARM.attributes
                0x00000924       0x2c c:/program files (x86)/atmel/studio/7.0/toolchain/arm/arm-gnu-toolchain/bin/../lib/gcc/arm-none-eabi/6.3.1/../../../../arm-none-eabi/lib/thumb/v6-m\libc.a(lib_a-vsnprintf.o)
 .ARM.attributes
                0x00000950       0x2c c:/program files (x86)/atmel/studio/7.0/toolchain/arm/arm-gnu-toolchain/bin/../lib/gcc/arm-none-eabi/6.3.1/../../../../arm-none-eabi/lib/thumb/v6-m\libc.a(lib_a-__call_atexit.o)
 .ARM.attributes
                0x0000097c       0x2c c:/program files (x86)/atmel/studio/7.0/toolchain/arm/arm-gnu-toolchain/bin/../lib/gcc/arm-none-eabi/6.3.1/../../../../arm-none-eabi/lib/thumb/v6-m\libc.a(lib_a-atexit.o)
 .ARM.attributes
                0x000009a8       0x2c c:/program files (x86)/atmel/studio/7.0/toolchain/arm/arm-gnu-toolchain/bin/../lib/gcc/arm-none-eabi/6.3.1/../../../../arm-none-eabi/lib/thumb/v6-m\libc.a(lib_a-dtoa.o)
 .ARM.attributes
                0x000009d4       0x2c c:/program files (x86)/atmel/studio/7.0/toolchain/arm/arm-gnu-toolchain/bin/../lib/gcc/arm-none-eabi/6.3.1/../../../../arm-none-eabi/lib/thumb/v6-m\libc.a(lib_a-fini.o)
 .ARM.attributes
                0x00000a00       0x2c c:/program files (x86)/atmel/studio/7.0/toolchain/arm/arm-gnu-toolchain/bin/../lib/gcc/arm-none-eabi/6.3.1/../../../../arm-none-eabi/lib/thumb/v6-m\libc.a(lib_a-freer.o)
 .ARM.attributes
                0x00000a2c       0x2c c:/program files (x86)/atmel/studio/7.0/toolchain/arm/arm-gnu-toolchain/bin/../lib/gcc/arm-none-eabi/6.3.1/../../../../arm-none-eabi/lib/thumb/v6-m\libc.a(lib_a-localeconv.o)
 .ARM.attributes
                0x00000a58       0x2c c:/program files (x86)/atmel/studio/7.0/toolchain/arm/arm-gnu-toolchain/bin/../lib/gcc/arm-none-eabi/6.3.1/../../../../arm-none-eabi/lib/thumb/v6-m\libc.a(lib_a-lock.o)
 .ARM.attributes
                0x00000a84       0x2c c:/program files (x86)/atmel/studio/7.0/toolchain/arm/arm-gnu-toolchain/bin/../lib/gcc/arm-none-eabi/6.3.1/../../../../arm-none-eabi/lib/thumb/v6-m\libc.a(lib_a-mallocr.o)
 .ARM.attributes
                0x00000ab0       0x2c c:/program files (x86)/atmel/studio/7.0/toolchain/arm/arm-gnu-toolchain/bin/../lib/gcc/arm-none-eabi/6.3.1/../../../../arm-none-eabi/lib/thumb/v6-m\libc.a(lib_a-memchr-stub.o)
 .ARM.attributes
                0x00000adc       0x2c c:/program files (x86)/atmel/studio/7.0/toolchain/arm/arm-gnu-toolchain/bin/../lib/gcc/arm-none-eabi/6.3.1/../../../../arm-none-eabi/lib/thumb/v6-m\libc.a(lib_a-memcpy-stub.o)
 .ARM.attributes
                0x00000b08       0x2c c:/program files (x86)/atmel/studio/7.0/toolchain/arm/arm-gnu-toolchain/bin/../lib/gcc/arm-none-eabi/6.3.1/../../../../arm-none-eabi/lib/thumb/v6-m\libc.a(lib_a-mlock.o)
 .ARM.attributes
                0x00000b34       0x2c c:/program files (x86)/atmel/studio/7.0/toolchain/arm/arm-gnu-toolchain/bin/../lib/gcc/arm-none-eabi/6.3.1/../../../../arm-none-eabi/lib/thumb/v6-m\libc.a(lib_a-mprec.o)
 .ARM.attributes
                0x00000b60       0x2c c:/program files (x86)/atmel/studio/7.0/toolchain/arm/arm-gnu-toolchain/bin/../lib/gcc/arm-none-eabi/6.3.1/../../../../arm-none-eabi/lib/thumb/v6-m\libc.a(lib_a-sbrkr.o)
 .ARM.attributes
                0x00000b8c       0x2c c:/program files (x86)/atmel/studio/7.0/toolchain/arm/arm-gnu-toolchain/bin/../lib/gcc/arm-none-eabi/6.3.1/../../../../arm-none-eabi/lib/thumb/v6-m\libc.a(lib_a-svfprintf.o)
 .ARM.attributes
                0x00000bb8       0x2c c:/program files (x86)/atmel/studio/7.0/toolchain/arm/arm-gnu-toolchain/bin/../lib/gcc/arm-none-eabi/6.3.1/../../../../arm-none-eabi/lib/thumb/v6-m\libc.a(lib_a-__atexit.o)
 .ARM.attributes
                0x00000be4       0x2c c:/program files (x86)/atmel/studio/7.0/toolchain/arm/arm-gnu-toolchain/bin/../lib/gcc/arm-none-eabi/6.3.1/../../../../arm-none-eabi/lib/thumb/v6-m\libc.a(lib_a-callocr.o)
 .ARM.attributes
                0x00000c10       0x2c c:/program files (x86)/atmel/studio/7.0/toolchain/arm/arm-gnu-toolchain/bin/../lib/gcc/arm-none-eabi/6.3.1/../../../../arm-none-eabi/lib/thumb/v6-m\libc.a(lib_a-locale.o)
 .ARM.attributes
                0x00000c3c       0x2c c:/program files (x86)/atmel/studio/7.0/toolchain/arm/arm-gnu-toolchain/bin/../lib/gcc/arm-none-eabi/6.3.1/../../../../arm-none-eabi/lib/thumb/v6-m\libc.a(lib_a-mbtowc_r.o)
 .ARM.attributes
                0x00000c68       0x2c c:/program files (x86)/atmel/studio/7.0/toolchain/arm/arm-gnu-toolchain/bin/../lib/gcc/arm-none-eabi/6.3.1/../../../../arm-none-eabi/lib/thumb/v6-m\libc.a(lib_a-memmove.o)
 .ARM.attributes
                0x00000c94       0x2c c:/program files (x86)/atmel/studio/7.0/toolchain/arm/arm-gnu-toolchain/bin/../lib/gcc/arm-none-eabi/6.3.1/../../../../arm-none-eabi/lib/thumb/v6-m\libc.a(lib_a-reallocr.o)
 .ARM.attributes
                0x00000cc0       0x2c c:/program files (x86)/atmel/studio/7.0/toolchain/arm/arm-gnu-toolchain/bin/../lib/gcc/arm-none-eabi/6.3.1/../../../../arm-none-eabi/lib/thumb/v6-m\libc.a(lib_a-reent.o)
 .ARM.attributes
                0x00000cec       0x2c c:/program files (x86)/atmel/studio/7.0/toolchain/arm/arm-gnu-toolchain/bin/../lib/gcc/arm-none-eabi/6.3.1/../../../../arm-none-eabi/lib/thumb/v6-m\libc.a(lib_a-svfiprintf.o)
 .ARM.attributes
                0x00000d18       0x2c c:/program files (x86)/atmel/studio/7.0/toolchain/arm/arm-gnu-toolchain/bin/../lib/gcc/arm-none-eabi/6.3.1/../../../../arm-none-eabi/lib/thumb/v6-m\libc.a(lib_a-wctomb_r.o)
 .ARM.attributes
                0x00000d44       0x2c c:/program files (x86)/atmel/studio/7.0/toolchain/arm/arm-gnu-toolchain/bin/../lib/gcc/arm-none-eabi/6.3.1/../../../../arm-none-eabi/lib/thumb/v6-m\libc.a(lib_a-ctype_.o)
 .ARM.attributes
                0x00000d70       0x1e c:/program files (x86)/atmel/studio/7.0/toolchain/arm/arm-gnu-toolchain/bin/../lib/gcc/arm-none-eabi/6.3.1/thumb/v6-m\libgcc.a(_divsi3.o)
 .ARM.attributes
                0x00000d8e       0x2c c:/program files (x86)/atmel/studio/7.0/toolchain/arm/arm-gnu-toolchain/bin/../lib/gcc/arm-none-eabi/6.3.1/thumb/v6-m\libgcc.a(adddf3.o)
 .ARM.attributes
                0x00000dba       0x2c c:/program files (x86)/atmel/studio/7.0/toolchain/arm/arm-gnu-toolchain/bin/../lib/gcc/arm-none-eabi/6.3.1/thumb/v6-m\libgcc.a(unorddf2.o)
 .ARM.attributes
                0x00000de6       0x1e c:/program files (x86)/atmel/studio/7.0/toolchain/arm/arm-gnu-toolchain/bin/../lib/gcc/arm-none-eabi/6.3.1/thumb/v6-m/crtn.o

.comment        0x00000000       0x59
 .comment       0x00000000       0x59 atmel_start.o
                                 0x5a (size before relaxing)
 .comment       0x00000059       0x5a Device_Startup/startup_samd21.o
 .comment       0x00000059       0x5a driver_init.o
 .comment       0x00000059       0x5a hal/src/hal_delay.o
 .comment       0x00000059       0x5a hal/src/hal_i2c_m_sync.o
 .comment       0x00000059       0x5a hal/src/hal_io.o
 .comment       0x00000059       0x5a hal/src/hal_usart_sync.o
 .comment       0x00000059       0x5a hal/utils/src/utils_assert.o
 .comment       0x00000059       0x5a hal/utils/src/utils_syscalls.o
 .comment       0x00000059       0x5a hpl/core/hpl_core_m0plus_base.o
 .comment       0x00000059       0x5a hpl/core/hpl_init.o
 .comment       0x00000059       0x5a hpl/gclk/hpl_gclk.o
 .comment       0x00000059       0x5a hpl/pm/hpl_pm.o
 .comment       0x00000059       0x5a hpl/sercom/hpl_sercom.o
 .comment       0x00000059       0x5a hpl/sysctrl/hpl_sysctrl.o
 .comment       0x00000059       0x5a hpl/systick/hpl_systick.o
 .comment       0x00000059       0x5a main.o
 .comment       0x00000059       0x5a pcf857x_driver/pcf857x_driver.o
 .comment       0x00000059       0x5a pcf857x_driver/pcf857x_driver_basic.o
 .comment       0x00000059       0x5a pcf857x_driver/pcf857x_driver_interface.o

.debug_info     0x00000000    0x21b22
 .debug_info    0x00000000      0x2f8 atmel_start.o
 .debug_info    0x000002f8     0x3a2c Device_Startup/startup_samd21.o
 .debug_info    0x00003d24     0x7b49 driver_init.o
 .debug_info    0x0000b86d      0x1dc hal/src/hal_delay.o
 .debug_info    0x0000ba49      0x878 hal/src/hal_i2c_m_sync.o
 .debug_info    0x0000c2c1      0x2b2 hal/src/hal_io.o
 .debug_info    0x0000c573      0xc56 hal/src/hal_usart_sync.o
 .debug_info    0x0000d1c9      0x107 hal/utils/src/utils_assert.o
 .debug_info    0x0000d2d0      0xdca hal/utils/src/utils_syscalls.o
 .debug_info    0x0000e09a      0x801 hpl/core/hpl_core_m0plus_base.o
 .debug_info    0x0000e89b      0x68a hpl/core/hpl_init.o
 .debug_info    0x0000ef25      0x5ad hpl/gclk/hpl_gclk.o
 .debug_info    0x0000f4d2      0xc6d hpl/pm/hpl_pm.o
 .debug_info    0x0001013f     0xb292 hpl/sercom/hpl_sercom.o
 .debug_info    0x0001b3d1     0x18a4 hpl/sysctrl/hpl_sysctrl.o
 .debug_info    0x0001cc75      0x25e hpl/systick/hpl_systick.o
 .debug_info    0x0001ced3     0x13d1 main.o
 .debug_info    0x0001e2a4     0x1807 pcf857x_driver/pcf857x_driver.o
 .debug_info    0x0001faab     0x1185 pcf857x_driver/pcf857x_driver_basic.o
 .debug_info    0x00020c30      0xef2 pcf857x_driver/pcf857x_driver_interface.o

.debug_abbrev   0x00000000     0x2b90
 .debug_abbrev  0x00000000       0xe1 atmel_start.o
 .debug_abbrev  0x000000e1      0x227 Device_Startup/startup_samd21.o
 .debug_abbrev  0x00000308      0x369 driver_init.o
 .debug_abbrev  0x00000671       0xe1 hal/src/hal_delay.o
 .debug_abbrev  0x00000752      0x1a6 hal/src/hal_i2c_m_sync.o
 .debug_abbrev  0x000008f8      0x115 hal/src/hal_io.o
 .debug_abbrev  0x00000a0d      0x217 hal/src/hal_usart_sync.o
 .debug_abbrev  0x00000c24       0x86 hal/utils/src/utils_assert.o
 .debug_abbrev  0x00000caa      0x269 hal/utils/src/utils_syscalls.o
 .debug_abbrev  0x00000f13      0x2a8 hpl/core/hpl_core_m0plus_base.o
 .debug_abbrev  0x000011bb      0x1d9 hpl/core/hpl_init.o
 .debug_abbrev  0x00001394      0x1c3 hpl/gclk/hpl_gclk.o
 .debug_abbrev  0x00001557      0x211 hpl/pm/hpl_pm.o
 .debug_abbrev  0x00001768      0x593 hpl/sercom/hpl_sercom.o
 .debug_abbrev  0x00001cfb      0x25c hpl/sysctrl/hpl_sysctrl.o
 .debug_abbrev  0x00001f57      0x172 hpl/systick/hpl_systick.o
 .debug_abbrev  0x000020c9      0x2a8 main.o
 .debug_abbrev  0x00002371      0x31c pcf857x_driver/pcf857x_driver.o
 .debug_abbrev  0x0000268d      0x24a pcf857x_driver/pcf857x_driver_basic.o
 .debug_abbrev  0x000028d7      0x2b9 pcf857x_driver/pcf857x_driver_interface.o

.debug_loc      0x00000000     0xb78b
 .debug_loc     0x00000000       0x20 atmel_start.o
 .debug_loc     0x00000020       0x78 Device_Startup/startup_samd21.o
 .debug_loc     0x00000098      0x570 driver_init.o
 .debug_loc     0x00000608       0xc3 hal/src/hal_delay.o
 .debug_loc     0x000006cb      0x6f5 hal/src/hal_i2c_m_sync.o
 .debug_loc     0x00000dc0      0x1b6 hal/src/hal_io.o
 .debug_loc     0x00000f76      0xa26 hal/src/hal_usart_sync.o
 .debug_loc     0x0000199c      0x13b hal/utils/src/utils_syscalls.o
 .debug_loc     0x00001ad7      0x29d hpl/core/hpl_core_m0plus_base.o
 .debug_loc     0x00001d74       0x4c hpl/core/hpl_init.o
 .debug_loc     0x00001dc0      0x190 hpl/gclk/hpl_gclk.o
 .debug_loc     0x00001f50      0x11b hpl/pm/hpl_pm.o
 .debug_loc     0x0000206b     0x7da1 hpl/sercom/hpl_sercom.o
 .debug_loc     0x00009e0c      0x213 hpl/sysctrl/hpl_sysctrl.o
 .debug_loc     0x0000a01f       0xf9 hpl/systick/hpl_systick.o
 .debug_loc     0x0000a118      0x22f main.o
 .debug_loc     0x0000a347      0xf0f pcf857x_driver/pcf857x_driver.o
 .debug_loc     0x0000b256      0x373 pcf857x_driver/pcf857x_driver_basic.o
 .debug_loc     0x0000b5c9      0x1c2 pcf857x_driver/pcf857x_driver_interface.o

.debug_aranges  0x00000000      0xaa0
 .debug_aranges
                0x00000000       0x20 atmel_start.o
 .debug_aranges
                0x00000020       0x28 Device_Startup/startup_samd21.o
 .debug_aranges
                0x00000048       0x58 driver_init.o
 .debug_aranges
                0x000000a0       0x38 hal/src/hal_delay.o
 .debug_aranges
                0x000000d8       0x88 hal/src/hal_i2c_m_sync.o
 .debug_aranges
                0x00000160       0x30 hal/src/hal_io.o
 .debug_aranges
                0x00000190       0xa8 hal/src/hal_usart_sync.o
 .debug_aranges
                0x00000238       0x20 hal/utils/src/utils_assert.o
 .debug_aranges
                0x00000258       0x60 hal/utils/src/utils_syscalls.o
 .debug_aranges
                0x000002b8       0x70 hpl/core/hpl_core_m0plus_base.o
 .debug_aranges
                0x00000328       0x20 hpl/core/hpl_init.o
 .debug_aranges
                0x00000348       0x28 hpl/gclk/hpl_gclk.o
 .debug_aranges
                0x00000370       0x30 hpl/pm/hpl_pm.o
 .debug_aranges
                0x000003a0      0x508 hpl/sercom/hpl_sercom.o
 .debug_aranges
                0x000008a8       0x28 hpl/sysctrl/hpl_sysctrl.o
 .debug_aranges
                0x000008d0       0x48 hpl/systick/hpl_systick.o
 .debug_aranges
                0x00000918       0x38 main.o
 .debug_aranges
                0x00000950       0xa0 pcf857x_driver/pcf857x_driver.o
 .debug_aranges
                0x000009f0       0x68 pcf857x_driver/pcf857x_driver_basic.o
 .debug_aranges
                0x00000a58       0x48 pcf857x_driver/pcf857x_driver_interface.o

.debug_ranges   0x00000000      0xb30
 .debug_ranges  0x00000000       0x10 atmel_start.o
 .debug_ranges  0x00000010       0x18 Device_Startup/startup_samd21.o
 .debug_ranges  0x00000028       0x48 driver_init.o
 .debug_ranges  0x00000070       0x28 hal/src/hal_delay.o
 .debug_ranges  0x00000098       0x78 hal/src/hal_i2c_m_sync.o
 .debug_ranges  0x00000110       0x20 hal/src/hal_io.o
 .debug_ranges  0x00000130       0x98 hal/src/hal_usart_sync.o
 .debug_ranges  0x000001c8       0x10 hal/utils/src/utils_assert.o
 .debug_ranges  0x000001d8       0x50 hal/utils/src/utils_syscalls.o
 .debug_ranges  0x00000228       0x60 hpl/core/hpl_core_m0plus_base.o
 .debug_ranges  0x00000288       0x10 hpl/core/hpl_init.o
 .debug_ranges  0x00000298       0x18 hpl/gclk/hpl_gclk.o
 .debug_ranges  0x000002b0       0x20 hpl/pm/hpl_pm.o
 .debug_ranges  0x000002d0      0x6c8 hpl/sercom/hpl_sercom.o
 .debug_ranges  0x00000998       0x18 hpl/sysctrl/hpl_sysctrl.o
 .debug_ranges  0x000009b0       0x38 hpl/systick/hpl_systick.o
 .debug_ranges  0x000009e8       0x28 main.o
 .debug_ranges  0x00000a10       0x90 pcf857x_driver/pcf857x_driver.o
 .debug_ranges  0x00000aa0       0x58 pcf857x_driver/pcf857x_driver_basic.o
 .debug_ranges  0x00000af8       0x38 pcf857x_driver/pcf857x_driver_interface.o

.debug_macro    0x00000000    0x1878d
 .debug_macro   0x00000000      0x501 atmel_start.o
 .debug_macro   0x00000501      0x89e atmel_start.o
 .debug_macro   0x00000d9f      0x16d atmel_start.o
 .debug_macro   0x00000f0c       0x22 atmel_start.o
 .debug_macro   0x00000f2e       0x87 atmel_start.o
 .debug_macro   0x00000fb5       0x51 atmel_start.o
 .debug_macro   0x00001006       0xef atmel_start.o
 .debug_macro   0x000010f5       0x6a atmel_start.o
 .debug_macro   0x0000115f      0x1df atmel_start.o
 .debug_macro   0x0000133e       0x22 atmel_start.o
 .debug_macro   0x00001360       0x3f atmel_start.o
 .debug_macro   0x0000139f       0x1c atmel_start.o
 .debug_macro   0x000013bb       0x22 atmel_start.o
 .debug_macro   0x000013dd       0xb5 atmel_start.o
 .debug_macro   0x00001492      0x3ad atmel_start.o
 .debug_macro   0x0000183f      0x67e atmel_start.o
 .debug_macro   0x00001ebd      0x8b1 atmel_start.o
 .debug_macro   0x0000276e      0x22e atmel_start.o
 .debug_macro   0x0000299c      0xd5c atmel_start.o
 .debug_macro   0x000036f8      0x4dc atmel_start.o
 .debug_macro   0x00003bd4      0x9f6 atmel_start.o
 .debug_macro   0x000045ca      0x82b atmel_start.o
 .debug_macro   0x00004df5      0x45f atmel_start.o
 .debug_macro   0x00005254       0x5e atmel_start.o
 .debug_macro   0x000052b2      0x8f9 atmel_start.o
 .debug_macro   0x00005bab      0x21c atmel_start.o
 .debug_macro   0x00005dc7      0x735 atmel_start.o
 .debug_macro   0x000064fc       0x5e atmel_start.o
 .debug_macro   0x0000655a      0x632 atmel_start.o
 .debug_macro   0x00006b8c      0x3ac atmel_start.o
 .debug_macro   0x00006f38      0xc76 atmel_start.o
 .debug_macro   0x00007bae     0x1092 atmel_start.o
 .debug_macro   0x00008c40      0xc4a atmel_start.o
 .debug_macro   0x0000988a      0x6ba atmel_start.o
 .debug_macro   0x00009f44     0x1b3d atmel_start.o
 .debug_macro   0x0000ba81     0x143c atmel_start.o
 .debug_macro   0x0000cebd      0x340 atmel_start.o
 .debug_macro   0x0000d1fd       0x7c atmel_start.o
 .debug_macro   0x0000d279       0xa0 atmel_start.o
 .debug_macro   0x0000d319       0x4c atmel_start.o
 .debug_macro   0x0000d365       0xca atmel_start.o
 .debug_macro   0x0000d42f       0x94 atmel_start.o
 .debug_macro   0x0000d4c3       0x58 atmel_start.o
 .debug_macro   0x0000d51b      0x341 atmel_start.o
 .debug_macro   0x0000d85c       0x82 atmel_start.o
 .debug_macro   0x0000d8de      0x189 atmel_start.o
 .debug_macro   0x0000da67       0xb8 atmel_start.o
 .debug_macro   0x0000db1f       0xa0 atmel_start.o
 .debug_macro   0x0000dbbf       0xb2 atmel_start.o
 .debug_macro   0x0000dc71       0x1c atmel_start.o
 .debug_macro   0x0000dc8d       0x1c atmel_start.o
 .debug_macro   0x0000dca9       0x1c atmel_start.o
 .debug_macro   0x0000dcc5       0x7c atmel_start.o
 .debug_macro   0x0000dd41      0x15a atmel_start.o
 .debug_macro   0x0000de9b       0x10 atmel_start.o
 .debug_macro   0x0000deab       0xdc atmel_start.o
 .debug_macro   0x0000df87      0x124 atmel_start.o
 .debug_macro   0x0000e0ab      0x124 atmel_start.o
 .debug_macro   0x0000e1cf      0x124 atmel_start.o
 .debug_macro   0x0000e2f3      0x124 atmel_start.o
 .debug_macro   0x0000e417      0x124 atmel_start.o
 .debug_macro   0x0000e53b      0x124 atmel_start.o
 .debug_macro   0x0000e65f      0x124 atmel_start.o
 .debug_macro   0x0000e783       0xe2 atmel_start.o
 .debug_macro   0x0000e865       0xe2 atmel_start.o
 .debug_macro   0x0000e947       0xe2 atmel_start.o
 .debug_macro   0x0000ea29      0x12a atmel_start.o
 .debug_macro   0x0000eb53      0x100 atmel_start.o
 .debug_macro   0x0000ec53       0xf4 atmel_start.o
 .debug_macro   0x0000ed47      0x40f atmel_start.o
 .debug_macro   0x0000f156       0x40 atmel_start.o
 .debug_macro   0x0000f196      0x376 atmel_start.o
 .debug_macro   0x0000f50c     0x17df atmel_start.o
 .debug_macro   0x00010ceb       0x6d atmel_start.o
 .debug_macro   0x00010d58       0x10 atmel_start.o
 .debug_macro   0x00010d68       0x10 atmel_start.o
 .debug_macro   0x00010d78       0x16 atmel_start.o
 .debug_macro   0x00010d8e       0x16 atmel_start.o
 .debug_macro   0x00010da4       0x16 atmel_start.o
 .debug_macro   0x00010dba       0x16 atmel_start.o
 .debug_macro   0x00010dd0       0x16 atmel_start.o
 .debug_macro   0x00010de6       0x16 atmel_start.o
 .debug_macro   0x00010dfc       0x16 atmel_start.o
 .debug_macro   0x00010e12       0x16 atmel_start.o
 .debug_macro   0x00010e28       0x16 atmel_start.o
 .debug_macro   0x00010e3e       0x16 atmel_start.o
 .debug_macro   0x00010e54       0x16 atmel_start.o
 .debug_macro   0x00010e6a       0x16 atmel_start.o
 .debug_macro   0x00010e80       0x16 atmel_start.o
 .debug_macro   0x00010e96       0x16 atmel_start.o
 .debug_macro   0x00010eac      0x4c3 atmel_start.o
 .debug_macro   0x0001136f       0x94 atmel_start.o
 .debug_macro   0x00011403       0x16 atmel_start.o
 .debug_macro   0x00011419       0x6a atmel_start.o
 .debug_macro   0x00011483      0x28c atmel_start.o
 .debug_macro   0x0001170f      0x4d8 atmel_start.o
 .debug_macro   0x00011be7       0x16 atmel_start.o
 .debug_macro   0x00011bfd       0xca atmel_start.o
 .debug_macro   0x00011cc7       0x1c atmel_start.o
 .debug_macro   0x00011ce3       0x16 atmel_start.o
 .debug_macro   0x00011cf9       0x4c atmel_start.o
 .debug_macro   0x00011d45       0x70 atmel_start.o
 .debug_macro   0x00011db5      0x2fc Device_Startup/startup_samd21.o
 .debug_macro   0x000120b1       0x39 Device_Startup/startup_samd21.o
 .debug_macro   0x000120ea      0x51e driver_init.o
 .debug_macro   0x00012608       0x42 driver_init.o
 .debug_macro   0x0001264a       0xc9 driver_init.o
 .debug_macro   0x00012713      0x45c hal/src/hal_delay.o
 .debug_macro   0x00012b6f      0x465 hal/src/hal_i2c_m_sync.o
 .debug_macro   0x00012fd4       0x6a hal/src/hal_i2c_m_sync.o
 .debug_macro   0x0001303e      0x43d hal/src/hal_io.o
 .debug_macro   0x0001347b      0x464 hal/src/hal_usart_sync.o
 .debug_macro   0x000138df      0x433 hal/utils/src/utils_assert.o
 .debug_macro   0x00013d12       0x10 hal/utils/src/utils_assert.o
 .debug_macro   0x00013d22      0x1d6 hal/utils/src/utils_syscalls.o
 .debug_macro   0x00013ef8       0x52 hal/utils/src/utils_syscalls.o
 .debug_macro   0x00013f4a       0x8d hal/utils/src/utils_syscalls.o
 .debug_macro   0x00013fd7       0x16 hal/utils/src/utils_syscalls.o
 .debug_macro   0x00013fed       0x57 hal/utils/src/utils_syscalls.o
 .debug_macro   0x00014044       0x97 hal/utils/src/utils_syscalls.o
 .debug_macro   0x000140db      0x353 hal/utils/src/utils_syscalls.o
 .debug_macro   0x0001442e       0xf6 hal/utils/src/utils_syscalls.o
 .debug_macro   0x00014524       0x10 hal/utils/src/utils_syscalls.o
 .debug_macro   0x00014534       0x10 hal/utils/src/utils_syscalls.o
 .debug_macro   0x00014544       0x1c hal/utils/src/utils_syscalls.o
 .debug_macro   0x00014560       0x52 hal/utils/src/utils_syscalls.o
 .debug_macro   0x000145b2       0x40 hal/utils/src/utils_syscalls.o
 .debug_macro   0x000145f2       0x10 hal/utils/src/utils_syscalls.o
 .debug_macro   0x00014602       0x40 hal/utils/src/utils_syscalls.o
 .debug_macro   0x00014642       0xd7 hal/utils/src/utils_syscalls.o
 .debug_macro   0x00014719       0x16 hal/utils/src/utils_syscalls.o
 .debug_macro   0x0001472f      0x18b hal/utils/src/utils_syscalls.o
 .debug_macro   0x000148ba       0x4c hal/utils/src/utils_syscalls.o
 .debug_macro   0x00014906       0x16 hal/utils/src/utils_syscalls.o
 .debug_macro   0x0001491c       0x10 hal/utils/src/utils_syscalls.o
 .debug_macro   0x0001492c       0x10 hal/utils/src/utils_syscalls.o
 .debug_macro   0x0001493c       0x35 hal/utils/src/utils_syscalls.o
 .debug_macro   0x00014971      0x122 hal/utils/src/utils_syscalls.o
 .debug_macro   0x00014a93      0x481 hpl/core/hpl_core_m0plus_base.o
 .debug_macro   0x00014f14      0x4a4 hpl/core/hpl_init.o
 .debug_macro   0x000153b8       0x2e hpl/core/hpl_init.o
 .debug_macro   0x000153e6      0x6ec hpl/core/hpl_init.o
 .debug_macro   0x00015ad2      0x446 hpl/gclk/hpl_gclk.o
 .debug_macro   0x00015f18      0x1f3 hpl/gclk/hpl_gclk.o
 .debug_macro   0x0001610b      0x469 hpl/pm/hpl_pm.o
 .debug_macro   0x00016574      0x66b hpl/sercom/hpl_sercom.o
 .debug_macro   0x00016bdf      0x11d hpl/sercom/hpl_sercom.o
 .debug_macro   0x00016cfc       0x10 hpl/sercom/hpl_sercom.o
 .debug_macro   0x00016d0c       0x1c hpl/sercom/hpl_sercom.o
 .debug_macro   0x00016d28       0x22 hpl/sercom/hpl_sercom.o
 .debug_macro   0x00016d4a       0x10 hpl/sercom/hpl_sercom.o
 .debug_macro   0x00016d5a      0x440 hpl/sysctrl/hpl_sysctrl.o
 .debug_macro   0x0001719a      0x2da hpl/sysctrl/hpl_sysctrl.o
 .debug_macro   0x00017474      0x437 hpl/systick/hpl_systick.o
 .debug_macro   0x000178ab       0x10 hpl/systick/hpl_systick.o
 .debug_macro   0x000178bb      0x6eb main.o
 .debug_macro   0x00017fa6       0x16 main.o
 .debug_macro   0x00017fbc       0x16 main.o
 .debug_macro   0x00017fd2       0x29 main.o
 .debug_macro   0x00017ffb       0x16 main.o
 .debug_macro   0x00018011       0xb3 main.o
 .debug_macro   0x000180c4      0x269 pcf857x_driver/pcf857x_driver.o
 .debug_macro   0x0001832d      0x235 pcf857x_driver/pcf857x_driver_basic.o
 .debug_macro   0x00018562      0x22b pcf857x_driver/pcf857x_driver_interface.o

.debug_line     0x00000000     0xd546
 .debug_line    0x00000000      0xa7a atmel_start.o
 .debug_line    0x00000a7a      0x6fa Device_Startup/startup_samd21.o
 .debug_line    0x00001174      0xbc2 driver_init.o
 .debug_line    0x00001d36      0x99f hal/src/hal_delay.o
 .debug_line    0x000026d5      0xa8f hal/src/hal_i2c_m_sync.o
 .debug_line    0x00003164      0x98c hal/src/hal_io.o
 .debug_line    0x00003af0      0xb57 hal/src/hal_usart_sync.o
 .debug_line    0x00004647      0x93e hal/utils/src/utils_assert.o
 .debug_line    0x00004f85      0x40b hal/utils/src/utils_syscalls.o
 .debug_line    0x00005390      0xaed hpl/core/hpl_core_m0plus_base.o
 .debug_line    0x00005e7d      0xa1f hpl/core/hpl_init.o
 .debug_line    0x0000689c      0x9b8 hpl/gclk/hpl_gclk.o
 .debug_line    0x00007254      0x9e4 hpl/pm/hpl_pm.o
 .debug_line    0x00007c38     0x28c5 hpl/sercom/hpl_sercom.o
 .debug_line    0x0000a4fd      0xa38 hpl/sysctrl/hpl_sysctrl.o
 .debug_line    0x0000af35      0x9c9 hpl/systick/hpl_systick.o
 .debug_line    0x0000b8fe      0xc7f main.o
 .debug_line    0x0000c57d      0x68f pcf857x_driver/pcf857x_driver.o
 .debug_line    0x0000cc0c      0x4d1 pcf857x_driver/pcf857x_driver_basic.o
 .debug_line    0x0000d0dd      0x469 pcf857x_driver/pcf857x_driver_interface.o

.debug_str      0x00000000    0x86149
 .debug_str     0x00000000    0x75e28 atmel_start.o
                              0x76288 (size before relaxing)
 .debug_str     0x00075e28     0x10b0 Device_Startup/startup_samd21.o
                              0x6e225 (size before relaxing)
 .debug_str     0x00076ed8     0x163e driver_init.o
                              0x78703 (size before relaxing)
 .debug_str     0x00078516       0xad hal/src/hal_delay.o
                              0x75d4f (size before relaxing)
 .debug_str     0x000785c3      0x177 hal/src/hal_i2c_m_sync.o
                              0x765e8 (size before relaxing)
 .debug_str     0x0007873a       0x2c hal/src/hal_io.o
                              0x75d92 (size before relaxing)
 .debug_str     0x00078766      0x49e hal/src/hal_usart_sync.o
                              0x76832 (size before relaxing)
 .debug_str     0x00078c04       0x2a hal/utils/src/utils_assert.o
                              0x75cf5 (size before relaxing)
 .debug_str     0x00078c2e     0x4500 hal/utils/src/utils_syscalls.o
                               0x7337 (size before relaxing)
 .debug_str     0x0007d12e      0x311 hpl/core/hpl_core_m0plus_base.o
                              0x7677d (size before relaxing)
 .debug_str     0x0007d43f     0x17d7 hpl/core/hpl_init.o
                              0x778ed (size before relaxing)
 .debug_str     0x0007ec16      0x851 hpl/gclk/hpl_gclk.o
                              0x76614 (size before relaxing)
 .debug_str     0x0007f467      0x194 hpl/pm/hpl_pm.o
                              0x7644c (size before relaxing)
 .debug_str     0x0007f5fb     0x48e5 hpl/sercom/hpl_sercom.o
                              0x7bc80 (size before relaxing)
 .debug_str     0x00083ee0     0x128f hpl/sysctrl/hpl_sysctrl.o
                              0x77159 (size before relaxing)
 .debug_str     0x0008516f       0xcd hpl/systick/hpl_systick.o
                              0x75d3d (size before relaxing)
 .debug_str     0x0008523c      0x9e7 main.o
                              0x7ac3e (size before relaxing)
 .debug_str     0x00085c23      0x330 pcf857x_driver/pcf857x_driver.o
                               0x82d2 (size before relaxing)
 .debug_str     0x00085f53      0x11c pcf857x_driver/pcf857x_driver_basic.o
                               0x8240 (size before relaxing)
 .debug_str     0x0008606f       0xda pcf857x_driver/pcf857x_driver_interface.o
                               0x7e75 (size before relaxing)

.debug_frame    0x00000000     0x28a4
 .debug_frame   0x00000000       0x28 atmel_start.o
 .debug_frame   0x00000028       0x40 Device_Startup/startup_samd21.o
 .debug_frame   0x00000068       0xc8 driver_init.o
 .debug_frame   0x00000130       0x68 hal/src/hal_delay.o
 .debug_frame   0x00000198      0x164 hal/src/hal_i2c_m_sync.o
 .debug_frame   0x000002fc       0x58 hal/src/hal_io.o
 .debug_frame   0x00000354      0x1f8 hal/src/hal_usart_sync.o
 .debug_frame   0x0000054c       0x20 hal/utils/src/utils_assert.o
 .debug_frame   0x0000056c       0xa8 hal/utils/src/utils_syscalls.o
 .debug_frame   0x00000614       0xd4 hpl/core/hpl_core_m0plus_base.o
 .debug_frame   0x000006e8       0x28 hpl/core/hpl_init.o
 .debug_frame   0x00000710       0x30 hpl/gclk/hpl_gclk.o
 .debug_frame   0x00000740       0x40 hpl/pm/hpl_pm.o
 .debug_frame   0x00000780      0xe9c hpl/sercom/hpl_sercom.o
 .debug_frame   0x0000161c       0x30 hpl/sysctrl/hpl_sysctrl.o
 .debug_frame   0x0000164c       0x78 hpl/systick/hpl_systick.o
 .debug_frame   0x000016c4       0x90 main.o
 .debug_frame   0x00001754      0x1e4 pcf857x_driver/pcf857x_driver.o
 .debug_frame   0x00001938      0x118 pcf857x_driver/pcf857x_driver_basic.o
 .debug_frame   0x00001a50       0x9c pcf857x_driver/pcf857x_driver_interface.o
 .debug_frame   0x00001aec       0x20 c:/program files (x86)/atmel/studio/7.0/toolchain/arm/arm-gnu-toolchain/bin/../lib/gcc/arm-none-eabi/6.3.1/thumb/v6-m\libgcc.a(_udivsi3.o)
 .debug_frame   0x00001b0c       0x28 c:/program files (x86)/atmel/studio/7.0/toolchain/arm/arm-gnu-toolchain/bin/../lib/gcc/arm-none-eabi/6.3.1/thumb/v6-m\libgcc.a(_fixunssfsi.o)
 .debug_frame   0x00001b34       0x3c c:/program files (x86)/atmel/studio/7.0/toolchain/arm/arm-gnu-toolchain/bin/../lib/gcc/arm-none-eabi/6.3.1/thumb/v6-m\libgcc.a(_udivmoddi4.o)
 .debug_frame   0x00001b70       0x3c c:/program files (x86)/atmel/studio/7.0/toolchain/arm/arm-gnu-toolchain/bin/../lib/gcc/arm-none-eabi/6.3.1/thumb/v6-m\libgcc.a(divsf3.o)
 .debug_frame   0x00001bac       0x38 c:/program files (x86)/atmel/studio/7.0/toolchain/arm/arm-gnu-toolchain/bin/../lib/gcc/arm-none-eabi/6.3.1/thumb/v6-m\libgcc.a(subsf3.o)
 .debug_frame   0x00001be4       0x20 c:/program files (x86)/atmel/studio/7.0/toolchain/arm/arm-gnu-toolchain/bin/../lib/gcc/arm-none-eabi/6.3.1/thumb/v6-m\libgcc.a(fixsfsi.o)
 .debug_frame   0x00001c04       0x2c c:/program files (x86)/atmel/studio/7.0/toolchain/arm/arm-gnu-toolchain/bin/../lib/gcc/arm-none-eabi/6.3.1/thumb/v6-m\libgcc.a(floatsisf.o)
 .debug_frame   0x00001c30       0x3c c:/program files (x86)/atmel/studio/7.0/toolchain/arm/arm-gnu-toolchain/bin/../lib/gcc/arm-none-eabi/6.3.1/thumb/v6-m\libgcc.a(divdf3.o)
 .debug_frame   0x00001c6c       0x3c c:/program files (x86)/atmel/studio/7.0/toolchain/arm/arm-gnu-toolchain/bin/../lib/gcc/arm-none-eabi/6.3.1/thumb/v6-m\libgcc.a(muldf3.o)
 .debug_frame   0x00001ca8       0x38 c:/program files (x86)/atmel/studio/7.0/toolchain/arm/arm-gnu-toolchain/bin/../lib/gcc/arm-none-eabi/6.3.1/thumb/v6-m\libgcc.a(subdf3.o)
 .debug_frame   0x00001ce0       0x2c c:/program files (x86)/atmel/studio/7.0/toolchain/arm/arm-gnu-toolchain/bin/../lib/gcc/arm-none-eabi/6.3.1/thumb/v6-m\libgcc.a(fixdfsi.o)
 .debug_frame   0x00001d0c       0x2c c:/program files (x86)/atmel/studio/7.0/toolchain/arm/arm-gnu-toolchain/bin/../lib/gcc/arm-none-eabi/6.3.1/thumb/v6-m\libgcc.a(floatsidf.o)
 .debug_frame   0x00001d38       0x28 c:/program files (x86)/atmel/studio/7.0/toolchain/arm/arm-gnu-toolchain/bin/../lib/gcc/arm-none-eabi/6.3.1/thumb/v6-m\libgcc.a(floatunsidf.o)
 .debug_frame   0x00001d60       0x2c c:/program files (x86)/atmel/studio/7.0/toolchain/arm/arm-gnu-toolchain/bin/../lib/gcc/arm-none-eabi/6.3.1/thumb/v6-m\libgcc.a(extendsfdf2.o)
 .debug_frame   0x00001d8c       0x2c c:/program files (x86)/atmel/studio/7.0/toolchain/arm/arm-gnu-toolchain/bin/../lib/gcc/arm-none-eabi/6.3.1/thumb/v6-m\libgcc.a(eqsf2.o)
 .debug_frame   0x00001db8       0x30 c:/program files (x86)/atmel/studio/7.0/toolchain/arm/arm-gnu-toolchain/bin/../lib/gcc/arm-none-eabi/6.3.1/thumb/v6-m\libgcc.a(gesf2.o)
 .debug_frame   0x00001de8       0x30 c:/program files (x86)/atmel/studio/7.0/toolchain/arm/arm-gnu-toolchain/bin/../lib/gcc/arm-none-eabi/6.3.1/thumb/v6-m\libgcc.a(lesf2.o)
 .debug_frame   0x00001e18       0x38 c:/program files (x86)/atmel/studio/7.0/toolchain/arm/arm-gnu-toolchain/bin/../lib/gcc/arm-none-eabi/6.3.1/thumb/v6-m\libgcc.a(eqdf2.o)
 .debug_frame   0x00001e50       0x38 c:/program files (x86)/atmel/studio/7.0/toolchain/arm/arm-gnu-toolchain/bin/../lib/gcc/arm-none-eabi/6.3.1/thumb/v6-m\libgcc.a(gedf2.o)
 .debug_frame   0x00001e88       0x38 c:/program files (x86)/atmel/studio/7.0/toolchain/arm/arm-gnu-toolchain/bin/../lib/gcc/arm-none-eabi/6.3.1/thumb/v6-m\libgcc.a(ledf2.o)
 .debug_frame   0x00001ec0       0x2c c:/program files (x86)/atmel/studio/7.0/toolchain/arm/arm-gnu-toolchain/bin/../lib/gcc/arm-none-eabi/6.3.1/../../../../arm-none-eabi/lib/thumb/v6-m\libc.a(lib_a-init.o)
 .debug_frame   0x00001eec       0x30 c:/program files (x86)/atmel/studio/7.0/toolchain/arm/arm-gnu-toolchain/bin/../lib/gcc/arm-none-eabi/6.3.1/../../../../arm-none-eabi/lib/thumb/v6-m\libc.a(lib_a-memset.o)
 .debug_frame   0x00001f1c       0x28 c:/program files (x86)/atmel/studio/7.0/toolchain/arm/arm-gnu-toolchain/bin/../lib/gcc/arm-none-eabi/6.3.1/../../../../arm-none-eabi/lib/thumb/v6-m\libc.a(lib_a-strlen-stub.o)
 .debug_frame   0x00001f44       0x30 c:/program files (x86)/atmel/studio/7.0/toolchain/arm/arm-gnu-toolchain/bin/../lib/gcc/arm-none-eabi/6.3.1/../../../../arm-none-eabi/lib/thumb/v6-m\libc.a(lib_a-strncpy.o)
 .debug_frame   0x00001f74       0x48 c:/program files (x86)/atmel/studio/7.0/toolchain/arm/arm-gnu-toolchain/bin/../lib/gcc/arm-none-eabi/6.3.1/../../../../arm-none-eabi/lib/thumb/v6-m\libc.a(lib_a-vsnprintf.o)
 .debug_frame   0x00001fbc       0x54 c:/program files (x86)/atmel/studio/7.0/toolchain/arm/arm-gnu-toolchain/bin/../lib/gcc/arm-none-eabi/6.3.1/../../../../arm-none-eabi/lib/thumb/v6-m\libc.a(lib_a-__call_atexit.o)
 .debug_frame   0x00002010       0x28 c:/program files (x86)/atmel/studio/7.0/toolchain/arm/arm-gnu-toolchain/bin/../lib/gcc/arm-none-eabi/6.3.1/../../../../arm-none-eabi/lib/thumb/v6-m\libc.a(lib_a-atexit.o)
 .debug_frame   0x00002038       0x68 c:/program files (x86)/atmel/studio/7.0/toolchain/arm/arm-gnu-toolchain/bin/../lib/gcc/arm-none-eabi/6.3.1/../../../../arm-none-eabi/lib/thumb/v6-m\libc.a(lib_a-dtoa.o)
 .debug_frame   0x000020a0       0x2c c:/program files (x86)/atmel/studio/7.0/toolchain/arm/arm-gnu-toolchain/bin/../lib/gcc/arm-none-eabi/6.3.1/../../../../arm-none-eabi/lib/thumb/v6-m\libc.a(lib_a-fini.o)
 .debug_frame   0x000020cc       0x50 c:/program files (x86)/atmel/studio/7.0/toolchain/arm/arm-gnu-toolchain/bin/../lib/gcc/arm-none-eabi/6.3.1/../../../../arm-none-eabi/lib/thumb/v6-m\libc.a(lib_a-freer.o)
 .debug_frame   0x0000211c       0x40 c:/program files (x86)/atmel/studio/7.0/toolchain/arm/arm-gnu-toolchain/bin/../lib/gcc/arm-none-eabi/6.3.1/../../../../arm-none-eabi/lib/thumb/v6-m\libc.a(lib_a-localeconv.o)
 .debug_frame   0x0000215c       0xb0 c:/program files (x86)/atmel/studio/7.0/toolchain/arm/arm-gnu-toolchain/bin/../lib/gcc/arm-none-eabi/6.3.1/../../../../arm-none-eabi/lib/thumb/v6-m\libc.a(lib_a-lock.o)
 .debug_frame   0x0000220c       0x3c c:/program files (x86)/atmel/studio/7.0/toolchain/arm/arm-gnu-toolchain/bin/../lib/gcc/arm-none-eabi/6.3.1/../../../../arm-none-eabi/lib/thumb/v6-m\libc.a(lib_a-mallocr.o)
 .debug_frame   0x00002248       0x2c c:/program files (x86)/atmel/studio/7.0/toolchain/arm/arm-gnu-toolchain/bin/../lib/gcc/arm-none-eabi/6.3.1/../../../../arm-none-eabi/lib/thumb/v6-m\libc.a(lib_a-memchr-stub.o)
 .debug_frame   0x00002274       0x30 c:/program files (x86)/atmel/studio/7.0/toolchain/arm/arm-gnu-toolchain/bin/../lib/gcc/arm-none-eabi/6.3.1/../../../../arm-none-eabi/lib/thumb/v6-m\libc.a(lib_a-memcpy-stub.o)
 .debug_frame   0x000022a4       0x40 c:/program files (x86)/atmel/studio/7.0/toolchain/arm/arm-gnu-toolchain/bin/../lib/gcc/arm-none-eabi/6.3.1/../../../../arm-none-eabi/lib/thumb/v6-m\libc.a(lib_a-mlock.o)
 .debug_frame   0x000022e4      0x260 c:/program files (x86)/atmel/studio/7.0/toolchain/arm/arm-gnu-toolchain/bin/../lib/gcc/arm-none-eabi/6.3.1/../../../../arm-none-eabi/lib/thumb/v6-m\libc.a(lib_a-mprec.o)
 .debug_frame   0x00002544       0x2c c:/program files (x86)/atmel/studio/7.0/toolchain/arm/arm-gnu-toolchain/bin/../lib/gcc/arm-none-eabi/6.3.1/../../../../arm-none-eabi/lib/thumb/v6-m\libc.a(lib_a-sbrkr.o)